Archive member included to satisfy reference by file (symbol)

app/libapp.a(main.c.obj)      (--whole-archive)
app/libapp.a(adc.c.obj)       (--whole-archive)
app/libapp.a(confusion.c.obj)
                              (--whole-archive)
zephyr/libzephyr.a(heap.c.obj)
                              (--whole-archive)
zephyr/libzephyr.a(cbprintf_packaged.c.obj)
                              (--whole-archive)
zephyr/libzephyr.a(printk.c.obj)
                              (--whole-archive)
zephyr/libzephyr.a(sem.c.obj)
                              (--whole-archive)
zephyr/libzephyr.a(thread_entry.c.obj)
                              (--whole-archive)
zephyr/libzephyr.a(cbprintf_complete.c.obj)
                              (--whole-archive)
zephyr/libzephyr.a(cbprintf.c.obj)
                              (--whole-archive)
zephyr/libzephyr.a(assert.c.obj)
                              (--whole-archive)
zephyr/libzephyr.a(mpsc_pbuf.c.obj)
                              (--whole-archive)
zephyr/libzephyr.a(dec.c.obj)
                              (--whole-archive)
zephyr/libzephyr.a(hex.c.obj)
                              (--whole-archive)
zephyr/libzephyr.a(rb.c.obj)  (--whole-archive)
zephyr/libzephyr.a(timeutil.c.obj)
                              (--whole-archive)
zephyr/libzephyr.a(bitarray.c.obj)
                              (--whole-archive)
zephyr/libzephyr.a(onoff.c.obj)
                              (--whole-archive)
zephyr/libzephyr.a(notify.c.obj)
                              (--whole-archive)
zephyr/libzephyr.a(ring_buffer.c.obj)
                              (--whole-archive)
zephyr/libzephyr.a(last_section_id.c.obj)
                              (--whole-archive)
zephyr/libzephyr.a(configs.c.obj)
                              (--whole-archive)
zephyr/libzephyr.a(log_core.c.obj)
                              (--whole-archive)
zephyr/libzephyr.a(log_mgmt.c.obj)
                              (--whole-archive)
zephyr/libzephyr.a(log_cache.c.obj)
                              (--whole-archive)
zephyr/libzephyr.a(log_msg.c.obj)
                              (--whole-archive)
zephyr/libzephyr.a(log_output.c.obj)
                              (--whole-archive)
zephyr/libzephyr.a(log_backend_uart.c.obj)
                              (--whole-archive)
zephyr/libzephyr.a(mem_attr.c.obj)
                              (--whole-archive)
zephyr/libzephyr.a(tracing_none.c.obj)
                              (--whole-archive)
zephyr/libzephyr.a(banner.c.obj)
                              (--whole-archive)
zephyr/libzephyr.a(flash_map_partition_manager.c.obj)
                              (--whole-archive)
zephyr/arch/common/libarch__common.a(sw_isr_common.c.obj)
                              (--whole-archive)
zephyr/arch/arch/arm/core/libarch__arm__core.a(fatal.c.obj)
                              (--whole-archive)
zephyr/arch/arch/arm/core/libarch__arm__core.a(nmi.c.obj)
                              (--whole-archive)
zephyr/arch/arch/arm/core/libarch__arm__core.a(nmi_on_reset.S.obj)
                              (--whole-archive)
zephyr/arch/arch/arm/core/cortex_m/libarch__arm__core__cortex_m.a(exc_exit.c.obj)
                              (--whole-archive)
zephyr/arch/arch/arm/core/cortex_m/libarch__arm__core__cortex_m.a(fault.c.obj)
                              (--whole-archive)
zephyr/arch/arch/arm/core/cortex_m/libarch__arm__core__cortex_m.a(fault_s.S.obj)
                              (--whole-archive)
zephyr/arch/arch/arm/core/cortex_m/libarch__arm__core__cortex_m.a(fpu.c.obj)
                              (--whole-archive)
zephyr/arch/arch/arm/core/cortex_m/libarch__arm__core__cortex_m.a(reset.S.obj)
                              (--whole-archive)
zephyr/arch/arch/arm/core/cortex_m/libarch__arm__core__cortex_m.a(scb.c.obj)
                              (--whole-archive)
zephyr/arch/arch/arm/core/cortex_m/libarch__arm__core__cortex_m.a(thread_abort.c.obj)
                              (--whole-archive)
zephyr/arch/arch/arm/core/cortex_m/libarch__arm__core__cortex_m.a(vector_table.S.obj)
                              (--whole-archive)
zephyr/arch/arch/arm/core/cortex_m/libarch__arm__core__cortex_m.a(swap_helper.S.obj)
                              (--whole-archive)
zephyr/arch/arch/arm/core/cortex_m/libarch__arm__core__cortex_m.a(irq_manage.c.obj)
                              (--whole-archive)
zephyr/arch/arch/arm/core/cortex_m/libarch__arm__core__cortex_m.a(prep_c.c.obj)
                              (--whole-archive)
zephyr/arch/arch/arm/core/cortex_m/libarch__arm__core__cortex_m.a(thread.c.obj)
                              (--whole-archive)
zephyr/arch/arch/arm/core/cortex_m/libarch__arm__core__cortex_m.a(cpu_idle.c.obj)
                              (--whole-archive)
zephyr/arch/arch/arm/core/cortex_m/libarch__arm__core__cortex_m.a(irq_init.c.obj)
                              (--whole-archive)
zephyr/arch/arch/arm/core/cortex_m/libarch__arm__core__cortex_m.a(isr_wrapper.c.obj)
[...]
Memory Configuration

Name             Origin             Length             Attributes
FLASH            0x0000000000008000 0x00000000000f8000 xr
RAM              0x0000000020008000 0x0000000000068000 xw
IDT_LIST         0x00000000ffff7fff 0x0000000000008000 xw
*default*        0x0000000000000000 0xffffffffffffffff

Linker script and memory map

LOAD zephyr/CMakeFiles/zephyr_final.dir/misc/empty_file.c.obj
LOAD zephyr/CMakeFiles/zephyr_final.dir/isr_tables.c.obj
LOAD zephyr/CMakeFiles/offsets.dir/./arch/arm/core/offsets/offsets.c.obj
LOAD tfm/api_ns/interface/lib/s_veneers.o
LOAD app/libapp.a
LOAD zephyr/libzephyr.a
LOAD zephyr/arch/common/libarch__common.a
LOAD zephyr/arch/arch/arm/core/libarch__arm__core.a
LOAD zephyr/arch/arch/arm/core/cortex_m/libarch__arm__core__cortex_m.a
LOAD zephyr/arch/arch/arm/core/cortex_m/cmse/libarch__arm__core__cortex_m__cmse.a
LOAD zephyr/arch/arch/arm/core/mpu/libarch__arm__core__mpu.a
LOAD zephyr/lib/libc/newlib/liblib__libc__newlib.a
LOAD zephyr/lib/libc/common/liblib__libc__common.a
LOAD zephyr/soc/soc/nrf5340/libsoc__nordic.a
LOAD zephyr/drivers/adc/libdrivers__adc.a
LOAD zephyr/drivers/clock_control/libdrivers__clock_control.a
LOAD zephyr/drivers/console/libdrivers__console.a
LOAD zephyr/drivers/gpio/libdrivers__gpio.a
LOAD zephyr/drivers/pinctrl/libdrivers__pinctrl.a
LOAD zephyr/drivers/serial/libdrivers__serial.a
LOAD zephyr/drivers/timer/libdrivers__timer.a
LOAD modules/nrf/lib/dk_buttons_and_leds/lib..__nrf__lib__dk_buttons_and_leds.a
LOAD modules/nrf/subsys/nrf_security/src/zephyr/libmbedtls_zephyr.a
LOAD modules/nrf/modules/trusted-firmware-m/lib..__nrf__modules__trusted-firmware-m.a
LOAD modules/nrf/modules/trusted-firmware-m/libtfm_api_nrf.a
LOAD modules/trusted-firmware-m/libtfm_api.a
LOAD modules/hal_nordic/modules/hal_nordic/nrfx/libmodules__hal_nordic__nrfx.a
LOAD zephyr/kernel/libkernel.a
LOAD modules/nrf/subsys/nrf_security/src/libmbedcrypto.a
LOAD modules/nrf/subsys/nrf_security/src/libmbedcrypto_base.a
LOAD modules/nrf/subsys/nrf_security/src/libnrf_security_utils.a
LOAD zephyr/kernel/libkernel.a
LOAD C:/ncs/v3.1.1/nrfxlib/crypto/nrf_oberon/lib/cortex-m33/soft-float/liboberon_mbedtls_3.0.17.a
LOAD C:/ncs/v3.1.1/nrfxlib/crypto/nrf_oberon/lib/cortex-m33/soft-float/liboberon_3.0.17.a
LOAD C:/ncs/toolchains/c1a76fddb2/opt/zephyr-sdk/arm-zephyr-eabi/arm-zephyr-eabi/lib/thumb/v8-m.main/nofp\libc_nano.a
LOAD zephyr/arch/common/libisr_tables.a
LOAD C:/ncs/toolchains/c1a76fddb2/opt/zephyr-sdk/arm-zephyr-eabi/arm-zephyr-eabi/lib/thumb/v8-m.main/nofp\libm_nano.a
LOAD C:/ncs/toolchains/c1a76fddb2/opt/zephyr-sdk/arm-zephyr-eabi/arm-zephyr-eabi/lib/thumb/v8-m.main/nofp\libc_nano.a
LOAD c:/ncs/toolchains/c1a76fddb2/opt/zephyr-sdk/arm-zephyr-eabi/bin/../lib/gcc/arm-zephyr-eabi/12.2.0/thumb/v8-m.main/nofp\libgcc.a
LOAD C:/ncs/toolchains/c1a76fddb2/opt/zephyr-sdk/arm-zephyr-eabi/arm-zephyr-eabi/lib/thumb/v8-m.main/nofp\libc_nano.a
                0x0000000000000020                _region_min_align = 0x20

.rel.plt        0x0000000000008000        0x0
 *(SORT_BY_ALIGNMENT(.rel.plt))
                [!provide]                        PROVIDE (__rel_iplt_start = .)
 *(SORT_BY_ALIGNMENT(.rel.iplt))
 .rel.iplt      0x0000000000008000        0x0 zephyr/CMakeFiles/zephyr_final.dir/isr_tables.c.obj
                [!provide]                        PROVIDE (__rel_iplt_end = .)

.rela.plt       0x0000000000000000        0x0
 *(SORT_BY_ALIGNMENT(.rela.plt))
                [!provide]                        PROVIDE (__rela_iplt_start = .)
 *(SORT_BY_ALIGNMENT(.rela.iplt))
                [!provide]                        PROVIDE (__rela_iplt_end = .)

.rel.dyn
 *(SORT_BY_ALIGNMENT(.rel.*))

.rela.dyn
 *(SORT_BY_ALIGNMENT(.rela.*))

/DISCARD/
 *(SORT_BY_ALIGNMENT(.plt))

/DISCARD/
 *(SORT_BY_ALIGNMENT(.iplt))
                0x0000000000008000                __rom_region_start = 0x8000

rom_start       0x0000000000008000      0x154
                0x0000000000008000                __rom_start_address = .
 FILL mask 0x00
                0x0000000000008000                . = (. + (0x0 - (. - __rom_start_address)))
                0x0000000000008000                . = ALIGN (0x4)
                0x0000000000008000                . = ALIGN (0x80)
                0x0000000000008000                . = ALIGN (0x200)
                0x0000000000008000                _vector_start = .
 *(SORT_BY_ALIGNMENT(.exc_vector_table))
 *(SORT_BY_ALIGNMENT(.exc_vector_table.*))
 .exc_vector_table._vector_table_section
                0x0000000000008000       0x40 zephyr/arch/arch/arm/core/cortex_m/libarch__arm__core__cortex_m.a(vector_table.S.obj)
                0x0000000000008000                _vector_table
 *(SORT_BY_ALIGNMENT(.vectors))
                0x0000000000008154                _vector_end = .
                0x0000000000008040                . = ALIGN (0x4)
 *(SORT_BY_ALIGNMENT(.gnu.linkonce.irq_vector_table*))
 .gnu.linkonce.irq_vector_table
                0x0000000000008040      0x114 zephyr/CMakeFiles/zephyr_final.dir/isr_tables.c.obj
                0x0000000000008040                _irq_vector_table
                0x0000000000008154                _vector_end = .

text            0x0000000000008154     0x98d4
                0x0000000000008154                __text_region_start = .
 *(SORT_BY_ALIGNMENT(.text))
 .text          0x0000000000008154      0x378 c:/ncs/toolchains/c1a76fddb2/opt/zephyr-sdk/arm-zephyr-eabi/bin/../lib/gcc/arm-zephyr-eabi/12.2.0/thumb/v8-m.main/nofp\libgcc.a(_arm_addsubdf3.o)
                0x0000000000008154                __aeabi_drsub
                0x000000000000815c                __aeabi_dsub
                0x000000000000815c                __subdf3
                0x0000000000008160                __aeabi_dadd
                0x0000000000008160                __adddf3
                0x00000000000083d8                __floatunsidf
                0x00000000000083d8                __aeabi_ui2d
                0x00000000000083f8                __floatsidf
                0x00000000000083f8                __aeabi_i2d
                0x000000000000841c                __aeabi_f2d
                0x000000000000841c                __extendsfdf2
                0x0000000000008460                __floatundidf
                0x0000000000008460                __aeabi_ul2d
                0x0000000000008470                __floatdidf
                0x0000000000008470                __aeabi_l2d
 .text          0x00000000000084cc      0x424 c:/ncs/toolchains/c1a76fddb2/opt/zephyr-sdk/arm-zephyr-eabi/bin/../lib/gcc/arm-zephyr-eabi/12.2.0/thumb/v8-m.main/nofp\libgcc.a(_arm_muldivdf3.o)
                0x00000000000084cc                __aeabi_dmul
                0x00000000000084cc                __muldf3
                0x0000000000008720                __divdf3
                0x0000000000008720                __aeabi_ddiv
 .text          0x00000000000088f0      0x110 c:/ncs/toolchains/c1a76fddb2/opt/zephyr-sdk/arm-zephyr-eabi/bin/../lib/gcc/arm-zephyr-eabi/12.2.0/thumb/v8-m.main/nofp\libgcc.a(_arm_cmpdf2.o)
                0x00000000000088f0                __gtdf2
                0x00000000000088f0                __gedf2
                0x00000000000088f8                __ltdf2
                0x00000000000088f8                __ledf2
                0x0000000000008900                __nedf2
                0x0000000000008900                __eqdf2
                0x0000000000008900                __cmpdf2
                0x000000000000897c                __aeabi_cdrcmple
                0x000000000000898c                __aeabi_cdcmpeq
                0x000000000000898c                __aeabi_cdcmple
                0x000000000000899c                __aeabi_dcmpeq
                0x00000000000089b0                __aeabi_dcmplt
                0x00000000000089c4                __aeabi_dcmple
                0x00000000000089d8                __aeabi_dcmpge
                0x00000000000089ec                __aeabi_dcmpgt
 .text          0x0000000000008a00       0x2c c:/ncs/toolchains/c1a76fddb2/opt/zephyr-sdk/arm-zephyr-eabi/bin/../lib/gcc/arm-zephyr-eabi/12.2.0/thumb/v8-m.main/nofp\libgcc.a(_arm_unorddf2.o)
                0x0000000000008a00                __unorddf2
                0x0000000000008a00                __aeabi_dcmpun
 .text          0x0000000000008a2c       0x50 c:/ncs/toolchains/c1a76fddb2/opt/zephyr-sdk/arm-zephyr-eabi/bin/../lib/gcc/arm-zephyr-eabi/12.2.0/thumb/v8-m.main/nofp\libgcc.a(_arm_fixdfsi.o)
                0x0000000000008a2c                __aeabi_d2iz
                0x0000000000008a2c                __fixdfsi
 .text          0x0000000000008a7c       0x30 c:/ncs/toolchains/c1a76fddb2/opt/zephyr-sdk/arm-zephyr-eabi/bin/../lib/gcc/arm-zephyr-eabi/12.2.0/thumb/v8-m.main/nofp\libgcc.a(_aeabi_uldivmod.o)
                0x0000000000008a7c                __aeabi_uldivmod
 .text          0x0000000000008aac        0x4 c:/ncs/toolchains/c1a76fddb2/opt/zephyr-sdk/arm-zephyr-eabi/bin/../lib/gcc/arm-zephyr-eabi/12.2.0/thumb/v8-m.main/nofp\libgcc.a(_dvmd_tls.o)
                0x0000000000008aac                __aeabi_idiv0
                0x0000000000008aac                __aeabi_ldiv0
 .text          0x0000000000008ab0       0x10 C:/ncs/toolchains/c1a76fddb2/opt/zephyr-sdk/arm-zephyr-eabi/arm-zephyr-eabi/lib/thumb/v8-m.main/nofp\libc_nano.a(lib_a-strlen.o)
                0x0000000000008ab0                strlen
 .text          0x0000000000008ac0      0x29c c:/ncs/toolchains/c1a76fddb2/opt/zephyr-sdk/arm-zephyr-eabi/bin/../lib/gcc/arm-zephyr-eabi/12.2.0/thumb/v8-m.main/nofp\libgcc.a(_udivmoddi4.o)
                0x0000000000008ac0                __udivmoddi4
 *(SORT_BY_ALIGNMENT(.text.*))
 .text.button_changed
                0x0000000000008d5c      0x104 app/libapp.a(main.c.obj)
 .text.main     0x0000000000008e60       0x98 app/libapp.a(main.c.obj)
                0x0000000000008e60                main
 .text.initializeADC
                0x0000000000008ef8       0x5c app/libapp.a(adc.c.obj)
                0x0000000000008ef8                initializeADC
 .text.readADCValue
                0x0000000000008f54      0x10c app/libapp.a(adc.c.obj)
                0x0000000000008f54                readADCValue
 .text.printConfusionMatrix
                0x0000000000009060       0x4c app/libapp.a(confusion.c.obj)
                0x0000000000009060                printConfusionMatrix
 .text.calculateDistanceToAllCentrePointsAndSelectWinner
                0x00000000000090ac       0xcc app/libapp.a(confusion.c.obj)
                0x00000000000090ac                calculateDistanceToAllCentrePointsAndSelectWinner
 .text.makeOneClassificationAndUpdateConfusionMatrix
                0x0000000000009178       0x34 app/libapp.a(confusion.c.obj)
                0x0000000000009178                makeOneClassificationAndUpdateConfusionMatrix
 .text.resetConfusionMatrix
                0x00000000000091ac       0x24 app/libapp.a(confusion.c.obj)
                0x00000000000091ac                resetConfusionMatrix
 .text.cbvprintf_package
                0x00000000000091d0      0x3a4 zephyr/libzephyr.a(cbprintf_packaged.c.obj)
                0x00000000000091d0                cbvprintf_package
 .text.cbprintf_package_convert
                0x0000000000009574      0x3cc zephyr/libzephyr.a(cbprintf_packaged.c.obj)
                0x0000000000009574                cbprintf_package_convert
 .text.__printk_hook_install
                0x0000000000009940        0xc zephyr/libzephyr.a(printk.c.obj)
                0x0000000000009940                __printk_hook_install
 .text.vsnprintk
                0x000000000000994c       0x2c zephyr/libzephyr.a(printk.c.obj)
                0x000000000000994c                vsnprintk
 .text.extract_decimal
                0x0000000000009978       0x2c zephyr/libzephyr.a(cbprintf_complete.c.obj)
 .text.encode_uint
                0x00000000000099a4       0x9c zephyr/libzephyr.a(cbprintf_complete.c.obj)
 .text.z_cbvprintf_impl
                0x0000000000009a40      0x768 zephyr/libzephyr.a(cbprintf_complete.c.obj)
                0x0000000000009a40                z_cbvprintf_impl
 .text.process_event
                0x000000000000a1a8      0x21c zephyr/libzephyr.a(onoff.c.obj)
 .text.activate_foreach_backend
                0x000000000000a3c4       0x64 zephyr/libzephyr.a(log_core.c.obj)
 .text.enable_logger
                0x000000000000a428       0x5c zephyr/libzephyr.a(log_core.c.obj)
 .text.log_process_thread_timer_expiry_fn
                0x000000000000a484        0xc zephyr/libzephyr.a(log_core.c.obj)
 .text.z_log_init
                0x000000000000a490       0x98 zephyr/libzephyr.a(log_core.c.obj)
 .text.log_format_func_t_get
                0x000000000000a528        0xc zephyr/libzephyr.a(log_core.c.obj)
                0x000000000000a528                log_format_func_t_get
 .text.log_set_timestamp_func
                0x000000000000a534       0x20 zephyr/libzephyr.a(log_core.c.obj)
                0x000000000000a534                log_set_timestamp_func
 .text.z_log_notify_backend_enabled
                0x000000000000a554       0x1c zephyr/libzephyr.a(log_core.c.obj)
                0x000000000000a554                z_log_notify_backend_enabled
 .text.z_log_dropped
                0x000000000000a570       0x3c zephyr/libzephyr.a(log_core.c.obj)
                0x000000000000a570                z_log_dropped
 .text.z_log_dropped_read_and_clear
                0x000000000000a5ac       0x18 zephyr/libzephyr.a(log_core.c.obj)
                0x000000000000a5ac                z_log_dropped_read_and_clear
 .text.dropped_notify
                0x000000000000a5c4       0x30 zephyr/libzephyr.a(log_core.c.obj)
                0x000000000000a5c4                dropped_notify
 .text.z_log_msg_init
                0x000000000000a5f4       0x20 zephyr/libzephyr.a(log_core.c.obj)
                0x000000000000a5f4                z_log_msg_init
 .text.log_core_init
                0x000000000000a614       0x50 zephyr/libzephyr.a(log_core.c.obj)
                0x000000000000a614                log_core_init
 .text.z_log_msg_alloc
                0x000000000000a664       0x10 zephyr/libzephyr.a(log_core.c.obj)
                0x000000000000a664                z_log_msg_alloc
 .text.z_log_msg_local_claim
                0x000000000000a674        0xc zephyr/libzephyr.a(log_core.c.obj)
                0x000000000000a674                z_log_msg_local_claim
 .text.z_log_msg_free
                0x000000000000a680       0x10 zephyr/libzephyr.a(log_core.c.obj)
                0x000000000000a680                z_log_msg_free
 .text.z_log_msg_pending
                0x000000000000a690        0xc zephyr/libzephyr.a(log_core.c.obj)
                0x000000000000a690                z_log_msg_pending
 .text.z_impl_log_process
                0x000000000000a69c       0xb8 zephyr/libzephyr.a(log_core.c.obj)
                0x000000000000a69c                z_impl_log_process
 .text.z_impl_log_panic
                0x000000000000a754       0x44 zephyr/libzephyr.a(log_core.c.obj)
                0x000000000000a754                z_impl_log_panic
 .text.log_process_thread_func
                0x000000000000a798       0x9c zephyr/libzephyr.a(log_core.c.obj)
 .text.z_log_msg_post_finalize
                0x000000000000a834       0x78 zephyr/libzephyr.a(log_core.c.obj)
 .text.z_log_msg_commit
                0x000000000000a8ac       0x24 zephyr/libzephyr.a(log_core.c.obj)
                0x000000000000a8ac                z_log_msg_commit
 .text.log_source_name_get
                0x000000000000a8d0       0x1c zephyr/libzephyr.a(log_mgmt.c.obj)
                0x000000000000a8d0                log_source_name_get
 .text.z_impl_z_log_msg_static_create
                0x000000000000a8ec      0x108 zephyr/libzephyr.a(log_msg.c.obj)
                0x000000000000a8ec                z_impl_z_log_msg_static_create
 .text.z_log_msg_runtime_vcreate
                0x000000000000a9f4       0xa0 zephyr/libzephyr.a(log_msg.c.obj)
                0x000000000000a9f4                z_log_msg_runtime_vcreate
 .text.log_msg_get_source_id
                0x000000000000aa94       0x18 zephyr/libzephyr.a(log_msg.c.obj)
                0x000000000000aa94                log_msg_get_source_id
 .text.print_formatted
                0x000000000000aaac       0x24 zephyr/libzephyr.a(log_output.c.obj)
 .text.newline_print
                0x000000000000aad0       0x1c zephyr/libzephyr.a(log_output.c.obj)
 .text.log_output_process
                0x000000000000aaec      0x2dc zephyr/libzephyr.a(log_output.c.obj)
                0x000000000000aaec                log_output_process
 .text.log_output_dropped_process
                0x000000000000adc8       0x58 zephyr/libzephyr.a(log_output.c.obj)
                0x000000000000adc8                log_output_dropped_process
 .text.log_output_timestamp_freq_set
                0x000000000000ae20       0x2c zephyr/libzephyr.a(log_output.c.obj)
                0x000000000000ae20                log_output_timestamp_freq_set
 .text.char_out
                0x000000000000ae4c       0x24 zephyr/libzephyr.a(log_backend_uart.c.obj)
 .text.mem_attr_get_regions
                0x000000000000ae70        0xc zephyr/libzephyr.a(mem_attr.c.obj)
                0x000000000000ae70                mem_attr_get_regions
 .text.boot_banner
                0x000000000000ae7c       0x1c zephyr/libzephyr.a(banner.c.obj)
                0x000000000000ae7c                boot_banner
 .text.z_arm_fatal_error
                0x000000000000ae98       0xb8 zephyr/arch/arch/arm/core/libarch__arm__core.a(fatal.c.obj)
                0x000000000000ae98                z_arm_fatal_error
 .text.z_SysNmiOnReset
                0x000000000000af50        0x8 zephyr/arch/arch/arm/core/libarch__arm__core.a(nmi_on_reset.S.obj)
                0x000000000000af50                z_SysNmiOnReset
 .text._HandlerModeExit
                0x000000000000af58       0x20 zephyr/arch/arch/arm/core/cortex_m/libarch__arm__core__cortex_m.a(exc_exit.c.obj)
                0x000000000000af58                z_arm_int_exit
                0x000000000000af58                z_arm_exc_exit
 .text.mem_manage_fault.constprop.0
                0x000000000000af78       0xd0 zephyr/arch/arch/arm/core/cortex_m/libarch__arm__core__cortex_m.a(fault.c.obj)
 .text.usage_fault.constprop.0
                0x000000000000b048       0xbc zephyr/arch/arch/arm/core/cortex_m/libarch__arm__core__cortex_m.a(fault.c.obj)
 .text.bus_fault.constprop.0
                0x000000000000b104       0xd0 zephyr/arch/arch/arm/core/cortex_m/libarch__arm__core__cortex_m.a(fault.c.obj)
 .text.z_arm_fault
                0x000000000000b1d4      0x1e0 zephyr/arch/arch/arm/core/cortex_m/libarch__arm__core__cortex_m.a(fault.c.obj)
                0x000000000000b1d4                z_arm_fault
 .text.z_arm_fault_init
                0x000000000000b3b4       0x20 zephyr/arch/arch/arm/core/cortex_m/libarch__arm__core__cortex_m.a(fault.c.obj)
                0x000000000000b3b4                z_arm_fault_init
 .text.__fault  0x000000000000b3d4       0x14 zephyr/arch/arch/arm/core/cortex_m/libarch__arm__core__cortex_m.a(fault_s.S.obj)
                0x000000000000b3d4                z_arm_usage_fault
                0x000000000000b3d4                z_arm_mpu_fault
                0x000000000000b3d4                z_arm_exc_spurious
                0x000000000000b3d4                z_arm_debug_monitor
                0x000000000000b3d4                z_arm_hard_fault
                0x000000000000b3d4                z_arm_bus_fault
 .text._reset_section
                0x000000000000b3e8       0x60 zephyr/arch/arch/arm/core/cortex_m/libarch__arm__core__cortex_m.a(reset.S.obj)
                0x000000000000b3e8                __start
                0x000000000000b3e8                z_arm_reset
 .text.z_arm_clear_arm_mpu_config
                0x000000000000b448       0x24 zephyr/arch/arch/arm/core/cortex_m/libarch__arm__core__cortex_m.a(scb.c.obj)
                0x000000000000b448                z_arm_clear_arm_mpu_config
 .text.z_arm_init_arch_hw_at_boot
                0x000000000000b46c       0x4c zephyr/arch/arch/arm/core/cortex_m/libarch__arm__core__cortex_m.a(scb.c.obj)
                0x000000000000b46c                z_arm_init_arch_hw_at_boot
 .text.z_impl_k_thread_abort
                0x000000000000b4b8       0x2c zephyr/arch/arch/arm/core/cortex_m/libarch__arm__core__cortex_m.a(thread_abort.c.obj)
                0x000000000000b4b8                z_impl_k_thread_abort
 .text.z_arm_pendsv
                0x000000000000b4e4       0x60 zephyr/arch/arch/arm/core/cortex_m/libarch__arm__core__cortex_m.a(swap_helper.S.obj)
                0x000000000000b4e4                z_arm_pendsv
 .text.z_arm_svc
                0x000000000000b544       0x24 zephyr/arch/arch/arm/core/cortex_m/libarch__arm__core__cortex_m.a(swap_helper.S.obj)
                0x000000000000b544                z_arm_svc
 .text.arm_irq_enable
                0x000000000000b568       0x1c zephyr/arch/arch/arm/core/cortex_m/libarch__arm__core__cortex_m.a(irq_manage.c.obj)
                0x000000000000b568                arm_irq_enable
 .text.arm_irq_is_enabled
                0x000000000000b584       0x1c zephyr/arch/arch/arm/core/cortex_m/libarch__arm__core__cortex_m.a(irq_manage.c.obj)
                0x000000000000b584                arm_irq_is_enabled
 .text.arm_irq_priority_set
                0x000000000000b5a0       0x2c zephyr/arch/arch/arm/core/cortex_m/libarch__arm__core__cortex_m.a(irq_manage.c.obj)
                0x000000000000b5a0                arm_irq_priority_set
 .text.relocate_vector_table
                0x000000000000b5cc       0x1c zephyr/arch/arch/arm/core/cortex_m/libarch__arm__core__cortex_m.a(prep_c.c.obj)
                0x000000000000b5cc                relocate_vector_table
 .text.z_prep_c
                0x000000000000b5e8       0x28 zephyr/arch/arch/arm/core/cortex_m/libarch__arm__core__cortex_m.a(prep_c.c.obj)
                0x000000000000b5e8                z_prep_c
 .text.arch_new_thread
                0x000000000000b610       0x3c zephyr/arch/arch/arm/core/cortex_m/libarch__arm__core__cortex_m.a(thread.c.obj)
                0x000000000000b610                arch_new_thread
 .text.arch_switch_to_main_thread
                0x000000000000b64c       0x34 zephyr/arch/arch/arm/core/cortex_m/libarch__arm__core__cortex_m.a(thread.c.obj)
                0x000000000000b64c                arch_switch_to_main_thread
 .text.z_arm_cpu_idle_init
                0x000000000000b680        0xc zephyr/arch/arch/arm/core/cortex_m/libarch__arm__core__cortex_m.a(cpu_idle.c.obj)
                0x000000000000b680                z_arm_cpu_idle_init
 .text.z_arm_interrupt_init
                0x000000000000b68c       0x18 zephyr/arch/arch/arm/core/cortex_m/libarch__arm__core__cortex_m.a(irq_init.c.obj)
                0x000000000000b68c                z_arm_interrupt_init
 .text._isr_wrapper
                0x000000000000b6a4       0x24 zephyr/arch/arch/arm/core/cortex_m/libarch__arm__core__cortex_m.a(isr_wrapper.c.obj)
                0x000000000000b6a4                _isr_wrapper
 .text.z_arm_configure_static_mpu_regions
                0x000000000000b6c8       0x38 zephyr/arch/arch/arm/core/mpu/libarch__arm__core__mpu.a(arm_core_mpu.c.obj)
                0x000000000000b6c8                z_arm_configure_static_mpu_regions
 .text.region_init
                0x000000000000b700       0x34 zephyr/arch/arch/arm/core/mpu/libarch__arm__core__mpu.a(arm_mpu.c.obj)
 .text.region_allocate_and_init
                0x000000000000b734       0x38 zephyr/arch/arch/arm/core/mpu/libarch__arm__core__mpu.a(arm_mpu.c.obj)
 .text.mpu_configure_regions_and_partition.constprop.0
                0x000000000000b76c      0x164 zephyr/arch/arch/arm/core/mpu/libarch__arm__core__mpu.a(arm_mpu.c.obj)
 .text.arm_core_mpu_enable
                0x000000000000b8d0       0x18 zephyr/arch/arch/arm/core/mpu/libarch__arm__core__mpu.a(arm_mpu.c.obj)
                0x000000000000b8d0                arm_core_mpu_enable
 .text.arm_core_mpu_disable
                0x000000000000b8e8       0x14 zephyr/arch/arch/arm/core/mpu/libarch__arm__core__mpu.a(arm_mpu.c.obj)
                0x000000000000b8e8                arm_core_mpu_disable
 .text.arm_core_mpu_configure_static_mpu_regions
                0x000000000000b8fc       0x14 zephyr/arch/arch/arm/core/mpu/libarch__arm__core__mpu.a(arm_mpu.c.obj)
                0x000000000000b8fc                arm_core_mpu_configure_static_mpu_regions
 .text.arm_core_mpu_mark_areas_for_dynamic_regions
                0x000000000000b910       0xb8 zephyr/arch/arch/arm/core/mpu/libarch__arm__core__mpu.a(arm_mpu.c.obj)
                0x000000000000b910                arm_core_mpu_mark_areas_for_dynamic_regions
 .text.z_arm_mpu_init
                0x000000000000b9c8      0x11c zephyr/arch/arch/arm/core/mpu/libarch__arm__core__mpu.a(arm_mpu.c.obj)
                0x000000000000b9c8                z_arm_mpu_init
 .text.__stdout_hook_install
                0x000000000000bae4        0xc zephyr/lib/libc/newlib/liblib__libc__newlib.a(libc-hooks.c.obj)
                0x000000000000bae4                __stdout_hook_install
 .text.z_arm_on_enter_cpu_idle
                0x000000000000baf0       0x68 zephyr/soc/soc/nrf5340/libsoc__nordic.a(soc.c.obj)
                0x000000000000baf0                z_arm_on_enter_cpu_idle
 .text.soc_late_init_hook
                0x000000000000bb58       0x58 zephyr/soc/soc/nrf5340/libsoc__nordic.a(soc.c.obj)
                0x000000000000bb58                soc_late_init_hook
 .text.arch_busy_wait
                0x000000000000bbb0       0x24 zephyr/soc/soc/nrf5340/libsoc__nordic.a(soc.c.obj)
                0x000000000000bbb0                arch_busy_wait
 .text.onoff_stop
                0x000000000000bbd4       0x24 zephyr/soc/soc/nrf5340/libsoc__nordic.a(nrf53_cpunet_mgmt.c.obj)
 .text.onoff_start
                0x000000000000bbf8       0x70 zephyr/soc/soc/nrf5340/libsoc__nordic.a(nrf53_cpunet_mgmt.c.obj)
 .text.nrf53_cpunet_mgmt_init
                0x000000000000bc68       0x10 zephyr/soc/soc/nrf5340/libsoc__nordic.a(nrf53_cpunet_mgmt.c.obj)
                0x000000000000bc68                nrf53_cpunet_mgmt_init
 .text.adc_gain_invert
                0x000000000000bc78       0x2c zephyr/drivers/adc/libdrivers__adc.a(adc_common.c.obj)
                0x000000000000bc78                adc_gain_invert
 .text.adc_context_start_sampling.part.0.constprop.0
                0x000000000000bca4       0x3c zephyr/drivers/adc/libdrivers__adc.a(adc_nrfx_saadc.c.obj)
 .text.adc_context_start_sampling.constprop.0
                0x000000000000bce0       0x1c zephyr/drivers/adc/libdrivers__adc.a(adc_nrfx_saadc.c.obj)
 .text.adc_context_on_timer_expired
                0x000000000000bcfc       0x24 zephyr/drivers/adc/libdrivers__adc.a(adc_nrfx_saadc.c.obj)
 .text.init_saadc.part.0.isra.0
                0x000000000000bd20       0x3c zephyr/drivers/adc/libdrivers__adc.a(adc_nrfx_saadc.c.obj)
 .text.init_saadc
                0x000000000000bd5c       0x50 zephyr/drivers/adc/libdrivers__adc.a(adc_nrfx_saadc.c.obj)
 .text.event_handler
                0x000000000000bdac      0x17c zephyr/drivers/adc/libdrivers__adc.a(adc_nrfx_saadc.c.obj)
 .text.adc_nrfx_channel_setup
                0x000000000000bf28      0x190 zephyr/drivers/adc/libdrivers__adc.a(adc_nrfx_saadc.c.obj)
 .text.adc_nrfx_read
                0x000000000000c0b8      0x24c zephyr/drivers/adc/libdrivers__adc.a(adc_nrfx_saadc.c.obj)
 .text.onoff_stop
                0x000000000000c304       0x30 zephyr/drivers/clock_control/libdrivers__clock_control.a(clock_control_nrf.c.obj)
 .text.onoff_start
                0x000000000000c334       0x44 zephyr/drivers/clock_control/libdrivers__clock_control.a(clock_control_nrf.c.obj)
 .text.generic_hfclk_stop
                0x000000000000c378       0x34 zephyr/drivers/clock_control/libdrivers__clock_control.a(clock_control_nrf.c.obj)
 .text.clk_init
                0x000000000000c3ac       0x64 zephyr/drivers/clock_control/libdrivers__clock_control.a(clock_control_nrf.c.obj)
 .text.api_blocking_start
                0x000000000000c410       0x34 zephyr/drivers/clock_control/libdrivers__clock_control.a(clock_control_nrf.c.obj)
 .text.clkstarted_handle.constprop.0
                0x000000000000c444       0x4c zephyr/drivers/clock_control/libdrivers__clock_control.a(clock_control_nrf.c.obj)
 .text.generic_hfclk_start
                0x000000000000c490       0x7c zephyr/drivers/clock_control/libdrivers__clock_control.a(clock_control_nrf.c.obj)
 .text.clock_event_handler
                0x000000000000c50c       0x34 zephyr/drivers/clock_control/libdrivers__clock_control.a(clock_control_nrf.c.obj)
 .text.z_nrf_clock_control_lf_on
                0x000000000000c540       0xf4 zephyr/drivers/clock_control/libdrivers__clock_control.a(clock_control_nrf.c.obj)
                0x000000000000c540                z_nrf_clock_control_lf_on
 .text.uart_console_init
                0x000000000000c634       0x28 zephyr/drivers/console/libdrivers__console.a(uart_console.c.obj)
 .text.console_out
                0x000000000000c65c       0x28 zephyr/drivers/console/libdrivers__console.a(uart_console.c.obj)
 .text.gpio_nrfx_pin_interrupt_configure
                0x000000000000c684      0x120 zephyr/drivers/gpio/libdrivers__gpio.a(gpio_nrfx.c.obj)
 .text.nrfx_gpio_handler
                0x000000000000c7a4       0x4c zephyr/drivers/gpio/libdrivers__gpio.a(gpio_nrfx.c.obj)
 .text.gpio_nrfx_init
                0x000000000000c7f0       0x48 zephyr/drivers/gpio/libdrivers__gpio.a(gpio_nrfx.c.obj)
 .text.gpio_nrfx_pin_configure
                0x000000000000c838      0x18c zephyr/drivers/gpio/libdrivers__gpio.a(gpio_nrfx.c.obj)
 .text.nrf_gpio_pin_port_decode
                0x000000000000c9c4       0x24 zephyr/drivers/pinctrl/libdrivers__pinctrl.a(pinctrl_nrf.c.obj)
 .text.pinctrl_configure_pins
                0x000000000000c9e8      0x1a0 zephyr/drivers/pinctrl/libdrivers__pinctrl.a(pinctrl_nrf.c.obj)
                0x000000000000c9e8                pinctrl_configure_pins
 .text.uarte_nrfx_poll_out
                0x000000000000cb88       0xb4 zephyr/drivers/serial/libdrivers__serial.a(uart_nrfx_uarte.c.obj)
 .text.uarte_0_init
                0x000000000000cc3c      0x11c zephyr/drivers/serial/libdrivers__serial.a(uart_nrfx_uarte.c.obj)
 .text.compare_int_lock
                0x000000000000cd58       0x40 zephyr/drivers/timer/libdrivers__timer.a(nrf_rtc_timer.c.obj)
 .text.sys_clock_timeout_handler
                0x000000000000cd98       0x48 zephyr/drivers/timer/libdrivers__timer.a(nrf_rtc_timer.c.obj)
 .text.compare_int_unlock
                0x000000000000cde0       0x4c zephyr/drivers/timer/libdrivers__timer.a(nrf_rtc_timer.c.obj)
 .text.z_nrf_rtc_timer_read
                0x000000000000ce2c       0x44 zephyr/drivers/timer/libdrivers__timer.a(nrf_rtc_timer.c.obj)
                0x000000000000ce2c                z_nrf_rtc_timer_read
 .text.compare_set
                0x000000000000ce70      0x124 zephyr/drivers/timer/libdrivers__timer.a(nrf_rtc_timer.c.obj)
 .text.sys_clock_driver_init
                0x000000000000cf94       0x90 zephyr/drivers/timer/libdrivers__timer.a(nrf_rtc_timer.c.obj)
 .text.rtc_nrf_isr
                0x000000000000d024       0xd0 zephyr/drivers/timer/libdrivers__timer.a(nrf_rtc_timer.c.obj)
                0x000000000000d024                rtc_nrf_isr
 .text.sys_clock_set_timeout
                0x000000000000d0f4       0x5c zephyr/drivers/timer/libdrivers__timer.a(nrf_rtc_timer.c.obj)
                0x000000000000d0f4                sys_clock_set_timeout
 .text.sys_clock_elapsed
                0x000000000000d150       0x14 zephyr/drivers/timer/libdrivers__timer.a(nrf_rtc_timer.c.obj)
                0x000000000000d150                sys_clock_elapsed
 .text.dk_set_led.part.0
                0x000000000000d164       0x18 modules/nrf/lib/dk_buttons_and_leds/lib..__nrf__lib__dk_buttons_and_leds.a(dk_buttons_and_leds.c.obj)
 .text.get_buttons.part.0
                0x000000000000d17c       0x18 modules/nrf/lib/dk_buttons_and_leds/lib..__nrf__lib__dk_buttons_and_leds.a(dk_buttons_and_leds.c.obj)
 .text.get_buttons
                0x000000000000d194       0x5c modules/nrf/lib/dk_buttons_and_leds/lib..__nrf__lib__dk_buttons_and_leds.a(dk_buttons_and_leds.c.obj)
 .text.dk_set_leds_state.part.0
                0x000000000000d1f0       0x58 modules/nrf/lib/dk_buttons_and_leds/lib..__nrf__lib__dk_buttons_and_leds.a(dk_buttons_and_leds.c.obj)
 .text.callback_ctrl
                0x000000000000d248       0xa4 modules/nrf/lib/dk_buttons_and_leds/lib..__nrf__lib__dk_buttons_and_leds.a(dk_buttons_and_leds.c.obj)
 .text.button_pressed
                0x000000000000d2ec       0x6c modules/nrf/lib/dk_buttons_and_leds/lib..__nrf__lib__dk_buttons_and_leds.a(dk_buttons_and_leds.c.obj)
 .text.buttons_scan_fn
                0x000000000000d358      0x104 modules/nrf/lib/dk_buttons_and_leds/lib..__nrf__lib__dk_buttons_and_leds.a(dk_buttons_and_leds.c.obj)
 .text.dk_leds_init
                0x000000000000d45c       0x40 modules/nrf/lib/dk_buttons_and_leds/lib..__nrf__lib__dk_buttons_and_leds.a(dk_buttons_and_leds.c.obj)
                0x000000000000d45c                dk_leds_init
 .text.dk_read_buttons
                0x000000000000d49c       0x20 modules/nrf/lib/dk_buttons_and_leds/lib..__nrf__lib__dk_buttons_and_leds.a(dk_buttons_and_leds.c.obj)
                0x000000000000d49c                dk_read_buttons
 .text.dk_buttons_init
                0x000000000000d4bc      0x11c modules/nrf/lib/dk_buttons_and_leds/lib..__nrf__lib__dk_buttons_and_leds.a(dk_buttons_and_leds.c.obj)
                0x000000000000d4bc                dk_buttons_init
 .text.dk_set_led
                0x000000000000d5d8       0x3c modules/nrf/lib/dk_buttons_and_leds/lib..__nrf__lib__dk_buttons_and_leds.a(dk_buttons_and_leds.c.obj)
                0x000000000000d5d8                dk_set_led
 .text.ns_fault_init
                0x000000000000d614       0x30 modules/nrf/modules/trusted-firmware-m/lib..__nrf__modules__trusted-firmware-m.a(fault.c.obj)
 .text.arm_fault
                0x000000000000d644      0x24c modules/nrf/modules/trusted-firmware-m/lib..__nrf__modules__trusted-firmware-m.a(fault.c.obj)
                0x000000000000d644                arm_fault
 .text.tfm_ns_fault_handler_callback
                0x000000000000d890       0x48 modules/nrf/modules/trusted-firmware-m/lib..__nrf__modules__trusted-firmware-m.a(fault.c.obj)
                0x000000000000d890                tfm_ns_fault_handler_callback
 .text.tfm_ns_interface_dispatch
                0x000000000000d8d8       0x64 modules/trusted-firmware-m/libtfm_api.a(interface.c.obj)
                0x000000000000d8d8                tfm_ns_interface_dispatch
 .text.tfm_platform_ioctl
                0x000000000000d93c       0x4c modules/trusted-firmware-m/libtfm_api.a(tfm_platform_api.c.obj)
                0x000000000000d93c                tfm_platform_ioctl
 .text.psa_call
                0x000000000000d988       0x34 modules/trusted-firmware-m/libtfm_api.a(tfm_tz_psa_ns_api.c.obj)
                0x000000000000d988                psa_call
 .text.nrfx_flag32_alloc
                0x000000000000d9bc       0x40 modules/hal_nordic/modules/hal_nordic/nrfx/libmodules__hal_nordic__nrfx.a(nrfx_flag32_allocator.c.obj)
                0x000000000000d9bc                nrfx_flag32_alloc
 .text.nrfx_flag32_free
                0x000000000000d9fc       0x38 modules/hal_nordic/modules/hal_nordic/nrfx/libmodules__hal_nordic__nrfx.a(nrfx_flag32_allocator.c.obj)
                0x000000000000d9fc                nrfx_flag32_free
 .text.nrfx_gppi_channels_enable
                0x000000000000da34        0xc modules/hal_nordic/modules/hal_nordic/nrfx/libmodules__hal_nordic__nrfx.a(nrfx_gppi_dppi.c.obj)
                0x000000000000da34                nrfx_gppi_channels_enable
 .text.nrfx_gppi_channel_alloc
                0x000000000000da40        0xc modules/hal_nordic/modules/hal_nordic/nrfx/libmodules__hal_nordic__nrfx.a(nrfx_gppi_dppi.c.obj)
                0x000000000000da40                nrfx_gppi_channel_alloc
 .text.clock_stop
                0x000000000000da4c       0xfc modules/hal_nordic/modules/hal_nordic/nrfx/libmodules__hal_nordic__nrfx.a(nrfx_clock.c.obj)
 .text.nrfx_clock_init
                0x000000000000db48       0x20 modules/hal_nordic/modules/hal_nordic/nrfx/libmodules__hal_nordic__nrfx.a(nrfx_clock.c.obj)
                0x000000000000db48                nrfx_clock_init
 .text.nrfx_clock_enable
                0x000000000000db68       0x30 modules/hal_nordic/modules/hal_nordic/nrfx/libmodules__hal_nordic__nrfx.a(nrfx_clock.c.obj)
                0x000000000000db68                nrfx_clock_enable
 .text.nrfx_clock_start
                0x000000000000db98       0xd8 modules/hal_nordic/modules/hal_nordic/nrfx/libmodules__hal_nordic__nrfx.a(nrfx_clock.c.obj)
                0x000000000000db98                nrfx_clock_start
 .text.nrfx_power_clock_irq_handler
                0x000000000000dc70       0x74 modules/hal_nordic/modules/hal_nordic/nrfx/libmodules__hal_nordic__nrfx.a(nrfx_clock.c.obj)
                0x000000000000dc70                nrfx_power_clock_irq_handler
 .text.nrfx_dppi_channel_alloc
                0x000000000000dce4       0x10 modules/hal_nordic/modules/hal_nordic/nrfx/libmodules__hal_nordic__nrfx.a(nrfx_dppi.c.obj)
                0x000000000000dce4                nrfx_dppi_channel_alloc
 .text.nrf_gpio_pin_port_decode
                0x000000000000dcf4       0x24 modules/hal_nordic/modules/hal_nordic/nrfx/libmodules__hal_nordic__nrfx.a(nrfx_gpiote.c.obj)
 .text.get_pin_idx
                0x000000000000dd18       0x14 modules/hal_nordic/modules/hal_nordic/nrfx/libmodules__hal_nordic__nrfx.a(nrfx_gpiote.c.obj)
 .text.call_handler.constprop.0
                0x000000000000dd2c       0x40 modules/hal_nordic/modules/hal_nordic/nrfx/libmodules__hal_nordic__nrfx.a(nrfx_gpiote.c.obj)
 .text.pin_te_get.constprop.0
                0x000000000000dd6c       0x18 modules/hal_nordic/modules/hal_nordic/nrfx/libmodules__hal_nordic__nrfx.a(nrfx_gpiote.c.obj)
 .text.pin_is_output.constprop.0
                0x000000000000dd84       0x18 modules/hal_nordic/modules/hal_nordic/nrfx/libmodules__hal_nordic__nrfx.a(nrfx_gpiote.c.obj)
 .text.pin_in_use_by_te.constprop.0
                0x000000000000dd9c       0x18 modules/hal_nordic/modules/hal_nordic/nrfx/libmodules__hal_nordic__nrfx.a(nrfx_gpiote.c.obj)
 .text.latch_pending_read_and_check
                0x000000000000ddb4       0x3c modules/hal_nordic/modules/hal_nordic/nrfx/libmodules__hal_nordic__nrfx.a(nrfx_gpiote.c.obj)
 .text.release_handler.isra.0
                0x000000000000ddf0       0x58 modules/hal_nordic/modules/hal_nordic/nrfx/libmodules__hal_nordic__nrfx.a(nrfx_gpiote.c.obj)
 .text.__nrfy_internal_gpiote_events_process.constprop.0
                0x000000000000de48       0x64 modules/hal_nordic/modules/hal_nordic/nrfx/libmodules__hal_nordic__nrfx.a(nrfx_gpiote.c.obj)
 .text.pin_uninit
                0x000000000000deac       0x84 modules/hal_nordic/modules/hal_nordic/nrfx/libmodules__hal_nordic__nrfx.a(nrfx_gpiote.c.obj)
 .text.nrfx_gpiote_input_configure
                0x000000000000df30      0x180 modules/hal_nordic/modules/hal_nordic/nrfx/libmodules__hal_nordic__nrfx.a(nrfx_gpiote.c.obj)
                0x000000000000df30                nrfx_gpiote_input_configure
 .text.nrfx_gpiote_output_configure
                0x000000000000e0b0      0x104 modules/hal_nordic/modules/hal_nordic/nrfx/libmodules__hal_nordic__nrfx.a(nrfx_gpiote.c.obj)
                0x000000000000e0b0                nrfx_gpiote_output_configure
 .text.nrfx_gpiote_global_callback_set
                0x000000000000e1b4        0xc modules/hal_nordic/modules/hal_nordic/nrfx/libmodules__hal_nordic__nrfx.a(nrfx_gpiote.c.obj)
                0x000000000000e1b4                nrfx_gpiote_global_callback_set
 .text.nrfx_gpiote_channel_get
                0x000000000000e1c0       0x34 modules/hal_nordic/modules/hal_nordic/nrfx/libmodules__hal_nordic__nrfx.a(nrfx_gpiote.c.obj)
                0x000000000000e1c0                nrfx_gpiote_channel_get
 .text.nrfx_gpiote_init
                0x000000000000e1f4       0x48 modules/hal_nordic/modules/hal_nordic/nrfx/libmodules__hal_nordic__nrfx.a(nrfx_gpiote.c.obj)
                0x000000000000e1f4                nrfx_gpiote_init
 .text.nrfx_gpiote_init_check
                0x000000000000e23c       0x14 modules/hal_nordic/modules/hal_nordic/nrfx/libmodules__hal_nordic__nrfx.a(nrfx_gpiote.c.obj)
                0x000000000000e23c                nrfx_gpiote_init_check
 .text.nrfx_gpiote_channel_free
                0x000000000000e250       0x10 modules/hal_nordic/modules/hal_nordic/nrfx/libmodules__hal_nordic__nrfx.a(nrfx_gpiote.c.obj)
                0x000000000000e250                nrfx_gpiote_channel_free
 .text.nrfx_gpiote_channel_alloc
                0x000000000000e260       0x10 modules/hal_nordic/modules/hal_nordic/nrfx/libmodules__hal_nordic__nrfx.a(nrfx_gpiote.c.obj)
                0x000000000000e260                nrfx_gpiote_channel_alloc
 .text.nrfx_gpiote_trigger_enable
                0x000000000000e270       0xa8 modules/hal_nordic/modules/hal_nordic/nrfx/libmodules__hal_nordic__nrfx.a(nrfx_gpiote.c.obj)
                0x000000000000e270                nrfx_gpiote_trigger_enable
 .text.nrfx_gpiote_1_irq_handler
                0x000000000000e318      0x1a8 modules/hal_nordic/modules/hal_nordic/nrfx/libmodules__hal_nordic__nrfx.a(nrfx_gpiote.c.obj)
                0x000000000000e318                nrfx_gpiote_1_irq_handler
 .text.saadc_channel_count_get
                0x000000000000e4c0       0x38 modules/hal_nordic/modules/hal_nordic/nrfx/libmodules__hal_nordic__nrfx.a(nrfx_saadc.c.obj)
 .text.saadc_busy_check
                0x000000000000e4f8       0x1c modules/hal_nordic/modules/hal_nordic/nrfx/libmodules__hal_nordic__nrfx.a(nrfx_saadc.c.obj)
 .text.saadc_pre_calibration_state_restore
                0x000000000000e514       0x64 modules/hal_nordic/modules/hal_nordic/nrfx/libmodules__hal_nordic__nrfx.a(nrfx_saadc.c.obj)
 .text.saadc_channels_deconfig
                0x000000000000e578       0x3c modules/hal_nordic/modules/hal_nordic/nrfx/libmodules__hal_nordic__nrfx.a(nrfx_saadc.c.obj)
 .text.__nrfy_internal_saadc_events_process.constprop.0
                0x000000000000e5b4       0x8c modules/hal_nordic/modules/hal_nordic/nrfx/libmodules__hal_nordic__nrfx.a(nrfx_saadc.c.obj)
 .text.saadc_channel_config
                0x000000000000e640       0x7c modules/hal_nordic/modules/hal_nordic/nrfx/libmodules__hal_nordic__nrfx.a(nrfx_saadc.c.obj)
 .text.saadc_generic_mode_set
                0x000000000000e6bc       0xc0 modules/hal_nordic/modules/hal_nordic/nrfx/libmodules__hal_nordic__nrfx.a(nrfx_saadc.c.obj)
 .text.nrfx_saadc_init
                0x000000000000e77c       0x94 modules/hal_nordic/modules/hal_nordic/nrfx/libmodules__hal_nordic__nrfx.a(nrfx_saadc.c.obj)
                0x000000000000e77c                nrfx_saadc_init
 .text.nrfx_saadc_channel_config
                0x000000000000e810       0x20 modules/hal_nordic/modules/hal_nordic/nrfx/libmodules__hal_nordic__nrfx.a(nrfx_saadc.c.obj)
                0x000000000000e810                nrfx_saadc_channel_config
 .text.nrfx_saadc_channels_configured_get
                0x000000000000e830        0xc modules/hal_nordic/modules/hal_nordic/nrfx/libmodules__hal_nordic__nrfx.a(nrfx_saadc.c.obj)
                0x000000000000e830                nrfx_saadc_channels_configured_get
 .text.nrfx_saadc_simple_mode_set
                0x000000000000e83c       0x60 modules/hal_nordic/modules/hal_nordic/nrfx/libmodules__hal_nordic__nrfx.a(nrfx_saadc.c.obj)
                0x000000000000e83c                nrfx_saadc_simple_mode_set
 .text.nrfx_saadc_advanced_mode_set
                0x000000000000e89c       0xb4 modules/hal_nordic/modules/hal_nordic/nrfx/libmodules__hal_nordic__nrfx.a(nrfx_saadc.c.obj)
                0x000000000000e89c                nrfx_saadc_advanced_mode_set
 .text.nrfx_saadc_buffer_set
                0x000000000000e950       0x8c modules/hal_nordic/modules/hal_nordic/nrfx/libmodules__hal_nordic__nrfx.a(nrfx_saadc.c.obj)
                0x000000000000e950                nrfx_saadc_buffer_set
 .text.nrfx_saadc_mode_trigger
                0x000000000000e9dc      0x160 modules/hal_nordic/modules/hal_nordic/nrfx/libmodules__hal_nordic__nrfx.a(nrfx_saadc.c.obj)
                0x000000000000e9dc                nrfx_saadc_mode_trigger
 .text.nrfx_saadc_offset_calibrate
                0x000000000000eb3c       0xc8 modules/hal_nordic/modules/hal_nordic/nrfx/libmodules__hal_nordic__nrfx.a(nrfx_saadc.c.obj)
                0x000000000000eb3c                nrfx_saadc_offset_calibrate
 .text.nrfx_saadc_irq_handler
                0x000000000000ec04      0x1a0 modules/hal_nordic/modules/hal_nordic/nrfx/libmodules__hal_nordic__nrfx.a(nrfx_saadc.c.obj)
                0x000000000000ec04                nrfx_saadc_irq_handler
 .text.z_impl_z_errno
                0x000000000000eda4        0xc zephyr/kernel/libkernel.a(errno.c.obj)
                0x000000000000eda4                z_impl_z_errno
 .text.k_sys_fatal_error_handler
                0x000000000000edb0       0x20 zephyr/kernel/libkernel.a(fatal.c.obj)
                0x000000000000edb0                k_sys_fatal_error_handler
 .text.z_fatal_error
                0x000000000000edd0       0xe8 zephyr/kernel/libkernel.a(fatal.c.obj)
                0x000000000000edd0                z_fatal_error
 .text.z_sys_init_run_level
                0x000000000000eeb8       0x30 zephyr/kernel/libkernel.a(init.c.obj)
 .text.bg_thread_main
                0x000000000000eee8       0xc4 zephyr/kernel/libkernel.a(init.c.obj)
 .text.z_bss_zero
                0x000000000000efac       0x18 zephyr/kernel/libkernel.a(init.c.obj)
                0x000000000000efac                z_bss_zero
 .text.z_init_cpu
                0x000000000000efc4       0x68 zephyr/kernel/libkernel.a(init.c.obj)
                0x000000000000efc4                z_init_cpu
 .text.z_cstart
                0x000000000000f02c       0xd8 zephyr/kernel/libkernel.a(init.c.obj)
                0x000000000000f02c                z_cstart
 .text.z_impl_k_mutex_lock
                0x000000000000f104       0xf0 zephyr/kernel/libkernel.a(mutex.c.obj)
                0x000000000000f104                z_impl_k_mutex_lock
 .text.z_impl_k_mutex_unlock
                0x000000000000f1f4       0xa0 zephyr/kernel/libkernel.a(mutex.c.obj)
                0x000000000000f1f4                z_impl_k_mutex_unlock
 .text.z_impl_k_sem_give
                0x000000000000f294       0x68 zephyr/kernel/libkernel.a(sem.c.obj)
                0x000000000000f294                z_impl_k_sem_give
 .text.z_impl_k_sem_take
                0x000000000000f2fc       0x4c zephyr/kernel/libkernel.a(sem.c.obj)
                0x000000000000f2fc                z_impl_k_sem_take
 .text.work_queue_main
                0x000000000000f348      0x14c zephyr/kernel/libkernel.a(work.c.obj)
 .text.submit_to_queue_locked
                0x000000000000f494       0xb8 zephyr/kernel/libkernel.a(work.c.obj)
 .text.k_work_queue_start
                0x000000000000f54c       0x80 zephyr/kernel/libkernel.a(work.c.obj)
                0x000000000000f54c                k_work_queue_start
 .text.k_work_schedule_for_queue
                0x000000000000f5cc       0x54 zephyr/kernel/libkernel.a(work.c.obj)
                0x000000000000f5cc                k_work_schedule_for_queue
 .text.k_work_schedule
                0x000000000000f620        0xc zephyr/kernel/libkernel.a(work.c.obj)
                0x000000000000f620                k_work_schedule
 .text.k_work_reschedule_for_queue
                0x000000000000f62c       0x5c zephyr/kernel/libkernel.a(work.c.obj)
                0x000000000000f62c                k_work_reschedule_for_queue
 .text.k_work_reschedule
                0x000000000000f688        0xc zephyr/kernel/libkernel.a(work.c.obj)
                0x000000000000f688                k_work_reschedule
 .text.z_setup_new_thread
                0x000000000000f694       0x60 zephyr/kernel/libkernel.a(thread.c.obj)
                0x000000000000f694                z_setup_new_thread
 .text.z_impl_k_thread_create
                0x000000000000f6f4       0x58 zephyr/kernel/libkernel.a(thread.c.obj)
                0x000000000000f6f4                z_impl_k_thread_create
 .text.z_dummy_thread_init
                0x000000000000f74c       0x18 zephyr/kernel/libkernel.a(thread.c.obj)
                0x000000000000f74c                z_dummy_thread_init
 .text.z_swap_irqlock
                0x000000000000f764       0x30 zephyr/kernel/libkernel.a(sched.c.obj)
 .text.ready_thread
                0x000000000000f794       0x84 zephyr/kernel/libkernel.a(sched.c.obj)
 .text.unready_thread
                0x000000000000f818       0x54 zephyr/kernel/libkernel.a(sched.c.obj)
 .text.add_thread_timeout
                0x000000000000f86c       0x1c zephyr/kernel/libkernel.a(sched.c.obj)
 .text.move_thread_to_end_of_prio_q
                0x000000000000f888       0x90 zephyr/kernel/libkernel.a(sched.c.obj)
                0x000000000000f888                move_thread_to_end_of_prio_q
 .text.z_pend_curr
                0x000000000000f918       0x44 zephyr/kernel/libkernel.a(sched.c.obj)
                0x000000000000f918                z_pend_curr
 .text.z_thread_prio_set
                0x000000000000f95c       0xe4 zephyr/kernel/libkernel.a(sched.c.obj)
                0x000000000000f95c                z_thread_prio_set
 .text.z_reschedule
                0x000000000000fa40       0x24 zephyr/kernel/libkernel.a(sched.c.obj)
                0x000000000000fa40                z_reschedule
 .text.z_reschedule_irqlock
                0x000000000000fa64       0x28 zephyr/kernel/libkernel.a(sched.c.obj)
                0x000000000000fa64                z_reschedule_irqlock
 .text.k_sched_lock
                0x000000000000fa8c       0x28 zephyr/kernel/libkernel.a(sched.c.obj)
                0x000000000000fa8c                k_sched_lock
 .text.k_sched_unlock
                0x000000000000fab4       0x68 zephyr/kernel/libkernel.a(sched.c.obj)
                0x000000000000fab4                k_sched_unlock
 .text.z_sched_init
                0x000000000000fb1c       0x10 zephyr/kernel/libkernel.a(sched.c.obj)
                0x000000000000fb1c                z_sched_init
 .text.z_impl_k_yield
                0x000000000000fb2c       0x88 zephyr/kernel/libkernel.a(sched.c.obj)
                0x000000000000fb2c                z_impl_k_yield
 .text.z_tick_sleep
                0x000000000000fbb4       0x78 zephyr/kernel/libkernel.a(sched.c.obj)
 .text.z_impl_k_wakeup
                0x000000000000fc2c       0x48 zephyr/kernel/libkernel.a(sched.c.obj)
                0x000000000000fc2c                z_impl_k_wakeup
 .text.z_impl_k_sched_current_thread_query
                0x000000000000fc74        0xc zephyr/kernel/libkernel.a(sched.c.obj)
                0x000000000000fc74                z_impl_k_sched_current_thread_query
 .text.z_thread_abort
                0x000000000000fc80      0x138 zephyr/kernel/libkernel.a(sched.c.obj)
                0x000000000000fc80                z_thread_abort
 .text.z_sched_wait
                0x000000000000fdb8       0x24 zephyr/kernel/libkernel.a(sched.c.obj)
                0x000000000000fdb8                z_sched_wait
 .text.slice_timeout
                0x000000000000fddc       0x20 zephyr/kernel/libkernel.a(timeslicing.c.obj)
 .text.thread_is_sliceable
                0x000000000000fdfc       0x3c zephyr/kernel/libkernel.a(timeslicing.c.obj)
                0x000000000000fdfc                thread_is_sliceable
 .text.z_reset_time_slice
                0x000000000000fe38       0x50 zephyr/kernel/libkernel.a(timeslicing.c.obj)
                0x000000000000fe38                z_reset_time_slice
 .text.z_time_slice
                0x000000000000fe88       0x60 zephyr/kernel/libkernel.a(timeslicing.c.obj)
                0x000000000000fe88                z_time_slice
 .text.z_data_copy
                0x000000000000fee8       0x38 zephyr/kernel/libkernel.a(xip.c.obj)
                0x000000000000fee8                z_data_copy
 .text.first    0x000000000000ff20       0x10 zephyr/kernel/libkernel.a(timeout.c.obj)
 .text.elapsed  0x000000000000ff30       0x14 zephyr/kernel/libkernel.a(timeout.c.obj)
 .text.remove_timeout
                0x000000000000ff44       0x38 zephyr/kernel/libkernel.a(timeout.c.obj)
 .text.z_add_timeout
                0x000000000000ff7c      0x124 zephyr/kernel/libkernel.a(timeout.c.obj)
                0x000000000000ff7c                z_add_timeout
 .text.sys_clock_announce
                0x00000000000100a0       0xbc zephyr/kernel/libkernel.a(timeout.c.obj)
                0x00000000000100a0                sys_clock_announce
 .text.sys_clock_tick_get
                0x000000000001015c       0x30 zephyr/kernel/libkernel.a(timeout.c.obj)
                0x000000000001015c                sys_clock_tick_get
 .text.z_timer_expiration_handler
                0x000000000001018c       0xe0 zephyr/kernel/libkernel.a(timer.c.obj)
                0x000000000001018c                z_timer_expiration_handler
 .text.z_impl_k_timer_start
                0x000000000001026c       0x74 zephyr/kernel/libkernel.a(timer.c.obj)
                0x000000000001026c                z_impl_k_timer_start
 .text.k_sys_work_q_init
                0x00000000000102e0       0x2c zephyr/kernel/libkernel.a(system_work_q.c.obj)
 .text.sqrt     0x000000000001030c       0x58 C:/ncs/toolchains/c1a76fddb2/opt/zephyr-sdk/arm-zephyr-eabi/arm-zephyr-eabi/lib/thumb/v8-m.main/nofp\libm_nano.a(lib_a-w_sqrt.o)
                0x000000000001030c                sqrt
 .text.__ieee754_sqrt
                0x0000000000010364      0x170 C:/ncs/toolchains/c1a76fddb2/opt/zephyr-sdk/arm-zephyr-eabi/arm-zephyr-eabi/lib/thumb/v8-m.main/nofp\libm_nano.a(lib_a-e_sqrt.o)
                0x0000000000010364                __ieee754_sqrt
 .text._OffsetAbsSyms
                0x00000000000104d4        0x2 zephyr/CMakeFiles/offsets.dir/./arch/arm/core/offsets/offsets.c.obj
                0x00000000000104d4                _OffsetAbsSyms
 .text.cbpprintf_external
                0x00000000000104d6       0x62 zephyr/libzephyr.a(cbprintf_packaged.c.obj)
                0x00000000000104d6                cbpprintf_external
 .text.is_ptr   0x0000000000010538       0x4a zephyr/libzephyr.a(cbprintf_packaged.c.obj)
                0x0000000000010538                is_ptr
 .text.arch_printk_char_out
                0x0000000000010582        0x4 zephyr/libzephyr.a(printk.c.obj)
                0x0000000000010582                arch_printk_char_out
 .text.str_out  0x0000000000010586       0x24 zephyr/libzephyr.a(printk.c.obj)
 .text.printk   0x00000000000105aa       0x1a zephyr/libzephyr.a(printk.c.obj)
                0x00000000000105aa                printk
 .text.snprintk
                0x00000000000105c4       0x1a zephyr/libzephyr.a(printk.c.obj)
                0x00000000000105c4                snprintk
 .text.z_thread_entry
                0x00000000000105de       0x14 zephyr/libzephyr.a(thread_entry.c.obj)
                0x00000000000105de                z_thread_entry
 .text.outs     0x00000000000105f2       0x2e zephyr/libzephyr.a(cbprintf_complete.c.obj)
 .text.free_space
                0x0000000000010620       0x26 zephyr/libzephyr.a(mpsc_pbuf.c.obj)
 .text.get_usage
                0x0000000000010646       0x22 zephyr/libzephyr.a(mpsc_pbuf.c.obj)
 .text.idx_inc  0x0000000000010668       0x1c zephyr/libzephyr.a(mpsc_pbuf.c.obj)
 .text.rd_idx_inc
                0x0000000000010684       0x18 zephyr/libzephyr.a(mpsc_pbuf.c.obj)
 .text.add_skip_item
                0x000000000001069c       0x3e zephyr/libzephyr.a(mpsc_pbuf.c.obj)
 .text.drop_item_locked
                0x00000000000106da      0x100 zephyr/libzephyr.a(mpsc_pbuf.c.obj)
 .text.post_drop_action
                0x00000000000107da       0x36 zephyr/libzephyr.a(mpsc_pbuf.c.obj)
 .text.max_utilization_update
                0x0000000000010810       0x1a zephyr/libzephyr.a(mpsc_pbuf.c.obj)
 .text.mpsc_pbuf_init
                0x000000000001082a       0x42 zephyr/libzephyr.a(mpsc_pbuf.c.obj)
                0x000000000001082a                mpsc_pbuf_init
 .text.mpsc_pbuf_alloc
                0x000000000001086c       0xfe zephyr/libzephyr.a(mpsc_pbuf.c.obj)
                0x000000000001086c                mpsc_pbuf_alloc
 .text.mpsc_pbuf_commit
                0x000000000001096a       0x3e zephyr/libzephyr.a(mpsc_pbuf.c.obj)
                0x000000000001096a                mpsc_pbuf_commit
 .text.mpsc_pbuf_claim
                0x00000000000109a8       0xa8 zephyr/libzephyr.a(mpsc_pbuf.c.obj)
                0x00000000000109a8                mpsc_pbuf_claim
 .text.mpsc_pbuf_free
                0x0000000000010a50       0x76 zephyr/libzephyr.a(mpsc_pbuf.c.obj)
                0x0000000000010a50                mpsc_pbuf_free
 .text.mpsc_pbuf_is_pending
                0x0000000000010ac6       0x32 zephyr/libzephyr.a(mpsc_pbuf.c.obj)
                0x0000000000010ac6                mpsc_pbuf_is_pending
 .text.process_recheck
                0x0000000000010af8       0x38 zephyr/libzephyr.a(onoff.c.obj)
 .text.validate_args
                0x0000000000010b30       0x20 zephyr/libzephyr.a(onoff.c.obj)
 .text.notify_one
                0x0000000000010b50       0x2c zephyr/libzephyr.a(onoff.c.obj)
 .text.transition_complete
                0x0000000000010b7c       0x1a zephyr/libzephyr.a(onoff.c.obj)
 .text.onoff_manager_init
                0x0000000000010b96       0x26 zephyr/libzephyr.a(onoff.c.obj)
                0x0000000000010b96                onoff_manager_init
 .text.onoff_request
                0x0000000000010bbc       0xae zephyr/libzephyr.a(onoff.c.obj)
                0x0000000000010bbc                onoff_request
 .text.sys_notify_validate
                0x0000000000010c6a       0x22 zephyr/libzephyr.a(notify.c.obj)
                0x0000000000010c6a                sys_notify_validate
 .text.sys_notify_finalize
                0x0000000000010c8c       0x1a zephyr/libzephyr.a(notify.c.obj)
                0x0000000000010c8c                sys_notify_finalize
 .text._ConfigAbsSyms
                0x0000000000010ca6        0x2 zephyr/libzephyr.a(configs.c.obj)
                0x0000000000010ca6                _ConfigAbsSyms
 .text.log_msg_generic_get_wlen
                0x0000000000010ca8       0x20 zephyr/libzephyr.a(log_core.c.obj)
 .text.dummy_timestamp
                0x0000000000010cc8        0x4 zephyr/libzephyr.a(log_core.c.obj)
 .text.default_get_timestamp
                0x0000000000010ccc        0x4 zephyr/libzephyr.a(log_core.c.obj)
 .text.atomic_inc
                0x0000000000010cd0       0x12 zephyr/libzephyr.a(log_core.c.obj)
 .text.z_log_vprintk
                0x0000000000010ce2       0x1c zephyr/libzephyr.a(log_core.c.obj)
                0x0000000000010ce2                z_log_vprintk
 .text.z_log_notify_drop
                0x0000000000010cfe        0x6 zephyr/libzephyr.a(log_core.c.obj)
 .text.z_log_get_tag
                0x0000000000010d04        0x4 zephyr/libzephyr.a(log_core.c.obj)
                0x0000000000010d04                z_log_get_tag
 .text.log_backend_enable
                0x0000000000010d08       0x12 zephyr/libzephyr.a(log_mgmt.c.obj)
                0x0000000000010d08                log_backend_enable
 .text.z_cbprintf_cpy
                0x0000000000010d1a       0x2c zephyr/libzephyr.a(log_msg.c.obj)
 .text.z_log_msg_finalize
                0x0000000000010d46       0x32 zephyr/libzephyr.a(log_msg.c.obj)
                0x0000000000010d46                z_log_msg_finalize
 .text.z_log_msg_simple_create
                0x0000000000010d78       0x6e zephyr/libzephyr.a(log_msg.c.obj)
 .text.z_impl_z_log_msg_simple_create_0
                0x0000000000010de6       0x12 zephyr/libzephyr.a(log_msg.c.obj)
                0x0000000000010de6                z_impl_z_log_msg_simple_create_0
 .text.z_impl_z_log_msg_simple_create_1
                0x0000000000010df8       0x14 zephyr/libzephyr.a(log_msg.c.obj)
                0x0000000000010df8                z_impl_z_log_msg_simple_create_1
 .text.z_impl_z_log_msg_simple_create_2
                0x0000000000010e0c       0x18 zephyr/libzephyr.a(log_msg.c.obj)
                0x0000000000010e0c                z_impl_z_log_msg_simple_create_2
 .text.log_output_write
                0x0000000000010e24       0x1c zephyr/libzephyr.a(log_output.c.obj)
 .text.log_output_flush
                0x0000000000010e40       0x1a zephyr/libzephyr.a(log_output.c.obj)
 .text.cbvprintf
                0x0000000000010e5a        0xe zephyr/libzephyr.a(log_output.c.obj)
 .text.out_func
                0x0000000000010e68       0x2e zephyr/libzephyr.a(log_output.c.obj)
 .text.cr_out_func
                0x0000000000010e96       0x1c zephyr/libzephyr.a(log_output.c.obj)
 .text.log_output_msg_process
                0x0000000000010eb2       0x6a zephyr/libzephyr.a(log_output.c.obj)
                0x0000000000010eb2                log_output_msg_process
 .text.format_set
                0x0000000000010f1c        0xc zephyr/libzephyr.a(log_backend_uart.c.obj)
 .text.log_backend_uart_init
                0x0000000000010f28        0xc zephyr/libzephyr.a(log_backend_uart.c.obj)
 .text.panic    0x0000000000010f34       0x32 zephyr/libzephyr.a(log_backend_uart.c.obj)
 .text.dropped  0x0000000000010f66        0xa zephyr/libzephyr.a(log_backend_uart.c.obj)
 .text.process  0x0000000000010f70       0x1e zephyr/libzephyr.a(log_backend_uart.c.obj)
 .text.z_do_kernel_oops
                0x0000000000010f8e        0x8 zephyr/arch/arch/arm/core/libarch__arm__core.a(fatal.c.obj)
                0x0000000000010f8e                z_do_kernel_oops
 .text.z_arm_nmi
                0x0000000000010f96        0xe zephyr/arch/arch/arm/core/libarch__arm__core.a(nmi.c.obj)
                0x0000000000010f96                z_arm_nmi
 .text.z_log_msg_simple_create_0.constprop.0
                0x0000000000010fa4        0x8 zephyr/arch/arch/arm/core/cortex_m/libarch__arm__core__cortex_m.a(fault.c.obj)
 .text.z_arm_save_fp_context
                0x0000000000010fac        0x2 zephyr/arch/arch/arm/core/cortex_m/libarch__arm__core__cortex_m.a(fpu.c.obj)
                0x0000000000010fac                z_arm_save_fp_context
 .text.z_arm_restore_fp_context
                0x0000000000010fae        0x2 zephyr/arch/arch/arm/core/cortex_m/libarch__arm__core__cortex_m.a(fpu.c.obj)
                0x0000000000010fae                z_arm_restore_fp_context
 .text.z_irq_spurious
                0x0000000000010fb0        0x8 zephyr/arch/arch/arm/core/cortex_m/libarch__arm__core__cortex_m.a(irq_manage.c.obj)
                0x0000000000010fb0                z_irq_spurious
 .text.configure_builtin_stack_guard
                0x0000000000010fb8        0x8 zephyr/arch/arch/arm/core/cortex_m/libarch__arm__core__cortex_m.a(thread.c.obj)
                0x0000000000010fb8                configure_builtin_stack_guard
 .text.arch_irq_unlock_outlined
                0x0000000000010fc0        0xe zephyr/arch/arch/arm/core/cortex_m/libarch__arm__core__cortex_m.a(thread.c.obj)
                0x0000000000010fc0                arch_irq_unlock_outlined
 .text.arch_cpu_idle
                0x0000000000010fce       0x32 zephyr/arch/arch/arm/core/cortex_m/libarch__arm__core__cortex_m.a(cpu_idle.c.obj)
                0x0000000000010fce                arch_cpu_idle
 .text.arch_cpu_atomic_idle
                0x0000000000011000       0x38 zephyr/arch/arch/arm/core/cortex_m/libarch__arm__core__cortex_m.a(cpu_idle.c.obj)
                0x0000000000011000                arch_cpu_atomic_idle
 .text.arm_cmse_mpu_region_get
                0x0000000000011038       0x12 zephyr/arch/arch/arm/core/cortex_m/cmse/libarch__arm__core__cortex_m__cmse.a(arm_core_cmse.c.obj)
                0x0000000000011038                arm_cmse_mpu_region_get
 .text.mpu_configure_region
                0x000000000001104a       0x32 zephyr/arch/arch/arm/core/mpu/libarch__arm__core__mpu.a(arm_mpu.c.obj)
 .text._stdout_hook_default
                0x000000000001107c        0x6 zephyr/lib/libc/newlib/liblib__libc__newlib.a(libc-hooks.c.obj)
 .text.malloc_prepare
                0x0000000000011082        0x4 zephyr/lib/libc/newlib/liblib__libc__newlib.a(libc-hooks.c.obj)
 .text.__errno  0x0000000000011086        0x4 zephyr/lib/libc/newlib/liblib__libc__newlib.a(libc-hooks.c.obj)
                0x0000000000011086                __errno
 .text.soc_early_init_hook
                0x000000000001108a       0x1c zephyr/soc/soc/nrf5340/libsoc__nordic.a(soc.c.obj)
                0x000000000001108a                soc_early_init_hook
 .text.assign_pins
                0x00000000000110a6       0x28 zephyr/soc/soc/nrf5340/libsoc__nordic.a(nrf53_cpunet_mgmt.c.obj)
 .text.soc_secure_gpio_pin_mcu_select
                0x00000000000110ce        0xe zephyr/soc/soc/nrf5340/libsoc__nordic.a(soc_secure.c.obj)
                0x00000000000110ce                soc_secure_gpio_pin_mcu_select
 .text.k_sem_give
                0x00000000000110dc        0x4 zephyr/drivers/adc/libdrivers__adc.a(adc_nrfx_saadc.c.obj)
 .text.get_status
                0x00000000000110e0       0x12 zephyr/drivers/clock_control/libdrivers__clock_control.a(clock_control_nrf.c.obj)
 .text.stop     0x00000000000110f2       0x50 zephyr/drivers/clock_control/libdrivers__clock_control.a(clock_control_nrf.c.obj)
 .text.api_stop
                0x0000000000011142        0x6 zephyr/drivers/clock_control/libdrivers__clock_control.a(clock_control_nrf.c.obj)
 .text.async_start
                0x0000000000011148       0x5a zephyr/drivers/clock_control/libdrivers__clock_control.a(clock_control_nrf.c.obj)
 .text.api_start
                0x00000000000111a2        0xe zephyr/drivers/clock_control/libdrivers__clock_control.a(clock_control_nrf.c.obj)
 .text.onoff_started_callback
                0x00000000000111b0       0x12 zephyr/drivers/clock_control/libdrivers__clock_control.a(clock_control_nrf.c.obj)
 .text.hfclkaudio_start
                0x00000000000111c2        0x6 zephyr/drivers/clock_control/libdrivers__clock_control.a(clock_control_nrf.c.obj)
 .text.hfclk192m_start
                0x00000000000111c8        0x6 zephyr/drivers/clock_control/libdrivers__clock_control.a(clock_control_nrf.c.obj)
 .text.lfclk_start
                0x00000000000111ce        0x6 zephyr/drivers/clock_control/libdrivers__clock_control.a(clock_control_nrf.c.obj)
 .text.hfclkaudio_stop
                0x00000000000111d4        0x6 zephyr/drivers/clock_control/libdrivers__clock_control.a(clock_control_nrf.c.obj)
 .text.hfclk192m_stop
                0x00000000000111da        0x6 zephyr/drivers/clock_control/libdrivers__clock_control.a(clock_control_nrf.c.obj)
 .text.lfclk_stop
                0x00000000000111e0        0x6 zephyr/drivers/clock_control/libdrivers__clock_control.a(clock_control_nrf.c.obj)
 .text.blocking_start_callback
                0x00000000000111e6        0x6 zephyr/drivers/clock_control/libdrivers__clock_control.a(clock_control_nrf.c.obj)
 .text.gpio_nrfx_port_get_raw
                0x00000000000111ec        0xc zephyr/drivers/gpio/libdrivers__gpio.a(gpio_nrfx.c.obj)
 .text.gpio_nrfx_port_set_masked_raw
                0x00000000000111f8       0x14 zephyr/drivers/gpio/libdrivers__gpio.a(gpio_nrfx.c.obj)
 .text.gpio_nrfx_port_set_bits_raw
                0x000000000001120c        0xa zephyr/drivers/gpio/libdrivers__gpio.a(gpio_nrfx.c.obj)
 .text.gpio_nrfx_port_clear_bits_raw
                0x0000000000011216        0xa zephyr/drivers/gpio/libdrivers__gpio.a(gpio_nrfx.c.obj)
 .text.gpio_nrfx_port_toggle_bits
                0x0000000000011220       0x14 zephyr/drivers/gpio/libdrivers__gpio.a(gpio_nrfx.c.obj)
 .text.gpio_nrfx_manage_callback
                0x0000000000011234       0x52 zephyr/drivers/gpio/libdrivers__gpio.a(gpio_nrfx.c.obj)
 .text.pinctrl_lookup_state
                0x0000000000011286       0x26 zephyr/drivers/pinctrl/libdrivers__pinctrl.a(common.c.obj)
                0x0000000000011286                pinctrl_lookup_state
 .text.uarte_nrfx_err_check
                0x00000000000112ac        0xe zephyr/drivers/serial/libdrivers__serial.a(uart_nrfx_uarte.c.obj)
 .text.uarte_nrfx_poll_in
                0x00000000000112ba       0x26 zephyr/drivers/serial/libdrivers__serial.a(uart_nrfx_uarte.c.obj)
 .text.is_tx_ready.isra.0
                0x00000000000112e0       0x20 zephyr/drivers/serial/libdrivers__serial.a(uart_nrfx_uarte.c.obj)
 .text.uarte_nrfx_isr_int
                0x0000000000011300       0x42 zephyr/drivers/serial/libdrivers__serial.a(uart_nrfx_uarte.c.obj)
 .text.pinctrl_apply_state.isra.0
                0x0000000000011342       0x1e zephyr/drivers/serial/libdrivers__serial.a(uart_nrfx_uarte.c.obj)
 .text.event_clear
                0x0000000000011360       0x18 zephyr/drivers/timer/libdrivers__timer.a(nrf_rtc_timer.c.obj)
 .text.sys_clock_cycle_get_32
                0x0000000000011378        0x8 zephyr/drivers/timer/libdrivers__timer.a(nrf_rtc_timer.c.obj)
                0x0000000000011378                sys_clock_cycle_get_32
 .text.gpio_pin_configure_dt
                0x0000000000011380       0x2a modules/nrf/lib/dk_buttons_and_leds/lib..__nrf__lib__dk_buttons_and_leds.a(dk_buttons_and_leds.c.obj)
 .text.gpio_pin_set
                0x00000000000113aa       0x20 modules/nrf/lib/dk_buttons_and_leds/lib..__nrf__lib__dk_buttons_and_leds.a(dk_buttons_and_leds.c.obj)
 .text.z_log_msg_simple_create_0.constprop.0
                0x00000000000113ca        0x8 modules/nrf/lib/dk_buttons_and_leds/lib..__nrf__lib__dk_buttons_and_leds.a(dk_buttons_and_leds.c.obj)
 .text.dk_set_led_on
                0x00000000000113d2        0x6 modules/nrf/lib/dk_buttons_and_leds/lib..__nrf__lib__dk_buttons_and_leds.a(dk_buttons_and_leds.c.obj)
                0x00000000000113d2                dk_set_led_on
 .text.dk_set_led_off
                0x00000000000113d8        0x6 modules/nrf/lib/dk_buttons_and_leds/lib..__nrf__lib__dk_buttons_and_leds.a(dk_buttons_and_leds.c.obj)
                0x00000000000113d8                dk_set_led_off
 .text._psa_crypto_init
                0x00000000000113de       0x1e modules/nrf/subsys/nrf_security/src/zephyr/libmbedtls_zephyr.a(psa_crypto_init.c.obj)
 .text.z_log_msg_simple_create_0.constprop.0
                0x00000000000113fc        0x8 modules/nrf/modules/trusted-firmware-m/lib..__nrf__modules__trusted-firmware-m.a(fault.c.obj)
 .text.tfm_platform_ns_fault_set_handler
                0x0000000000011404       0x4e modules/nrf/modules/trusted-firmware-m/libtfm_api_nrf.a(tfm_ioctl_ns_api.c.obj)
                0x0000000000011404                tfm_platform_ns_fault_set_handler
 .text.ns_interface_init
                0x0000000000011452        0x4 modules/trusted-firmware-m/libtfm_api.a(interface.c.obj)
 .text.psa_crypto_init
                0x0000000000011456        0x4 modules/trusted-firmware-m/libtfm_api.a(tfm_crypto_api.c.obj)
                0x0000000000011456                psa_crypto_init
 .text.tfm_platform_gpio_pin_mcu_select
                0x000000000001145a       0x32 modules/trusted-firmware-m/libtfm_api.a(tfm_ioctl_core_ns_api.c.obj)
                0x000000000001145a                tfm_platform_gpio_pin_mcu_select
 .text.SystemInit
                0x000000000001148c        0x2 modules/hal_nordic/modules/hal_nordic/nrfx/libmodules__hal_nordic__nrfx.a(system_nrf5340_application.c.obj)
                0x000000000001148c                SystemInit
 .text.nrfx_isr
                0x000000000001148e        0x2 modules/hal_nordic/modules/hal_nordic/nrfx/libmodules__hal_nordic__nrfx.a(nrfx_glue.c.obj)
                0x000000000001148e                nrfx_isr
 .text.nrfx_busy_wait
                0x0000000000011490        0x4 modules/hal_nordic/modules/hal_nordic/nrfx/libmodules__hal_nordic__nrfx.a(nrfx_glue.c.obj)
                0x0000000000011490                nrfx_busy_wait
 .text.nrfx_gppi_event_endpoint_setup
                0x0000000000011494        0xa modules/hal_nordic/modules/hal_nordic/nrfx/libmodules__hal_nordic__nrfx.a(nrfx_gppi_dppi.c.obj)
                0x0000000000011494                nrfx_gppi_event_endpoint_setup
 .text.nrfx_gppi_task_endpoint_setup
                0x000000000001149e        0xa modules/hal_nordic/modules/hal_nordic/nrfx/libmodules__hal_nordic__nrfx.a(nrfx_gppi_dppi.c.obj)
                0x000000000001149e                nrfx_gppi_task_endpoint_setup
 .text.nrfx_gppi_channel_endpoints_setup
                0x00000000000114a8        0xe modules/hal_nordic/modules/hal_nordic/nrfx/libmodules__hal_nordic__nrfx.a(nrfx_gppi_dppi.c.obj)
                0x00000000000114a8                nrfx_gppi_channel_endpoints_setup
 .text.nrfx_clock_stop
                0x00000000000114b6        0x4 modules/hal_nordic/modules/hal_nordic/nrfx/libmodules__hal_nordic__nrfx.a(nrfx_clock.c.obj)
                0x00000000000114b6                nrfx_clock_stop
 .text.nrf_gpio_reconfigure
                0x00000000000114ba       0x92 modules/hal_nordic/modules/hal_nordic/nrfx/libmodules__hal_nordic__nrfx.a(nrfx_gpiote.c.obj)
 .text.nrf_gpio_cfg_sense_set
                0x000000000001154c       0x1e modules/hal_nordic/modules/hal_nordic/nrfx/libmodules__hal_nordic__nrfx.a(nrfx_gpiote.c.obj)
 .text.pin_trigger_disable
                0x000000000001156a       0x48 modules/hal_nordic/modules/hal_nordic/nrfx/libmodules__hal_nordic__nrfx.a(nrfx_gpiote.c.obj)
 .text.nrfx_gpiote_pin_uninit
                0x00000000000115b2        0x4 modules/hal_nordic/modules/hal_nordic/nrfx/libmodules__hal_nordic__nrfx.a(nrfx_gpiote.c.obj)
                0x00000000000115b2                nrfx_gpiote_pin_uninit
 .text.nrfx_gpiote_trigger_disable
                0x00000000000115b6        0x4 modules/hal_nordic/modules/hal_nordic/nrfx/libmodules__hal_nordic__nrfx.a(nrfx_gpiote.c.obj)
                0x00000000000115b6                nrfx_gpiote_trigger_disable
 .text.__nrfy_internal_saadc_event_handle.constprop.0
                0x00000000000115ba       0x2e modules/hal_nordic/modules/hal_nordic/nrfx/libmodules__hal_nordic__nrfx.a(nrfx_saadc.c.obj)
 .text.__nrfy_internal_saadc_buffer_latch.part.0.constprop.0
                0x00000000000115e8       0x10 modules/hal_nordic/modules/hal_nordic/nrfx/libmodules__hal_nordic__nrfx.a(nrfx_saadc.c.obj)
 .text.z_impl_k_busy_wait
                0x00000000000115f8        0x8 zephyr/kernel/libkernel.a(busy_wait.c.obj)
                0x00000000000115f8                z_impl_k_busy_wait
 .text.z_device_state_init
                0x0000000000011600        0x2 zephyr/kernel/libkernel.a(device.c.obj)
                0x0000000000011600                z_device_state_init
 .text.z_impl_device_is_ready
                0x0000000000011602       0x16 zephyr/kernel/libkernel.a(device.c.obj)
                0x0000000000011602                z_impl_device_is_ready
 .text.arch_system_halt
                0x0000000000011618       0x10 zephyr/kernel/libkernel.a(fatal.c.obj)
                0x0000000000011618                arch_system_halt
 .text.do_device_init
                0x0000000000011628       0x2e zephyr/kernel/libkernel.a(init.c.obj)
 .text.z_early_memset
                0x0000000000011656        0x4 zephyr/kernel/libkernel.a(init.c.obj)
                0x0000000000011656                z_early_memset
 .text.z_early_memcpy
                0x000000000001165a        0x4 zephyr/kernel/libkernel.a(init.c.obj)
                0x000000000001165a                z_early_memcpy
 .text.idle     0x000000000001165e       0x16 zephyr/kernel/libkernel.a(idle.c.obj)
                0x000000000001165e                idle
 .text.adjust_owner_prio.isra.0
                0x0000000000011674       0x10 zephyr/kernel/libkernel.a(mutex.c.obj)
 .text.z_impl_k_mutex_init
                0x0000000000011684        0xe zephyr/kernel/libkernel.a(mutex.c.obj)
                0x0000000000011684                z_impl_k_mutex_init
 .text.z_impl_k_sem_init
                0x0000000000011692       0x18 zephyr/kernel/libkernel.a(sem.c.obj)
                0x0000000000011692                z_impl_k_sem_init
 .text.flag_test_and_clear
                0x00000000000116aa       0x16 zephyr/kernel/libkernel.a(work.c.obj)
 .text.unschedule_locked
                0x00000000000116c0       0x1e zephyr/kernel/libkernel.a(work.c.obj)
 .text.notify_queue_locked.isra.0
                0x00000000000116de        0xe zephyr/kernel/libkernel.a(work.c.obj)
 .text.work_timeout
                0x00000000000116ec       0x3c zephyr/kernel/libkernel.a(work.c.obj)
 .text.k_work_init_delayable
                0x0000000000011728       0x18 zephyr/kernel/libkernel.a(work.c.obj)
                0x0000000000011728                k_work_init_delayable
 .text.k_is_in_isr
                0x0000000000011740        0xc zephyr/kernel/libkernel.a(thread.c.obj)
                0x0000000000011740                k_is_in_isr
 .text.z_impl_k_thread_name_set
                0x000000000001174c        0x6 zephyr/kernel/libkernel.a(thread.c.obj)
                0x000000000001174c                z_impl_k_thread_name_set
 .text.k_thread_name_get
                0x0000000000011752        0x4 zephyr/kernel/libkernel.a(thread.c.obj)
                0x0000000000011752                k_thread_name_get
 .text.sys_dlist_remove
                0x0000000000011756       0x10 zephyr/kernel/libkernel.a(sched.c.obj)
 .text.unpend_thread_no_timeout
                0x0000000000011766       0x14 zephyr/kernel/libkernel.a(sched.c.obj)
 .text.add_to_waitq_locked
                0x000000000001177a       0x50 zephyr/kernel/libkernel.a(sched.c.obj)
 .text.z_ready_thread
                0x00000000000117ca       0x1e zephyr/kernel/libkernel.a(sched.c.obj)
                0x00000000000117ca                z_ready_thread
 .text.z_unpend_thread_no_timeout
                0x00000000000117e8       0x22 zephyr/kernel/libkernel.a(sched.c.obj)
                0x00000000000117e8                z_unpend_thread_no_timeout
 .text.z_sched_wake_thread
                0x000000000001180a       0x3a zephyr/kernel/libkernel.a(sched.c.obj)
                0x000000000001180a                z_sched_wake_thread
 .text.z_thread_timeout
                0x0000000000011844        0x8 zephyr/kernel/libkernel.a(sched.c.obj)
                0x0000000000011844                z_thread_timeout
 .text.z_unpend1_no_timeout
                0x000000000001184c       0x2c zephyr/kernel/libkernel.a(sched.c.obj)
                0x000000000001184c                z_unpend1_no_timeout
 .text.z_impl_k_sleep
                0x0000000000011878       0x4e zephyr/kernel/libkernel.a(sched.c.obj)
                0x0000000000011878                z_impl_k_sleep
 .text.z_sched_wake
                0x00000000000118c6       0x44 zephyr/kernel/libkernel.a(sched.c.obj)
                0x00000000000118c6                z_sched_wake
 .text.next_timeout
                0x000000000001190a       0x2e zephyr/kernel/libkernel.a(timeout.c.obj)
 .text.z_abort_timeout
                0x0000000000011938       0x50 zephyr/kernel/libkernel.a(timeout.c.obj)
                0x0000000000011938                z_abort_timeout
 .text.sys_clock_tick_get_32
                0x0000000000011988        0x8 zephyr/kernel/libkernel.a(timeout.c.obj)
                0x0000000000011988                sys_clock_tick_get_32
 .text.z_impl_k_uptime_ticks
                0x0000000000011990        0x4 zephyr/kernel/libkernel.a(timeout.c.obj)
                0x0000000000011990                z_impl_k_uptime_ticks
 .text.k_timer_init
                0x0000000000011994       0x18 zephyr/kernel/libkernel.a(timer.c.obj)
                0x0000000000011994                k_timer_init
 .text.z_impl_k_timer_stop
                0x00000000000119ac       0x38 zephyr/kernel/libkernel.a(timer.c.obj)
                0x00000000000119ac                z_impl_k_timer_stop
 .text.memcpy   0x00000000000119e4       0x1a C:/ncs/toolchains/c1a76fddb2/opt/zephyr-sdk/arm-zephyr-eabi/arm-zephyr-eabi/lib/thumb/v8-m.main/nofp\libc_nano.a(lib_a-memcpy-stub.o)
                0x00000000000119e4                memcpy
 .text.memset   0x00000000000119fe       0x10 C:/ncs/toolchains/c1a76fddb2/opt/zephyr-sdk/arm-zephyr-eabi/arm-zephyr-eabi/lib/thumb/v8-m.main/nofp\libc_nano.a(lib_a-memset.o)
                0x00000000000119fe                memset
 .text.strnlen  0x0000000000011a0e       0x18 C:/ncs/toolchains/c1a76fddb2/opt/zephyr-sdk/arm-zephyr-eabi/arm-zephyr-eabi/lib/thumb/v8-m.main/nofp\libc_nano.a(lib_a-strnlen.o)
                0x0000000000011a0e                strnlen
 *(SORT_BY_ALIGNMENT(.TEXT.*))
 *(SORT_BY_ALIGNMENT(.gnu.linkonce.t.*))
 *(SORT_BY_ALIGNMENT(.glue_7t))
 .glue_7t       0x0000000000011a26        0x0 linker stubs
 *(SORT_BY_ALIGNMENT(.glue_7))
 .glue_7        0x0000000000011a26        0x0 linker stubs
 *(SORT_BY_ALIGNMENT(.vfp11_veneer))
 .vfp11_veneer  0x0000000000011a26        0x0 linker stubs
 *(SORT_BY_ALIGNMENT(.v4_bx))
 .v4_bx         0x0000000000011a26        0x0 linker stubs
                0x0000000000011a28                . = ALIGN (0x4)
 *fill*         0x0000000000011a26        0x2 
                0x0000000000011a28                __text_region_end = .

.ARM.exidx      0x0000000000011a28        0x8
                0x0000000000011a28                __exidx_start = .
 *(SORT_BY_ALIGNMENT(.ARM.exidx*) SORT_BY_ALIGNMENT(gnu.linkonce.armexidx.*))
 .ARM.exidx     0x0000000000011a28        0x8 c:/ncs/toolchains/c1a76fddb2/opt/zephyr-sdk/arm-zephyr-eabi/bin/../lib/gcc/arm-zephyr-eabi/12.2.0/thumb/v8-m.main/nofp\libgcc.a(_udivmoddi4.o)
                0x0000000000011a30                __exidx_end = .
                0x0000000000011a30                __rodata_region_start = .

initlevel       0x0000000000011a30       0x68
                0x0000000000011a30                __init_start = .
                0x0000000000011a30                __init_EARLY_start = .
 *(SORT_BY_NAME(SORT_BY_ALIGNMENT(.z_init_EARLY_P_?_*)))
 *(SORT_BY_NAME(SORT_BY_ALIGNMENT(.z_init_EARLY_P_??_*)))
 *(SORT_BY_NAME(SORT_BY_ALIGNMENT(.z_init_EARLY_P_???_*)))
                0x0000000000011a30                __init_PRE_KERNEL_1_start = .
 *(SORT_BY_NAME(SORT_BY_ALIGNMENT(.z_init_PRE_KERNEL_1_P_?_*)))
 .z_init_PRE_KERNEL_1_P_0_SUB_0_
                0x0000000000011a30        0x8 modules/nrf/modules/trusted-firmware-m/lib..__nrf__modules__trusted-firmware-m.a(fault.c.obj)
 *(SORT_BY_NAME(SORT_BY_ALIGNMENT(.z_init_PRE_KERNEL_1_P_??_*)))
 .z_init_PRE_KERNEL_1_P_30_SUB_00075_
                0x0000000000011a38        0x8 zephyr/drivers/clock_control/libdrivers__clock_control.a(clock_control_nrf.c.obj)
 .z_init_PRE_KERNEL_1_P_40_SUB_00015_
                0x0000000000011a40        0x8 zephyr/drivers/gpio/libdrivers__gpio.a(gpio_nrfx.c.obj)
 .z_init_PRE_KERNEL_1_P_40_SUB_00035_
                0x0000000000011a48        0x8 zephyr/drivers/gpio/libdrivers__gpio.a(gpio_nrfx.c.obj)
 .z_init_PRE_KERNEL_1_P_50_SUB_00112_
                0x0000000000011a50        0x8 zephyr/drivers/serial/libdrivers__serial.a(uart_nrfx_uarte.c.obj)
 .z_init_PRE_KERNEL_1_P_60_SUB_0_
                0x0000000000011a58        0x8 zephyr/drivers/console/libdrivers__console.a(uart_console.c.obj)
 *(SORT_BY_NAME(SORT_BY_ALIGNMENT(.z_init_PRE_KERNEL_1_P_???_*)))
                0x0000000000011a60                __init_PRE_KERNEL_2_start = .
 *(SORT_BY_NAME(SORT_BY_ALIGNMENT(.z_init_PRE_KERNEL_2_P_?_*)))
 .z_init_PRE_KERNEL_2_P_0_SUB_0_
                0x0000000000011a60        0x8 zephyr/drivers/timer/libdrivers__timer.a(nrf_rtc_timer.c.obj)
 *(SORT_BY_NAME(SORT_BY_ALIGNMENT(.z_init_PRE_KERNEL_2_P_??_*)))
 *(SORT_BY_NAME(SORT_BY_ALIGNMENT(.z_init_PRE_KERNEL_2_P_???_*)))
                0x0000000000011a68                __init_POST_KERNEL_start = .
 *(SORT_BY_NAME(SORT_BY_ALIGNMENT(.z_init_POST_KERNEL_P_?_*)))
 .z_init_POST_KERNEL_P_0_SUB_0_
                0x0000000000011a68        0x8 zephyr/libzephyr.a(log_core.c.obj)
 *(SORT_BY_NAME(SORT_BY_ALIGNMENT(.z_init_POST_KERNEL_P_??_*)))
 .z_init_POST_KERNEL_P_35_SUB_0_
                0x0000000000011a70        0x8 zephyr/lib/libc/newlib/liblib__libc__newlib.a(libc-hooks.c.obj)
 .z_init_POST_KERNEL_P_40_SUB_0_
                0x0000000000011a78        0x8 modules/trusted-firmware-m/libtfm_api.a(interface.c.obj)
 .z_init_POST_KERNEL_P_40_SUB_0_
                0x0000000000011a80        0x8 zephyr/kernel/libkernel.a(system_work_q.c.obj)
 .z_init_POST_KERNEL_P_50_SUB_00012_
                0x0000000000011a88        0x8 zephyr/drivers/adc/libdrivers__adc.a(adc_nrfx_saadc.c.obj)
 .z_init_POST_KERNEL_P_50_SUB_0_
                0x0000000000011a90        0x8 modules/nrf/subsys/nrf_security/src/zephyr/libmbedtls_zephyr.a(psa_crypto_init.c.obj)
 *(SORT_BY_NAME(SORT_BY_ALIGNMENT(.z_init_POST_KERNEL_P_???_*)))
                0x0000000000011a98                __init_APPLICATION_start = .
 *(SORT_BY_NAME(SORT_BY_ALIGNMENT(.z_init_APPLICATION_P_?_*)))
 *(SORT_BY_NAME(SORT_BY_ALIGNMENT(.z_init_APPLICATION_P_??_*)))
 *(SORT_BY_NAME(SORT_BY_ALIGNMENT(.z_init_APPLICATION_P_???_*)))
                0x0000000000011a98                __init_SMP_start = .
 *(SORT_BY_NAME(SORT_BY_ALIGNMENT(.z_init_SMP_P_?_*)))
 *(SORT_BY_NAME(SORT_BY_ALIGNMENT(.z_init_SMP_P_??_*)))
 *(SORT_BY_NAME(SORT_BY_ALIGNMENT(.z_init_SMP_P_???_*)))
                0x0000000000011a98                __init_end = .

device_area     0x0000000000011a98       0xa0
                0x0000000000011a98                _device_list_start = .
 *(SORT_BY_NAME(SORT_BY_ALIGNMENT(._device.static.*_?_*)))
 *(SORT_BY_NAME(SORT_BY_ALIGNMENT(._device.static.*_??_*)))
 ._device.static.1_30_
                0x0000000000011a98       0x20 zephyr/drivers/clock_control/libdrivers__clock_control.a(clock_control_nrf.c.obj)
                0x0000000000011a98                __device_dts_ord_75
 ._device.static.1_40_
                0x0000000000011ab8       0x40 zephyr/drivers/gpio/libdrivers__gpio.a(gpio_nrfx.c.obj)
                0x0000000000011ab8                __device_dts_ord_35
                0x0000000000011ad8                __device_dts_ord_15
 ._device.static.1_50_
                0x0000000000011af8       0x20 zephyr/drivers/serial/libdrivers__serial.a(uart_nrfx_uarte.c.obj)
                0x0000000000011af8                __device_dts_ord_112
 ._device.static.3_50_
                0x0000000000011b18       0x20 zephyr/drivers/adc/libdrivers__adc.a(adc_nrfx_saadc.c.obj)
                0x0000000000011b18                __device_dts_ord_12
 *(SORT_BY_NAME(SORT_BY_ALIGNMENT(._device.static.*_???_*)))
 *(SORT_BY_NAME(SORT_BY_ALIGNMENT(._device.static.*_????_*)))
 *(SORT_BY_NAME(SORT_BY_ALIGNMENT(._device.static.*_?????_*)))
                0x0000000000011b38                _device_list_end = .

sw_isr_table    0x0000000000011b38      0x228
                0x0000000000011b38                . = ALIGN (0x4)
 *(SORT_BY_ALIGNMENT(.gnu.linkonce.sw_isr_table*))
 .gnu.linkonce.sw_isr_table
                0x0000000000011b38      0x228 zephyr/CMakeFiles/zephyr_final.dir/isr_tables.c.obj
                0x0000000000011b38                _sw_isr_table

initlevel_error
                0x0000000000011a30        0x0
 *(SORT_BY_NAME(SORT_BY_ALIGNMENT(.z_init_*)))
                0x0000000000000001                ASSERT ((SIZEOF (initlevel_error) == 0x0), Undefined initialization levels used.)

app_shmem_regions
                0x0000000000011d60        0x0
                0x0000000000011d60                __app_shmem_regions_start = .
 *(SORT_BY_NAME(SORT_BY_ALIGNMENT(.app_regions.*)))
                0x0000000000011d60                __app_shmem_regions_end = .

k_p4wq_initparam_area
                0x0000000000011d60        0x0
                0x0000000000011d60                _k_p4wq_initparam_list_start = .
 *(SORT_BY_NAME(SORT_BY_ALIGNMENT(._k_p4wq_initparam.static.*)))
                0x0000000000011d60                _k_p4wq_initparam_list_end = .

_static_thread_data_area
                0x0000000000011d60        0x0
                0x0000000000011d60                __static_thread_data_list_start = .
 *(SORT_BY_NAME(SORT_BY_ALIGNMENT(.__static_thread_data.static.*)))
                0x0000000000011d60                __static_thread_data_list_end = .

device_deps     0x0000000000011d60        0x0
                0x0000000000011d60                __device_deps_start = .
 *(SORT_BY_NAME(SORT_BY_ALIGNMENT(.__device_deps_pass2*)))
                0x0000000000011d60                __device_deps_end = .

adc_driver_api_area
                0x0000000000011d60        0xc
                0x0000000000011d60                _adc_driver_api_list_start = .
 *(SORT_BY_NAME(SORT_BY_ALIGNMENT(._adc_driver_api.static.*)))
 ._adc_driver_api.static.adc_nrfx_driver_api_
                0x0000000000011d60        0xc zephyr/drivers/adc/libdrivers__adc.a(adc_nrfx_saadc.c.obj)
                0x0000000000011d6c                _adc_driver_api_list_end = .

gpio_driver_api_area
                0x0000000000011d6c       0x24
                0x0000000000011d6c                _gpio_driver_api_list_start = .
 *(SORT_BY_NAME(SORT_BY_ALIGNMENT(._gpio_driver_api.static.*)))
 ._gpio_driver_api.static.gpio_nrfx_drv_api_funcs_
                0x0000000000011d6c       0x24 zephyr/drivers/gpio/libdrivers__gpio.a(gpio_nrfx.c.obj)
                0x0000000000011d90                _gpio_driver_api_list_end = .

shared_irq_driver_api_area
                0x0000000000011d90        0x0
                0x0000000000011d90                _shared_irq_driver_api_list_start = .
 *(SORT_BY_NAME(SORT_BY_ALIGNMENT(._shared_irq_driver_api.static.*)))
                0x0000000000011d90                _shared_irq_driver_api_list_end = .

crypto_driver_api_area
                0x0000000000011d90        0x0
                0x0000000000011d90                _crypto_driver_api_list_start = .
 *(SORT_BY_NAME(SORT_BY_ALIGNMENT(._crypto_driver_api.static.*)))
                0x0000000000011d90                _crypto_driver_api_list_end = .

auxdisplay_driver_api_area
                0x0000000000011d90        0x0
                0x0000000000011d90                _auxdisplay_driver_api_list_start = .
 *(SORT_BY_NAME(SORT_BY_ALIGNMENT(._auxdisplay_driver_api.static.*)))
                0x0000000000011d90                _auxdisplay_driver_api_list_end = .

bbram_driver_api_area
                0x0000000000011d90        0x0
                0x0000000000011d90                _bbram_driver_api_list_start = .
 *(SORT_BY_NAME(SORT_BY_ALIGNMENT(._bbram_driver_api.static.*)))
                0x0000000000011d90                _bbram_driver_api_list_end = .

bt_hci_driver_api_area
                0x0000000000011d90        0x0
                0x0000000000011d90                _bt_hci_driver_api_list_start = .
 *(SORT_BY_NAME(SORT_BY_ALIGNMENT(._bt_hci_driver_api.static.*)))
                0x0000000000011d90                _bt_hci_driver_api_list_end = .

can_driver_api_area
                0x0000000000011d90        0x0
                0x0000000000011d90                _can_driver_api_list_start = .
 *(SORT_BY_NAME(SORT_BY_ALIGNMENT(._can_driver_api.static.*)))
                0x0000000000011d90                _can_driver_api_list_end = .

cellular_driver_api_area
                0x0000000000011d90        0x0
                0x0000000000011d90                _cellular_driver_api_list_start = .
 *(SORT_BY_NAME(SORT_BY_ALIGNMENT(._cellular_driver_api.static.*)))
                0x0000000000011d90                _cellular_driver_api_list_end = .

charger_driver_api_area
                0x0000000000011d90        0x0
                0x0000000000011d90                _charger_driver_api_list_start = .
 *(SORT_BY_NAME(SORT_BY_ALIGNMENT(._charger_driver_api.static.*)))
                0x0000000000011d90                _charger_driver_api_list_end = .

clock_control_driver_api_area
                0x0000000000011d90       0x1c
                0x0000000000011d90                _clock_control_driver_api_list_start = .
 *(SORT_BY_NAME(SORT_BY_ALIGNMENT(._clock_control_driver_api.static.*)))
 ._clock_control_driver_api.static.clock_control_api_
                0x0000000000011d90       0x1c zephyr/drivers/clock_control/libdrivers__clock_control.a(clock_control_nrf.c.obj)
                0x0000000000011dac                _clock_control_driver_api_list_end = .

comparator_driver_api_area
                0x0000000000011dac        0x0
                0x0000000000011dac                _comparator_driver_api_list_start = .
 *(SORT_BY_NAME(SORT_BY_ALIGNMENT(._comparator_driver_api.static.*)))
                0x0000000000011dac                _comparator_driver_api_list_end = .

coredump_driver_api_area
                0x0000000000011dac        0x0
                0x0000000000011dac                _coredump_driver_api_list_start = .
 *(SORT_BY_NAME(SORT_BY_ALIGNMENT(._coredump_driver_api.static.*)))
                0x0000000000011dac                _coredump_driver_api_list_end = .

counter_driver_api_area
                0x0000000000011dac        0x0
                0x0000000000011dac                _counter_driver_api_list_start = .
 *(SORT_BY_NAME(SORT_BY_ALIGNMENT(._counter_driver_api.static.*)))
                0x0000000000011dac                _counter_driver_api_list_end = .

dac_driver_api_area
                0x0000000000011dac        0x0
                0x0000000000011dac                _dac_driver_api_list_start = .
 *(SORT_BY_NAME(SORT_BY_ALIGNMENT(._dac_driver_api.static.*)))
                0x0000000000011dac                _dac_driver_api_list_end = .

dai_driver_api_area
                0x0000000000011dac        0x0
                0x0000000000011dac                _dai_driver_api_list_start = .
 *(SORT_BY_NAME(SORT_BY_ALIGNMENT(._dai_driver_api.static.*)))
                0x0000000000011dac                _dai_driver_api_list_end = .

display_driver_api_area
                0x0000000000011dac        0x0
                0x0000000000011dac                _display_driver_api_list_start = .
 *(SORT_BY_NAME(SORT_BY_ALIGNMENT(._display_driver_api.static.*)))
                0x0000000000011dac                _display_driver_api_list_end = .

dma_driver_api_area
                0x0000000000011dac        0x0
                0x0000000000011dac                _dma_driver_api_list_start = .