Archive member included to satisfy reference by file (symbol)

app/libapp.a(main.c.obj)      (--whole-archive)
app/libapp.a(my_lbs.c.obj)    (--whole-archive)
app/libapp.a(sensor.c.obj)    (--whole-archive)
zephyr/libzephyr.a(heap.c.obj)
                              (--whole-archive)
zephyr/libzephyr.a(cbprintf_packaged.c.obj)
                              (--whole-archive)
zephyr/libzephyr.a(printk.c.obj)
                              (--whole-archive)
zephyr/libzephyr.a(sem.c.obj)
                              (--whole-archive)
zephyr/libzephyr.a(thread_entry.c.obj)
                              (--whole-archive)
zephyr/libzephyr.a(cbprintf_complete.c.obj)
                              (--whole-archive)
zephyr/libzephyr.a(assert.c.obj)
                              (--whole-archive)
zephyr/libzephyr.a(mpsc_pbuf.c.obj)
                              (--whole-archive)
zephyr/libzephyr.a(dec.c.obj)
                              (--whole-archive)
zephyr/libzephyr.a(hex.c.obj)
                              (--whole-archive)
zephyr/libzephyr.a(rb.c.obj)  (--whole-archive)
zephyr/libzephyr.a(timeutil.c.obj)
                              (--whole-archive)
zephyr/libzephyr.a(bitarray.c.obj)
                              (--whole-archive)
zephyr/libzephyr.a(onoff.c.obj)
                              (--whole-archive)
zephyr/libzephyr.a(notify.c.obj)
                              (--whole-archive)
zephyr/libzephyr.a(ring_buffer.c.obj)
                              (--whole-archive)
zephyr/libzephyr.a(last_section_id.c.obj)
                              (--whole-archive)
zephyr/libzephyr.a(configs.c.obj)
                              (--whole-archive)
zephyr/libzephyr.a(ipc_service.c.obj)
                              (--whole-archive)
zephyr/libzephyr.a(ipc_rpmsg_static_vrings.c.obj)
                              (--whole-archive)
zephyr/libzephyr.a(ipc_rpmsg.c.obj)
                              (--whole-archive)
zephyr/libzephyr.a(ipc_static_vrings.c.obj)
                              (--whole-archive)
zephyr/libzephyr.a(log_core.c.obj)
                              (--whole-archive)
zephyr/libzephyr.a(log_mgmt.c.obj)
                              (--whole-archive)
zephyr/libzephyr.a(log_cache.c.obj)
                              (--whole-archive)
zephyr/libzephyr.a(log_msg.c.obj)
                              (--whole-archive)
zephyr/libzephyr.a(log_output.c.obj)
                              (--whole-archive)
zephyr/libzephyr.a(log_backend_uart.c.obj)
                              (--whole-archive)
zephyr/libzephyr.a(mem_attr.c.obj)
                              (--whole-archive)
zephyr/libzephyr.a(tracing_none.c.obj)
                              (--whole-archive)
zephyr/libzephyr.a(banner.c.obj)
                              (--whole-archive)
zephyr/libzephyr.a(hci_vs_sdc.c.obj)
                              (--whole-archive)
zephyr/libzephyr.a(host_extensions.c.obj)
                              (--whole-archive)
zephyr/libzephyr.a(nrf_cc3xx_platform_abort_zephyr.c.obj)
                              (--whole-archive)
zephyr/libzephyr.a(nrf_cc3xx_platform_mutex_zephyr.c.obj)
                              (--whole-archive)
zephyr/libzephyr.a(flash_map_partition_manager.c.obj)
                              (--whole-archive)
zephyr/arch/common/libarch__common.a(sw_isr_common.c.obj)
                              (--whole-archive)
zephyr/arch/arch/arm/core/libarch__arm__core.a(fatal.c.obj)
                              (--whole-archive)
zephyr/arch/arch/arm/core/libarch__arm__core.a(nmi.c.obj)
                              (--whole-archive)
zephyr/arch/arch/arm/core/libarch__arm__core.a(nmi_on_reset.S.obj)
                              (--whole-archive)
zephyr/arch/arch/arm/core/libarch__arm__core.a(tls.c.obj)
                              (--whole-archive)
zephyr/arch/arch/arm/core/cortex_m/libarch__arm__core__cortex_m.a(exc_exit.c.obj)
                              (--whole-archive)
zephyr/arch/arch/arm/core/cortex_m/libarch__arm__core__cortex_m.a(fault.c.obj)
                              (--whole-archive)
zephyr/arch/arch/arm/core/cortex_m/libarch__arm__core__cortex_m.a(fault_s.S.obj)
                              (--whole-archive)
zephyr/arch/arch/arm/core/cortex_m/libarch__arm__core__cortex_m.a(fpu.c.obj)
                              (--whole-archive)
zephyr/arch/arch/arm/core/cortex_m/libarch__arm__core__cortex_m.a(reset.S.obj)
                              (--whole-archive)
zephyr/arch/arch/arm/core/cortex_m/libarch__arm__core__cortex_m.a(scb.c.obj)
                              (--whole-archive)
zephyr/arch/arch/arm/core/cortex_m/libarch__arm__core__cortex_m.a(thread_abort.c.obj)
                              (--whole-archive)
zephyr/arch/arch/arm/core/cortex_m/libarch__arm__core__cortex_m.a(vector_table.S.obj)
                              (--whole-archive)
zephyr/arch/arch/arm/core/cortex_m/libarch__arm__core__cortex_m.a(swap_helper.S.obj)
                              (--whole-archive)
[...]
Memory Configuration

Name             Origin             Length             Attributes
FLASH            0x0000000000000000 0x0000000000100000 xr
RAM              0x0000000020000000 0x0000000000070000 xw
IDT_LIST         0x00000000ffff7fff 0x0000000000008000 xw
*default*        0x0000000000000000 0xffffffffffffffff

Linker script and memory map

                0x0000000000013b00                vfprintf = __l_vfprintf
                0x0000000000000000                vfscanf = __l_vfscanf
LOAD zephyr/CMakeFiles/zephyr_final.dir/misc/empty_file.c.obj
LOAD zephyr/CMakeFiles/zephyr_final.dir/isr_tables.c.obj
LOAD zephyr/CMakeFiles/offsets.dir/./arch/arm/core/offsets/offsets.c.obj
LOAD app/libapp.a
LOAD zephyr/libzephyr.a
LOAD zephyr/arch/common/libarch__common.a
LOAD zephyr/arch/arch/arm/core/libarch__arm__core.a
LOAD zephyr/arch/arch/arm/core/cortex_m/libarch__arm__core__cortex_m.a
LOAD zephyr/arch/arch/arm/core/cortex_m/cmse/libarch__arm__core__cortex_m__cmse.a
LOAD zephyr/arch/arch/arm/core/mpu/libarch__arm__core__mpu.a
LOAD zephyr/lib/libc/picolibc/liblib__libc__picolibc.a
LOAD zephyr/lib/libc/common/liblib__libc__common.a
LOAD zephyr/lib/net_buf/liblib__net_buf.a
LOAD zephyr/soc/soc/nrf5340/libsoc__nordic.a
LOAD zephyr/subsys/random/libsubsys__random.a
LOAD zephyr/subsys/bluetooth/common/libsubsys__bluetooth__common.a
LOAD zephyr/subsys/bluetooth/host/libsubsys__bluetooth__host.a
LOAD zephyr/drivers/adc/libdrivers__adc.a
LOAD zephyr/drivers/bluetooth/libdrivers__bluetooth.a
LOAD zephyr/drivers/clock_control/libdrivers__clock_control.a
LOAD zephyr/drivers/console/libdrivers__console.a
LOAD zephyr/drivers/entropy/libdrivers__entropy.a
LOAD zephyr/drivers/gpio/libdrivers__gpio.a
LOAD zephyr/drivers/mbox/libdrivers__mbox.a
LOAD zephyr/drivers/pinctrl/libdrivers__pinctrl.a
LOAD zephyr/drivers/serial/libdrivers__serial.a
LOAD zephyr/drivers/timer/libdrivers__timer.a
LOAD modules/nrf/lib/dk_buttons_and_leds/lib..__nrf__lib__dk_buttons_and_leds.a
LOAD modules/nrf/subsys/nrf_security/src/zephyr/libmbedtls_zephyr.a
LOAD modules/nrf/drivers/hw_cc3xx/lib..__nrf__drivers__hw_cc3xx.a
LOAD modules/hal_nordic/modules/hal_nordic/nrfx/libmodules__hal_nordic__nrfx.a
LOAD modules/libmetal/libmetal/lib/libmetal.a
LOAD modules/open-amp/open-amp/lib/libopen_amp.a
LOAD zephyr/kernel/libkernel.a
LOAD modules/nrf/subsys/nrf_security/src/libmbedcrypto.a
LOAD modules/nrf/subsys/nrf_security/src/core/nrf_oberon/libpsa_core.a
LOAD modules/nrf/subsys/nrf_security/src/drivers/nrf_oberon/liboberon_psa_driver.a
LOAD C:/ncs/v3.1.1/nrfxlib/crypto/nrf_oberon/lib/cortex-m33/soft-float/liboberon_mbedtls_3.0.17.a
LOAD modules/nrf/subsys/nrf_security/src/libmbedcrypto.a
LOAD modules/nrf/subsys/nrf_security/src/core/nrf_oberon/libpsa_core.a
LOAD modules/nrf/subsys/nrf_security/src/drivers/nrf_oberon/liboberon_psa_driver.a
LOAD C:/ncs/v3.1.1/nrfxlib/crypto/nrf_oberon/lib/cortex-m33/soft-float/liboberon_mbedtls_3.0.17.a
LOAD modules/nrf/subsys/nrf_security/src/libmbedcrypto_base.a
LOAD modules/nrf/subsys/nrf_security/src/libnrf_security_utils.a
LOAD zephyr/kernel/libkernel.a
LOAD C:/ncs/v3.1.1/nrfxlib/crypto/nrf_oberon/lib/cortex-m33/soft-float/liboberon_3.0.17.a
LOAD zephyr/arch/common/libisr_tables.a
LOAD C:/ncs/v3.1.1/nrfxlib/crypto/nrf_cc312_platform/lib/cortex-m33/soft-float/no-interrupts/libnrf_cc312_platform_0.9.19.a
LOAD c:\ncs\toolchains\c1a76fddb2\opt\zephyr-sdk\arm-zephyr-eabi\bin\../lib/gcc/../../picolibc/arm-zephyr-eabi/lib/thumb/v8-m.main/nofp\libc.a
LOAD c:/ncs/toolchains/c1a76fddb2/opt/zephyr-sdk/arm-zephyr-eabi/bin/../lib/gcc/arm-zephyr-eabi/12.2.0/thumb/v8-m.main/nofp\libgcc.a
                0x0000000000000020                _region_min_align = 0x20

.rel.plt        0x0000000000000000        0x0
 *(SORT_BY_ALIGNMENT(.rel.plt))
                [!provide]                        PROVIDE (__rel_iplt_start = .)
 *(SORT_BY_ALIGNMENT(.rel.iplt))
 .rel.iplt      0x0000000000000000        0x0 zephyr/CMakeFiles/zephyr_final.dir/isr_tables.c.obj
                [!provide]                        PROVIDE (__rel_iplt_end = .)

.rela.plt       0x0000000000000000        0x0
 *(SORT_BY_ALIGNMENT(.rela.plt))
                [!provide]                        PROVIDE (__rela_iplt_start = .)
 *(SORT_BY_ALIGNMENT(.rela.iplt))
                [!provide]                        PROVIDE (__rela_iplt_end = .)

.rel.dyn
 *(SORT_BY_ALIGNMENT(.rel.*))

.rela.dyn
 *(SORT_BY_ALIGNMENT(.rela.*))

/DISCARD/
 *(SORT_BY_ALIGNMENT(.plt))

/DISCARD/
 *(SORT_BY_ALIGNMENT(.iplt))
                0x0000000000000000                __rom_region_start = 0x0

rom_start       0x0000000000000000      0x154
                0x0000000000000000                __rom_start_address = .
 FILL mask 0x00
                0x0000000000000000                . = (. + (0x0 - (. - __rom_start_address)))
                0x0000000000000000                . = ALIGN (0x4)
                0x0000000000000000                . = ALIGN (0x80)
                0x0000000000000000                . = ALIGN (0x200)
                0x0000000000000000                _vector_start = .
 *(SORT_BY_ALIGNMENT(.exc_vector_table))
 *(SORT_BY_ALIGNMENT(.exc_vector_table.*))
 .exc_vector_table._vector_table_section
                0x0000000000000000       0x40 zephyr/arch/arch/arm/core/cortex_m/libarch__arm__core__cortex_m.a(vector_table.S.obj)
                0x0000000000000000                _vector_table
 *(SORT_BY_ALIGNMENT(.vectors))
                0x0000000000000154                _vector_end = .
                0x0000000000000040                . = ALIGN (0x4)
 *(SORT_BY_ALIGNMENT(.gnu.linkonce.irq_vector_table*))
 .gnu.linkonce.irq_vector_table
                0x0000000000000040      0x114 zephyr/CMakeFiles/zephyr_final.dir/isr_tables.c.obj
                0x0000000000000040                _irq_vector_table
                0x0000000000000154                _vector_end = .

text            0x0000000000000154    0x18ea4
                0x0000000000000154                __text_region_start = .
 *(SORT_BY_ALIGNMENT(.text))
 .text          0x0000000000000154      0x484 C:/ncs/v3.1.1/nrfxlib/crypto/nrf_oberon/lib/cortex-m33/soft-float/liboberon_3.0.17.a(ocrypto_aes.s.obj)
                0x0000000000000154                ocrypto_aes_slice
                0x0000000000000200                ocrypto_aes_unslice
                0x00000000000002ac                ocrypto_aes_encrypt_block
                0x0000000000000554                ocrypto_aes_key_schedule
 .text          0x00000000000005d8      0x2a8 C:/ncs/v3.1.1/nrfxlib/crypto/nrf_oberon/lib/cortex-m33/soft-float/liboberon_3.0.17.a(ocrypto_aes_dec.s.obj)
                0x00000000000005d8                ocrypto_aes_decrypt_block
                0x000000000000087c                ocrypto_aes_decrypt_key_schedule
 .text          0x0000000000000880       0x5c C:/ncs/v3.1.1/nrfxlib/crypto/nrf_oberon/lib/cortex-m33/soft-float/liboberon_3.0.17.a(ocrypto_constant_time.s.obj)
                0x0000000000000880                ocrypto_constant_time_equal
                0x00000000000008a8                ocrypto_constant_time_is_zero
                0x00000000000008c4                ocrypto_constant_time_xor
 .text          0x00000000000008dc      0x334 C:/ncs/v3.1.1/nrfxlib/crypto/nrf_oberon/lib/cortex-m33/soft-float/liboberon_3.0.17.a(ocrypto_sha256_loop.s.obj)
                0x00000000000008dc                ocrypto_sha256_loop
 .text          0x0000000000000c10       0x30 c:/ncs/toolchains/c1a76fddb2/opt/zephyr-sdk/arm-zephyr-eabi/bin/../lib/gcc/arm-zephyr-eabi/12.2.0/thumb/v8-m.main/nofp\libgcc.a(_aeabi_uldivmod.o)
                0x0000000000000c10                __aeabi_uldivmod
 .text          0x0000000000000c40        0x4 c:/ncs/toolchains/c1a76fddb2/opt/zephyr-sdk/arm-zephyr-eabi/bin/../lib/gcc/arm-zephyr-eabi/12.2.0/thumb/v8-m.main/nofp\libgcc.a(_dvmd_tls.o)
                0x0000000000000c40                __aeabi_idiv0
                0x0000000000000c40                __aeabi_ldiv0
 .text          0x0000000000000c44       0x14 c:\ncs\toolchains\c1a76fddb2\opt\zephyr-sdk\arm-zephyr-eabi\bin\../lib/gcc/../../picolibc/arm-zephyr-eabi/lib/thumb/v8-m.main/nofp\libc.a(strcmp.S.o)
                0x0000000000000c44                strcmp
 .text          0x0000000000000c58       0x10 c:\ncs\toolchains\c1a76fddb2\opt\zephyr-sdk\arm-zephyr-eabi\bin\../lib/gcc/../../picolibc/arm-zephyr-eabi/lib/thumb/v8-m.main/nofp\libc.a(strcpy.S.o)
                0x0000000000000c58                strcpy
 .text          0x0000000000000c68       0x10 c:\ncs\toolchains\c1a76fddb2\opt\zephyr-sdk\arm-zephyr-eabi\bin\../lib/gcc/../../picolibc/arm-zephyr-eabi/lib/thumb/v8-m.main/nofp\libc.a(strlen.S.o)
                0x0000000000000c68                strlen
 .text          0x0000000000000c78      0x29c c:/ncs/toolchains/c1a76fddb2/opt/zephyr-sdk/arm-zephyr-eabi/bin/../lib/gcc/arm-zephyr-eabi/12.2.0/thumb/v8-m.main/nofp\libgcc.a(_udivmoddi4.o)
                0x0000000000000c78                __udivmoddi4
 *(SORT_BY_ALIGNMENT(.text.*))
 .text.button_changed
                0x0000000000000f14       0x80 app/libapp.a(main.c.obj)
 .text.on_disconnected
                0x0000000000000f94       0x18 app/libapp.a(main.c.obj)
 .text.on_connected
                0x0000000000000fac       0x28 app/libapp.a(main.c.obj)
 .text.adv_work_handler
                0x0000000000000fd4       0x44 app/libapp.a(main.c.obj)
 .text.send_data_thread
                0x0000000000001018       0x48 app/libapp.a(main.c.obj)
                0x0000000000001018                send_data_thread
 .text.recycled_cb
                0x0000000000001060       0x1c app/libapp.a(main.c.obj)
 .text.main     0x000000000000107c       0xc8 app/libapp.a(main.c.obj)
                0x000000000000107c                main
 .text.mylbsbc_ccc_cfg_changed
                0x0000000000001144       0x10 app/libapp.a(my_lbs.c.obj)
 .text.mylbsbc_ccc_mysensor_cfg_changed
                0x0000000000001154       0x10 app/libapp.a(my_lbs.c.obj)
 .text.write_led
                0x0000000000001164       0x3c app/libapp.a(my_lbs.c.obj)
 .text.read_button
                0x00000000000011a0       0x44 app/libapp.a(my_lbs.c.obj)
 .text.my_lbs_init
                0x00000000000011e4       0x14 app/libapp.a(my_lbs.c.obj)
                0x00000000000011e4                my_lbs_init
 .text.my_lbs_send_sensor_notify
                0x00000000000011f8       0x40 app/libapp.a(my_lbs.c.obj)
                0x00000000000011f8                my_lbs_send_sensor_notify
 .text.initializeADC
                0x0000000000001238       0x5c app/libapp.a(sensor.c.obj)
                0x0000000000001238                initializeADC
 .text.readADCValue
                0x0000000000001294      0x104 app/libapp.a(sensor.c.obj)
                0x0000000000001294                readADCValue
 .text.cbvprintf_package
                0x0000000000001398      0x3a4 zephyr/libzephyr.a(cbprintf_packaged.c.obj)
                0x0000000000001398                cbvprintf_package
 .text.cbprintf_package_convert
                0x000000000000173c      0x3cc zephyr/libzephyr.a(cbprintf_packaged.c.obj)
                0x000000000000173c                cbprintf_package_convert
 .text.__printk_hook_install
                0x0000000000001b08        0xc zephyr/libzephyr.a(printk.c.obj)
                0x0000000000001b08                __printk_hook_install
 .text.z_thread_entry
                0x0000000000001b14       0x34 zephyr/libzephyr.a(thread_entry.c.obj)
                0x0000000000001b14                z_thread_entry
 .text.process_event
                0x0000000000001b48      0x21c zephyr/libzephyr.a(onoff.c.obj)
 .text.ipc_service_open_instance
                0x0000000000001d64       0x40 zephyr/libzephyr.a(ipc_service.c.obj)
                0x0000000000001d64                ipc_service_open_instance
 .text.ipc_service_close_instance
                0x0000000000001da4       0x40 zephyr/libzephyr.a(ipc_service.c.obj)
                0x0000000000001da4                ipc_service_close_instance
 .text.ipc_service_register_endpoint
                0x0000000000001de4       0x44 zephyr/libzephyr.a(ipc_service.c.obj)
                0x0000000000001de4                ipc_service_register_endpoint
 .text.ipc_service_deregister_endpoint
                0x0000000000001e28       0x58 zephyr/libzephyr.a(ipc_service.c.obj)
                0x0000000000001e28                ipc_service_deregister_endpoint
 .text.ipc_service_send
                0x0000000000001e80       0x5c zephyr/libzephyr.a(ipc_service.c.obj)
                0x0000000000001e80                ipc_service_send
 .text.shared_memory_prepare
                0x0000000000001edc       0x14 zephyr/libzephyr.a(ipc_rpmsg_static_vrings.c.obj)
 .text.advertise_ept
                0x0000000000001ef0       0x44 zephyr/libzephyr.a(ipc_rpmsg_static_vrings.c.obj)
 .text.get_ept  0x0000000000001f34       0x28 zephyr/libzephyr.a(ipc_rpmsg_static_vrings.c.obj)
 .text.open     0x0000000000001f5c      0x1b0 zephyr/libzephyr.a(ipc_rpmsg_static_vrings.c.obj)
 .text.bound_cb
                0x000000000000210c       0x30 zephyr/libzephyr.a(ipc_rpmsg_static_vrings.c.obj)
 .text.send     0x000000000000213c       0x4c zephyr/libzephyr.a(ipc_rpmsg_static_vrings.c.obj)
 .text.register_ept
                0x0000000000002188       0xec zephyr/libzephyr.a(ipc_rpmsg_static_vrings.c.obj)
 .text.deregister_ept
                0x0000000000002274       0x44 zephyr/libzephyr.a(ipc_rpmsg_static_vrings.c.obj)
 .text.ns_bind_cb
                0x00000000000022b8       0x6c zephyr/libzephyr.a(ipc_rpmsg.c.obj)
 .text.ipc_rpmsg_register_ept
                0x0000000000002324       0x3c zephyr/libzephyr.a(ipc_rpmsg.c.obj)
                0x0000000000002324                ipc_rpmsg_register_ept
 .text.ipc_rpmsg_init
                0x0000000000002360       0x70 zephyr/libzephyr.a(ipc_rpmsg.c.obj)
                0x0000000000002360                ipc_rpmsg_init
 .text.ipc_static_vrings_init
                0x00000000000023d0       0xbc zephyr/libzephyr.a(ipc_static_vrings.c.obj)
                0x00000000000023d0                ipc_static_vrings_init
 .text.activate_foreach_backend
                0x000000000000248c       0x64 zephyr/libzephyr.a(log_core.c.obj)
 .text.enable_logger
                0x00000000000024f0       0x5c zephyr/libzephyr.a(log_core.c.obj)
 .text.log_process_thread_timer_expiry_fn
                0x000000000000254c        0xc zephyr/libzephyr.a(log_core.c.obj)
 .text.z_log_init
                0x0000000000002558       0x98 zephyr/libzephyr.a(log_core.c.obj)
 .text.log_format_func_t_get
                0x00000000000025f0        0xc zephyr/libzephyr.a(log_core.c.obj)
                0x00000000000025f0                log_format_func_t_get
 .text.log_set_timestamp_func
                0x00000000000025fc       0x20 zephyr/libzephyr.a(log_core.c.obj)
                0x00000000000025fc                log_set_timestamp_func
 .text.z_log_notify_backend_enabled
                0x000000000000261c       0x1c zephyr/libzephyr.a(log_core.c.obj)
                0x000000000000261c                z_log_notify_backend_enabled
 .text.z_log_dropped
                0x0000000000002638       0x3c zephyr/libzephyr.a(log_core.c.obj)
                0x0000000000002638                z_log_dropped
 .text.z_log_dropped_read_and_clear
                0x0000000000002674       0x18 zephyr/libzephyr.a(log_core.c.obj)
                0x0000000000002674                z_log_dropped_read_and_clear
 .text.dropped_notify
                0x000000000000268c       0x30 zephyr/libzephyr.a(log_core.c.obj)
                0x000000000000268c                dropped_notify
 .text.z_log_msg_init
                0x00000000000026bc       0x20 zephyr/libzephyr.a(log_core.c.obj)
                0x00000000000026bc                z_log_msg_init
 .text.log_core_init
                0x00000000000026dc       0x50 zephyr/libzephyr.a(log_core.c.obj)
                0x00000000000026dc                log_core_init
 .text.z_log_msg_alloc
                0x000000000000272c       0x10 zephyr/libzephyr.a(log_core.c.obj)
                0x000000000000272c                z_log_msg_alloc
 .text.z_log_msg_local_claim
                0x000000000000273c        0xc zephyr/libzephyr.a(log_core.c.obj)
                0x000000000000273c                z_log_msg_local_claim
 .text.z_log_msg_free
                0x0000000000002748       0x10 zephyr/libzephyr.a(log_core.c.obj)
                0x0000000000002748                z_log_msg_free
 .text.z_log_msg_pending
                0x0000000000002758        0xc zephyr/libzephyr.a(log_core.c.obj)
                0x0000000000002758                z_log_msg_pending
 .text.z_impl_log_process
                0x0000000000002764       0xb8 zephyr/libzephyr.a(log_core.c.obj)
                0x0000000000002764                z_impl_log_process
 .text.z_impl_log_panic
                0x000000000000281c       0x44 zephyr/libzephyr.a(log_core.c.obj)
                0x000000000000281c                z_impl_log_panic
 .text.log_process_thread_func
                0x0000000000002860       0xa4 zephyr/libzephyr.a(log_core.c.obj)
 .text.z_log_msg_post_finalize
                0x0000000000002904       0x78 zephyr/libzephyr.a(log_core.c.obj)
 .text.z_log_msg_commit
                0x000000000000297c       0x24 zephyr/libzephyr.a(log_core.c.obj)
                0x000000000000297c                z_log_msg_commit
 .text.log_source_name_get
                0x00000000000029a0       0x1c zephyr/libzephyr.a(log_mgmt.c.obj)
                0x00000000000029a0                log_source_name_get
 .text.z_impl_z_log_msg_static_create
                0x00000000000029bc      0x108 zephyr/libzephyr.a(log_msg.c.obj)
                0x00000000000029bc                z_impl_z_log_msg_static_create
 .text.z_log_msg_runtime_vcreate
                0x0000000000002ac4       0xa0 zephyr/libzephyr.a(log_msg.c.obj)
                0x0000000000002ac4                z_log_msg_runtime_vcreate
 .text.log_msg_get_source_id
                0x0000000000002b64       0x18 zephyr/libzephyr.a(log_msg.c.obj)
                0x0000000000002b64                log_msg_get_source_id
 .text.print_formatted
                0x0000000000002b7c       0x24 zephyr/libzephyr.a(log_output.c.obj)
 .text.newline_print
                0x0000000000002ba0       0x1c zephyr/libzephyr.a(log_output.c.obj)
 .text.log_output_process
                0x0000000000002bbc      0x2d4 zephyr/libzephyr.a(log_output.c.obj)
                0x0000000000002bbc                log_output_process
 .text.log_output_dropped_process
                0x0000000000002e90       0x58 zephyr/libzephyr.a(log_output.c.obj)
                0x0000000000002e90                log_output_dropped_process
 .text.log_output_timestamp_freq_set
                0x0000000000002ee8       0x2c zephyr/libzephyr.a(log_output.c.obj)
                0x0000000000002ee8                log_output_timestamp_freq_set
 .text.char_out
                0x0000000000002f14       0x24 zephyr/libzephyr.a(log_backend_uart.c.obj)
 .text.mem_attr_get_regions
                0x0000000000002f38        0xc zephyr/libzephyr.a(mem_attr.c.obj)
                0x0000000000002f38                mem_attr_get_regions
 .text.boot_banner
                0x0000000000002f44       0x1c zephyr/libzephyr.a(banner.c.obj)
                0x0000000000002f44                boot_banner
 .text.nrf_cc3xx_platform_abort_init
                0x0000000000002f60        0xc zephyr/libzephyr.a(nrf_cc3xx_platform_abort_zephyr.c.obj)
                0x0000000000002f60                nrf_cc3xx_platform_abort_init
 .text.mutex_free_platform
                0x0000000000002f6c       0x54 zephyr/libzephyr.a(nrf_cc3xx_platform_mutex_zephyr.c.obj)
 .text.mutex_lock_platform
                0x0000000000002fc0       0x74 zephyr/libzephyr.a(nrf_cc3xx_platform_mutex_zephyr.c.obj)
 .text.mutex_unlock_platform
                0x0000000000003034       0x68 zephyr/libzephyr.a(nrf_cc3xx_platform_mutex_zephyr.c.obj)
 .text.mutex_init_platform
                0x000000000000309c       0x94 zephyr/libzephyr.a(nrf_cc3xx_platform_mutex_zephyr.c.obj)
 .text.nrf_cc3xx_platform_mutex_init
                0x0000000000003130       0x2c zephyr/libzephyr.a(nrf_cc3xx_platform_mutex_zephyr.c.obj)
                0x0000000000003130                nrf_cc3xx_platform_mutex_init
 .text.z_arm_fatal_error
                0x000000000000315c       0xb8 zephyr/arch/arch/arm/core/libarch__arm__core.a(fatal.c.obj)
                0x000000000000315c                z_arm_fatal_error
 .text.z_SysNmiOnReset
                0x0000000000003214        0x8 zephyr/arch/arch/arm/core/libarch__arm__core.a(nmi_on_reset.S.obj)
                0x0000000000003214                z_SysNmiOnReset
 .text.arch_tls_stack_setup
                0x000000000000321c       0x40 zephyr/arch/arch/arm/core/libarch__arm__core.a(tls.c.obj)
                0x000000000000321c                arch_tls_stack_setup
 .text._HandlerModeExit
                0x000000000000325c       0x20 zephyr/arch/arch/arm/core/cortex_m/libarch__arm__core__cortex_m.a(exc_exit.c.obj)
                0x000000000000325c                z_arm_int_exit
                0x000000000000325c                z_arm_exc_exit
 .text.mem_manage_fault.constprop.0
                0x000000000000327c       0xd0 zephyr/arch/arch/arm/core/cortex_m/libarch__arm__core__cortex_m.a(fault.c.obj)
 .text.usage_fault.constprop.0
                0x000000000000334c       0xbc zephyr/arch/arch/arm/core/cortex_m/libarch__arm__core__cortex_m.a(fault.c.obj)
 .text.bus_fault.constprop.0
                0x0000000000003408       0xd0 zephyr/arch/arch/arm/core/cortex_m/libarch__arm__core__cortex_m.a(fault.c.obj)
 .text.z_arm_fault
                0x00000000000034d8      0x1d0 zephyr/arch/arch/arm/core/cortex_m/libarch__arm__core__cortex_m.a(fault.c.obj)
                0x00000000000034d8                z_arm_fault
 .text.z_arm_fault_init
                0x00000000000036a8       0x20 zephyr/arch/arch/arm/core/cortex_m/libarch__arm__core__cortex_m.a(fault.c.obj)
                0x00000000000036a8                z_arm_fault_init
 .text.__fault  0x00000000000036c8       0x14 zephyr/arch/arch/arm/core/cortex_m/libarch__arm__core__cortex_m.a(fault_s.S.obj)
                0x00000000000036c8                z_arm_usage_fault
                0x00000000000036c8                z_arm_mpu_fault
                0x00000000000036c8                z_arm_exc_spurious
                0x00000000000036c8                z_arm_debug_monitor
                0x00000000000036c8                z_arm_hard_fault
                0x00000000000036c8                z_arm_bus_fault
 .text._reset_section
                0x00000000000036dc       0x60 zephyr/arch/arch/arm/core/cortex_m/libarch__arm__core__cortex_m.a(reset.S.obj)
                0x00000000000036dc                __start
                0x00000000000036dc                z_arm_reset
 .text.z_arm_clear_arm_mpu_config
                0x000000000000373c       0x24 zephyr/arch/arch/arm/core/cortex_m/libarch__arm__core__cortex_m.a(scb.c.obj)
                0x000000000000373c                z_arm_clear_arm_mpu_config
 .text.z_arm_init_arch_hw_at_boot
                0x0000000000003760       0x4c zephyr/arch/arch/arm/core/cortex_m/libarch__arm__core__cortex_m.a(scb.c.obj)
                0x0000000000003760                z_arm_init_arch_hw_at_boot
 .text.z_impl_k_thread_abort
                0x00000000000037ac       0x2c zephyr/arch/arch/arm/core/cortex_m/libarch__arm__core__cortex_m.a(thread_abort.c.obj)
                0x00000000000037ac                z_impl_k_thread_abort
 .text.z_arm_pendsv
                0x00000000000037d8       0x60 zephyr/arch/arch/arm/core/cortex_m/libarch__arm__core__cortex_m.a(swap_helper.S.obj)
                0x00000000000037d8                z_arm_pendsv
 .text.z_arm_svc
                0x0000000000003838       0x24 zephyr/arch/arch/arm/core/cortex_m/libarch__arm__core__cortex_m.a(swap_helper.S.obj)
                0x0000000000003838                z_arm_svc
 .text.arm_irq_enable
                0x000000000000385c       0x1c zephyr/arch/arch/arm/core/cortex_m/libarch__arm__core__cortex_m.a(irq_manage.c.obj)
                0x000000000000385c                arm_irq_enable
 .text.arm_irq_disable
                0x0000000000003878       0x28 zephyr/arch/arch/arm/core/cortex_m/libarch__arm__core__cortex_m.a(irq_manage.c.obj)
                0x0000000000003878                arm_irq_disable
 .text.arm_irq_is_enabled
                0x00000000000038a0       0x1c zephyr/arch/arch/arm/core/cortex_m/libarch__arm__core__cortex_m.a(irq_manage.c.obj)
                0x00000000000038a0                arm_irq_is_enabled
 .text.arm_irq_priority_set
                0x00000000000038bc       0x2c zephyr/arch/arch/arm/core/cortex_m/libarch__arm__core__cortex_m.a(irq_manage.c.obj)
                0x00000000000038bc                arm_irq_priority_set
 .text.relocate_vector_table
                0x00000000000038e8       0x1c zephyr/arch/arch/arm/core/cortex_m/libarch__arm__core__cortex_m.a(prep_c.c.obj)
                0x00000000000038e8                relocate_vector_table
 .text.z_prep_c
                0x0000000000003904       0x28 zephyr/arch/arch/arm/core/cortex_m/libarch__arm__core__cortex_m.a(prep_c.c.obj)
                0x0000000000003904                z_prep_c
 .text.arch_new_thread
                0x000000000000392c       0x38 zephyr/arch/arch/arm/core/cortex_m/libarch__arm__core__cortex_m.a(thread.c.obj)
                0x000000000000392c                arch_new_thread
 .text.arch_switch_to_main_thread
                0x0000000000003964       0x40 zephyr/arch/arch/arm/core/cortex_m/libarch__arm__core__cortex_m.a(thread.c.obj)
                0x0000000000003964                arch_switch_to_main_thread
 .text.z_arm_cpu_idle_init
                0x00000000000039a4        0xc zephyr/arch/arch/arm/core/cortex_m/libarch__arm__core__cortex_m.a(cpu_idle.c.obj)
                0x00000000000039a4                z_arm_cpu_idle_init
 .text.z_arm_interrupt_init
                0x00000000000039b0       0x18 zephyr/arch/arch/arm/core/cortex_m/libarch__arm__core__cortex_m.a(irq_init.c.obj)
                0x00000000000039b0                z_arm_interrupt_init
 .text._isr_wrapper
                0x00000000000039c8       0x24 zephyr/arch/arch/arm/core/cortex_m/libarch__arm__core__cortex_m.a(isr_wrapper.c.obj)
                0x00000000000039c8                _isr_wrapper
 .text.z_arm_configure_static_mpu_regions
                0x00000000000039ec       0x38 zephyr/arch/arch/arm/core/mpu/libarch__arm__core__mpu.a(arm_core_mpu.c.obj)
                0x00000000000039ec                z_arm_configure_static_mpu_regions
 .text.region_init
                0x0000000000003a24       0x34 zephyr/arch/arch/arm/core/mpu/libarch__arm__core__mpu.a(arm_mpu.c.obj)
 .text.region_allocate_and_init
                0x0000000000003a58       0x38 zephyr/arch/arch/arm/core/mpu/libarch__arm__core__mpu.a(arm_mpu.c.obj)
 .text.mpu_configure_regions_and_partition.constprop.0
                0x0000000000003a90      0x164 zephyr/arch/arch/arm/core/mpu/libarch__arm__core__mpu.a(arm_mpu.c.obj)
 .text.arm_core_mpu_enable
                0x0000000000003bf4       0x18 zephyr/arch/arch/arm/core/mpu/libarch__arm__core__mpu.a(arm_mpu.c.obj)
                0x0000000000003bf4                arm_core_mpu_enable
 .text.arm_core_mpu_disable
                0x0000000000003c0c       0x14 zephyr/arch/arch/arm/core/mpu/libarch__arm__core__mpu.a(arm_mpu.c.obj)
                0x0000000000003c0c                arm_core_mpu_disable
 .text.arm_core_mpu_configure_static_mpu_regions
                0x0000000000003c20       0x14 zephyr/arch/arch/arm/core/mpu/libarch__arm__core__mpu.a(arm_mpu.c.obj)
                0x0000000000003c20                arm_core_mpu_configure_static_mpu_regions
 .text.arm_core_mpu_mark_areas_for_dynamic_regions
                0x0000000000003c34       0xb8 zephyr/arch/arch/arm/core/mpu/libarch__arm__core__mpu.a(arm_mpu.c.obj)
                0x0000000000003c34                arm_core_mpu_mark_areas_for_dynamic_regions
 .text.z_arm_mpu_init
                0x0000000000003cec      0x11c zephyr/arch/arch/arm/core/mpu/libarch__arm__core__mpu.a(arm_mpu.c.obj)
                0x0000000000003cec                z_arm_mpu_init
 .text.cbvprintf
                0x0000000000003e08       0x38 zephyr/lib/libc/picolibc/liblib__libc__picolibc.a(cbprintf.c.obj)
                0x0000000000003e08                cbvprintf
 .text._exit    0x0000000000003e40       0x10 zephyr/lib/libc/picolibc/liblib__libc__picolibc.a(exit.c.obj)
                0x0000000000003e40                _exit
 .text.z_impl_zephyr_fputc
                0x0000000000003e50       0x10 zephyr/lib/libc/picolibc/liblib__libc__picolibc.a(stdio.c.obj)
                0x0000000000003e50                z_impl_zephyr_fputc
 .text.__stdout_hook_install
                0x0000000000003e60       0x18 zephyr/lib/libc/picolibc/liblib__libc__picolibc.a(stdio.c.obj)
                0x0000000000003e60                __stdout_hook_install
 .text.malloc_prepare
                0x0000000000003e78       0x24 zephyr/lib/libc/common/liblib__libc__common.a(malloc.c.obj)
 .text.net_buf_destroy
                0x0000000000003e9c       0x38 zephyr/lib/net_buf/liblib__net_buf.a(buf.c.obj)
 .text.net_buf_pool_get
                0x0000000000003ed4       0x10 zephyr/lib/net_buf/liblib__net_buf.a(buf.c.obj)
                0x0000000000003ed4                net_buf_pool_get
 .text.net_buf_id
                0x0000000000003ee4       0x20 zephyr/lib/net_buf/liblib__net_buf.a(buf.c.obj)
                0x0000000000003ee4                net_buf_id
 .text.fixed_data_alloc
                0x0000000000003f04       0x24 zephyr/lib/net_buf/liblib__net_buf.a(buf.c.obj)
 .text.net_buf_alloc_len
                0x0000000000003f28       0xfc zephyr/lib/net_buf/liblib__net_buf.a(buf.c.obj)
                0x0000000000003f28                net_buf_alloc_len
 .text.net_buf_unref
                0x0000000000004024       0x38 zephyr/lib/net_buf/liblib__net_buf.a(buf.c.obj)
                0x0000000000004024                net_buf_unref
 .text.nrf_gpio_pin_control_select.constprop.0
                0x000000000000405c       0x1c zephyr/soc/soc/nrf5340/libsoc__nordic.a(soc.c.obj)
 .text.z_arm_on_enter_cpu_idle
                0x0000000000004078       0x64 zephyr/soc/soc/nrf5340/libsoc__nordic.a(soc.c.obj)
                0x0000000000004078                z_arm_on_enter_cpu_idle
 .text.soc_early_init_hook
                0x00000000000040dc       0x3c zephyr/soc/soc/nrf5340/libsoc__nordic.a(soc.c.obj)
                0x00000000000040dc                soc_early_init_hook
 .text.soc_late_init_hook
                0x0000000000004118       0x58 zephyr/soc/soc/nrf5340/libsoc__nordic.a(soc.c.obj)
                0x0000000000004118                soc_late_init_hook
 .text.arch_busy_wait
                0x0000000000004170       0x24 zephyr/soc/soc/nrf5340/libsoc__nordic.a(soc.c.obj)
                0x0000000000004170                arch_busy_wait
 .text.assign_pins
                0x0000000000004194       0x54 zephyr/soc/soc/nrf5340/libsoc__nordic.a(nrf53_cpunet_mgmt.c.obj)
 .text.onoff_start
                0x00000000000041e8       0x70 zephyr/soc/soc/nrf5340/libsoc__nordic.a(nrf53_cpunet_mgmt.c.obj)
 .text.nrf53_cpunet_mgmt_init
                0x0000000000004258       0x10 zephyr/soc/soc/nrf5340/libsoc__nordic.a(nrf53_cpunet_mgmt.c.obj)
                0x0000000000004258                nrf53_cpunet_mgmt_init
 .text.nrf53_cpunet_enable
                0x0000000000004268       0x34 zephyr/soc/soc/nrf5340/libsoc__nordic.a(nrf53_cpunet_mgmt.c.obj)
                0x0000000000004268                nrf53_cpunet_enable
 .text.xoshiro128_initialize
                0x000000000000429c       0x18 zephyr/subsys/random/libsubsys__random.a(random_xoshiro128.c.obj)
 .text.bt_hex   0x00000000000042b4       0x44 zephyr/subsys/bluetooth/common/libsubsys__bluetooth__common.a(bt_str.c.obj)
                0x00000000000042b4                bt_hex
 .text.bt_addr_le_str
                0x00000000000042f8       0x7c zephyr/subsys/bluetooth/common/libsubsys__bluetooth__common.a(bt_str.c.obj)
                0x00000000000042f8                bt_addr_le_str
 .text.long_wq_init
                0x0000000000004374       0x38 zephyr/subsys/bluetooth/host/libsubsys__bluetooth__host.a(long_wq.c.obj)
 .text.bt_long_wq_schedule
                0x00000000000043ac        0xc zephyr/subsys/bluetooth/host/libsubsys__bluetooth__host.a(long_wq.c.obj)
                0x00000000000043ac                bt_long_wq_schedule
 .text.uuid_to_uuid128
                0x00000000000043b8       0x78 zephyr/subsys/bluetooth/host/libsubsys__bluetooth__host.a(uuid.c.obj)
 .text.buf_rx_freed_notify
                0x0000000000004430       0x20 zephyr/subsys/bluetooth/host/libsubsys__bluetooth__host.a(buf.c.obj)
 .text.bt_buf_get_rx
                0x0000000000004450       0x50 zephyr/subsys/bluetooth/host/libsubsys__bluetooth__host.a(buf.c.obj)
                0x0000000000004450                bt_buf_get_rx
 .text.bt_buf_get_evt
                0x00000000000044a0       0x3c zephyr/subsys/bluetooth/host/libsubsys__bluetooth__host.a(buf.c.obj)
                0x00000000000044a0                bt_buf_get_evt
 .text.hci_data_buf_overflow
                0x00000000000044dc       0x18 zephyr/subsys/bluetooth/host/libsubsys__bluetooth__host.a(hci_core.c.obj)
 .text.hci_disconn_complete_prio
                0x00000000000044f4       0x4c zephyr/subsys/bluetooth/host/libsubsys__bluetooth__host.a(hci_core.c.obj)
 .text.hci_disconn_complete
                0x0000000000004540       0x44 zephyr/subsys/bluetooth/host/libsubsys__bluetooth__host.a(hci_core.c.obj)
 .text.le_phy_update_complete
                0x0000000000004584       0x34 zephyr/subsys/bluetooth/host/libsubsys__bluetooth__host.a(hci_core.c.obj)
 .text.hci_hardware_error
                0x00000000000045b8       0x24 zephyr/subsys/bluetooth/host/libsubsys__bluetooth__host.a(hci_core.c.obj)
 .text.rx_queue_put
                0x00000000000045dc       0x3c zephyr/subsys/bluetooth/host/libsubsys__bluetooth__host.a(hci_core.c.obj)
 .text.find_pending_connect.part.0
                0x0000000000004618       0x2c zephyr/subsys/bluetooth/host/libsubsys__bluetooth__host.a(hci_core.c.obj)
 .text.le_conn_param_neg_reply.part.0
                0x0000000000004644       0x14 zephyr/subsys/bluetooth/host/libsubsys__bluetooth__host.a(hci_core.c.obj)
 .text.handle_event.part.0
                0x0000000000004658       0x48 zephyr/subsys/bluetooth/host/libsubsys__bluetooth__host.a(hci_core.c.obj)
 .text.le_remote_feat_complete
                0x00000000000046a0       0x54 zephyr/subsys/bluetooth/host/libsubsys__bluetooth__host.a(hci_core.c.obj)
 .text.enh_conn_complete_error_handle
                0x00000000000046f4       0x80 zephyr/subsys/bluetooth/host/libsubsys__bluetooth__host.a(hci_core.c.obj)
 .text.hci_cmd_done.part.0
                0x0000000000004774      0x128 zephyr/subsys/bluetooth/host/libsubsys__bluetooth__host.a(hci_core.c.obj)
 .text.handle_event_common
                0x000000000000489c       0x50 zephyr/subsys/bluetooth/host/libsubsys__bluetooth__host.a(hci_core.c.obj)
 .text.rx_work_handler
                0x00000000000048ec      0x140 zephyr/subsys/bluetooth/host/libsubsys__bluetooth__host.a(hci_core.c.obj)
 .text.hci_le_meta_event
                0x0000000000004a2c       0x20 zephyr/subsys/bluetooth/host/libsubsys__bluetooth__host.a(hci_core.c.obj)
 .text.hci_vendor_event
                0x0000000000004a4c       0x68 zephyr/subsys/bluetooth/host/libsubsys__bluetooth__host.a(hci_core.c.obj)
 .text.hci_num_completed_packets
                0x0000000000004ab4       0xf4 zephyr/subsys/bluetooth/host/libsubsys__bluetooth__host.a(hci_core.c.obj)
 .text.le_conn_update_complete
                0x0000000000004ba8      0x118 zephyr/subsys/bluetooth/host/libsubsys__bluetooth__host.a(hci_core.c.obj)
 .text.hci_reset_complete
                0x0000000000004cc0       0x1c zephyr/subsys/bluetooth/host/libsubsys__bluetooth__host.a(hci_core.c.obj)
 .text.bt_hci_cmd_state_set_init
                0x0000000000004cdc       0x24 zephyr/subsys/bluetooth/host/libsubsys__bluetooth__host.a(hci_core.c.obj)
                0x0000000000004cdc                bt_hci_cmd_state_set_init
 .text.bt_hci_cmd_alloc
                0x0000000000004d00       0x50 zephyr/subsys/bluetooth/host/libsubsys__bluetooth__host.a(hci_core.c.obj)
                0x0000000000004d00                bt_hci_cmd_alloc
 .text.bt_hci_get_ver_str
                0x0000000000004d50       0x3c zephyr/subsys/bluetooth/host/libsubsys__bluetooth__host.a(hci_core.c.obj)
                0x0000000000004d50                bt_hci_get_ver_str
 .text.bt_send  0x0000000000004d8c       0x14 zephyr/subsys/bluetooth/host/libsubsys__bluetooth__host.a(hci_core.c.obj)
                0x0000000000004d8c                bt_send
 .text.hci_event_prio
                0x0000000000004da0       0xa4 zephyr/subsys/bluetooth/host/libsubsys__bluetooth__host.a(hci_core.c.obj)
                0x0000000000004da0                hci_event_prio
 .text.bt_hci_recv
                0x0000000000004e44       0x5c zephyr/subsys/bluetooth/host/libsubsys__bluetooth__host.a(hci_core.c.obj)
                0x0000000000004e44                bt_hci_recv
 .text.bt_finalize_init
                0x0000000000004ea0      0x164 zephyr/subsys/bluetooth/host/libsubsys__bluetooth__host.a(hci_core.c.obj)
                0x0000000000004ea0                bt_finalize_init
 .text.bt_get_name
                0x0000000000005004        0x8 zephyr/subsys/bluetooth/host/libsubsys__bluetooth__host.a(hci_core.c.obj)
                0x0000000000005004                bt_get_name
 .text.bt_tx_irq_raise
                0x000000000000500c        0xc zephyr/subsys/bluetooth/host/libsubsys__bluetooth__host.a(hci_core.c.obj)
                0x000000000000500c                bt_tx_irq_raise
 .text.bt_hci_cmd_send
                0x0000000000005018       0x9c zephyr/subsys/bluetooth/host/libsubsys__bluetooth__host.a(hci_core.c.obj)
                0x0000000000005018                bt_hci_cmd_send
 .text.bt_hci_host_num_completed_packets
                0x00000000000050b4       0xdc zephyr/subsys/bluetooth/host/libsubsys__bluetooth__host.a(hci_core.c.obj)
                0x00000000000050b4                bt_hci_host_num_completed_packets
 .text.le_conn_param_req
                0x0000000000005190       0xc4 zephyr/subsys/bluetooth/host/libsubsys__bluetooth__host.a(hci_core.c.obj)
 .text.process_pending_cmd
                0x0000000000005254       0xd8 zephyr/subsys/bluetooth/host/libsubsys__bluetooth__host.a(hci_core.c.obj)
 .text.bt_hci_cmd_send_sync
                0x000000000000532c      0x1bc zephyr/subsys/bluetooth/host/libsubsys__bluetooth__host.a(hci_core.c.obj)
                0x000000000000532c                bt_hci_cmd_send_sync
 .text.bt_init  0x00000000000054e8      0x4f0 zephyr/subsys/bluetooth/host/libsubsys__bluetooth__host.a(hci_core.c.obj)
 .text.init_work
                0x00000000000059d8       0x18 zephyr/subsys/bluetooth/host/libsubsys__bluetooth__host.a(hci_core.c.obj)
 .text.bt_enable
                0x00000000000059f0       0xd0 zephyr/subsys/bluetooth/host/libsubsys__bluetooth__host.a(hci_core.c.obj)
                0x00000000000059f0                bt_enable
 .text.bt_hci_le_rand
                0x0000000000005ac0       0x58 zephyr/subsys/bluetooth/host/libsubsys__bluetooth__host.a(hci_core.c.obj)
                0x0000000000005ac0                bt_hci_le_rand
 .text.bt_hci_le_enh_conn_complete
                0x0000000000005b18      0x1ac zephyr/subsys/bluetooth/host/libsubsys__bluetooth__host.a(hci_core.c.obj)
                0x0000000000005b18                bt_hci_le_enh_conn_complete
 .text.le_legacy_conn_complete
                0x0000000000005cc4       0x7c zephyr/subsys/bluetooth/host/libsubsys__bluetooth__host.a(hci_core.c.obj)
 .text.hci_cmd_status
                0x0000000000005d40       0x34 zephyr/subsys/bluetooth/host/libsubsys__bluetooth__host.a(hci_core.c.obj)
 .text.hci_cmd_complete
                0x0000000000005d74       0x78 zephyr/subsys/bluetooth/host/libsubsys__bluetooth__host.a(hci_core.c.obj)
 .text.id_find  0x0000000000005dec       0x30 zephyr/subsys/bluetooth/host/libsubsys__bluetooth__host.a(id.c.obj)
 .text.set_random_address
                0x0000000000005e1c       0x78 zephyr/subsys/bluetooth/host/libsubsys__bluetooth__host.a(id.c.obj)
 .text.id_create.constprop.0
                0x0000000000005e94       0x74 zephyr/subsys/bluetooth/host/libsubsys__bluetooth__host.a(id.c.obj)
 .text.bt_id_create
                0x0000000000005f08       0x98 zephyr/subsys/bluetooth/host/libsubsys__bluetooth__host.a(id.c.obj)
                0x0000000000005f08                bt_id_create
 .text.bt_id_read_public_addr
                0x0000000000005fa0       0x88 zephyr/subsys/bluetooth/host/libsubsys__bluetooth__host.a(id.c.obj)
                0x0000000000005fa0                bt_id_read_public_addr
 .text.bt_setup_public_id_addr
                0x0000000000006028       0x20 zephyr/subsys/bluetooth/host/libsubsys__bluetooth__host.a(id.c.obj)
                0x0000000000006028                bt_setup_public_id_addr
 .text.bt_setup_random_id_addr
                0x0000000000006048       0xd8 zephyr/subsys/bluetooth/host/libsubsys__bluetooth__host.a(id.c.obj)
                0x0000000000006048                bt_setup_random_id_addr
 .text.bt_id_set_adv_own_addr
                0x0000000000006120       0xe0 zephyr/subsys/bluetooth/host/libsubsys__bluetooth__host.a(id.c.obj)
                0x0000000000006120                bt_id_set_adv_own_addr
 .text.bt_id_init
                0x0000000000006200       0x54 zephyr/subsys/bluetooth/host/libsubsys__bluetooth__host.a(id.c.obj)
                0x0000000000006200                bt_id_init
 .text.hci_set_ad
                0x0000000000006254       0xd8 zephyr/subsys/bluetooth/host/libsubsys__bluetooth__host.a(adv.c.obj)
 .text.adv_is_directed
                0x000000000000632c       0x18 zephyr/subsys/bluetooth/host/libsubsys__bluetooth__host.a(adv.c.obj)
 .text.le_adv_start_add_conn
                0x0000000000006344       0x60 zephyr/subsys/bluetooth/host/libsubsys__bluetooth__host.a(adv.c.obj)
 .text.valid_adv_param
                0x00000000000063a4       0x84 zephyr/subsys/bluetooth/host/libsubsys__bluetooth__host.a(adv.c.obj)
 .text.bt_le_adv_lookup_legacy
                0x0000000000006428        0x8 zephyr/subsys/bluetooth/host/libsubsys__bluetooth__host.a(adv.c.obj)
                0x0000000000006428                bt_le_adv_lookup_legacy
 .text.bt_le_adv_start_legacy
                0x0000000000006430      0x27c zephyr/subsys/bluetooth/host/libsubsys__bluetooth__host.a(adv.c.obj)
                0x0000000000006430                bt_le_adv_start_legacy
 .text.bt_le_adv_start
                0x00000000000066ac       0x64 zephyr/subsys/bluetooth/host/libsubsys__bluetooth__host.a(adv.c.obj)
                0x00000000000066ac                bt_le_adv_start
 .text.bt_le_adv_stop
                0x0000000000006710       0x78 zephyr/subsys/bluetooth/host/libsubsys__bluetooth__host.a(adv.c.obj)
                0x0000000000006710                bt_le_adv_stop
 .text.adv_timeout
                0x0000000000006788       0x24 zephyr/subsys/bluetooth/host/libsubsys__bluetooth__host.a(adv.c.obj)
 .text.bt_le_adv_resume
                0x00000000000067ac       0xe0 zephyr/subsys/bluetooth/host/libsubsys__bluetooth__host.a(adv.c.obj)
                0x00000000000067ac                bt_le_adv_resume
 .text.bt_crypto_init
                0x000000000000688c       0x24 zephyr/subsys/bluetooth/host/libsubsys__bluetooth__host.a(crypto_psa.c.obj)
                0x000000000000688c                bt_crypto_init
 .text.bt_rand  0x00000000000068b0       0x24 zephyr/subsys/bluetooth/host/libsubsys__bluetooth__host.a(crypto_psa.c.obj)
                0x00000000000068b0                bt_rand
 .text.notify_connected
                0x00000000000068d4       0x40 zephyr/subsys/bluetooth/host/libsubsys__bluetooth__host.a(conn.c.obj)
 .text.frag_destroy
                0x0000000000006914       0x20 zephyr/subsys/bluetooth/host/libsubsys__bluetooth__host.a(conn.c.obj)
                0x0000000000006914                frag_destroy
 .text.conn_tx_destroy
                0x0000000000006934       0x2c zephyr/subsys/bluetooth/host/libsubsys__bluetooth__host.a(conn.c.obj)
 .text.recycled_work_handler
                0x0000000000006960       0x54 zephyr/subsys/bluetooth/host/libsubsys__bluetooth__host.a(conn.c.obj)
 .text.tx_notify_process
                0x00000000000069b4       0x60 zephyr/subsys/bluetooth/host/libsubsys__bluetooth__host.a(conn.c.obj)
 .text.perform_auto_initiated_procedures.part.0
                0x0000000000006a14       0x88 zephyr/subsys/bluetooth/host/libsubsys__bluetooth__host.a(conn.c.obj)
 .text.bt_conn_get_pkts
                0x0000000000006a9c       0x18 zephyr/subsys/bluetooth/host/libsubsys__bluetooth__host.a(conn.c.obj)
                0x0000000000006a9c                bt_conn_get_pkts
 .text.bt_conn_tx_notify
                0x0000000000006ab4       0x48 zephyr/subsys/bluetooth/host/libsubsys__bluetooth__host.a(conn.c.obj)
                0x0000000000006ab4                bt_conn_tx_notify
 .text.bt_conn_new
                0x0000000000006afc       0x5c zephyr/subsys/bluetooth/host/libsubsys__bluetooth__host.a(conn.c.obj)
                0x0000000000006afc                bt_conn_new
 .text.bt_conn_recv
                0x0000000000006b58       0xfc zephyr/subsys/bluetooth/host/libsubsys__bluetooth__host.a(conn.c.obj)
                0x0000000000006b58                bt_conn_recv
 .text.bt_conn_data_ready
                0x0000000000006c54       0x4c zephyr/subsys/bluetooth/host/libsubsys__bluetooth__host.a(conn.c.obj)
                0x0000000000006c54                bt_conn_data_ready
 .text.get_conn_ready
                0x0000000000006ca0       0xfc zephyr/subsys/bluetooth/host/libsubsys__bluetooth__host.a(conn.c.obj)
                0x0000000000006ca0                get_conn_ready
 .text.bt_conn_unref
                0x0000000000006d9c       0x4c zephyr/subsys/bluetooth/host/libsubsys__bluetooth__host.a(conn.c.obj)
                0x0000000000006d9c                bt_conn_unref
 .text.bt_conn_set_state
                0x0000000000006de8      0x1c4 zephyr/subsys/bluetooth/host/libsubsys__bluetooth__host.a(conn.c.obj)
                0x0000000000006de8                bt_conn_set_state
 .text.bt_conn_lookup_handle
                0x0000000000006fac       0x40 zephyr/subsys/bluetooth/host/libsubsys__bluetooth__host.a(conn.c.obj)
                0x0000000000006fac                bt_conn_lookup_handle
 .text.bt_conn_foreach
                0x0000000000006fec       0x30 zephyr/subsys/bluetooth/host/libsubsys__bluetooth__host.a(conn.c.obj)
                0x0000000000006fec                bt_conn_foreach
 .text.auto_initiated_procedures
                0x000000000000701c       0x10 zephyr/subsys/bluetooth/host/libsubsys__bluetooth__host.a(conn.c.obj)
 .text.bt_conn_index
                0x000000000000702c       0x18 zephyr/subsys/bluetooth/host/libsubsys__bluetooth__host.a(conn.c.obj)
                0x000000000000702c                bt_conn_index
 .text.bt_conn_create_pdu_timeout
                0x0000000000007044       0x70 zephyr/subsys/bluetooth/host/libsubsys__bluetooth__host.a(conn.c.obj)
                0x0000000000007044                bt_conn_create_pdu_timeout
 .text.bt_conn_connected
                0x00000000000070b4       0x20 zephyr/subsys/bluetooth/host/libsubsys__bluetooth__host.a(conn.c.obj)
                0x00000000000070b4                bt_conn_connected
 .text.bt_conn_tx_processor
                0x00000000000070d4      0x260 zephyr/subsys/bluetooth/host/libsubsys__bluetooth__host.a(conn.c.obj)
                0x00000000000070d4                bt_conn_tx_processor
 .text.notify_le_param_updated
                0x0000000000007334       0x8c zephyr/subsys/bluetooth/host/libsubsys__bluetooth__host.a(conn.c.obj)
                0x0000000000007334                notify_le_param_updated
 .text.le_param_req
                0x00000000000073c0       0x78 zephyr/subsys/bluetooth/host/libsubsys__bluetooth__host.a(conn.c.obj)
                0x00000000000073c0                le_param_req
 .text.bt_conn_cb_register
                0x0000000000007438       0x30 zephyr/subsys/bluetooth/host/libsubsys__bluetooth__host.a(conn.c.obj)
                0x0000000000007438                bt_conn_cb_register
 .text.bt_conn_add_le
                0x0000000000007468       0x54 zephyr/subsys/bluetooth/host/libsubsys__bluetooth__host.a(conn.c.obj)
                0x0000000000007468                bt_conn_add_le
 .text.bt_conn_lookup_addr_le
                0x00000000000074bc       0x34 zephyr/subsys/bluetooth/host/libsubsys__bluetooth__host.a(conn.c.obj)
                0x00000000000074bc                bt_conn_lookup_addr_le
 .text.bt_conn_exists_le
                0x00000000000074f0       0x70 zephyr/subsys/bluetooth/host/libsubsys__bluetooth__host.a(conn.c.obj)
                0x00000000000074f0                bt_conn_exists_le
 .text.bt_conn_lookup_state_le
                0x0000000000007560       0x44 zephyr/subsys/bluetooth/host/libsubsys__bluetooth__host.a(conn.c.obj)
                0x0000000000007560                bt_conn_lookup_state_le
 .text.send_conn_le_param_update
                0x00000000000075a4       0x68 zephyr/subsys/bluetooth/host/libsubsys__bluetooth__host.a(conn.c.obj)
 .text.deferred_work
                0x000000000000760c      0x100 zephyr/subsys/bluetooth/host/libsubsys__bluetooth__host.a(conn.c.obj)
 .text.bt_conn_lookup_index
                0x000000000000770c       0x10 zephyr/subsys/bluetooth/host/libsubsys__bluetooth__host.a(conn.c.obj)
                0x000000000000770c                bt_conn_lookup_index
 .text.bt_conn_init
                0x000000000000771c       0x44 zephyr/subsys/bluetooth/host/libsubsys__bluetooth__host.a(conn.c.obj)
                0x000000000000771c                bt_conn_init
 .text.l2cap_create_le_sig_pdu.part.0
                0x0000000000007760       0x1c zephyr/subsys/bluetooth/host/libsubsys__bluetooth__host.a(l2cap.c.obj)
 .text.l2cap_accept.part.0
                0x000000000000777c       0x30 zephyr/subsys/bluetooth/host/libsubsys__bluetooth__host.a(l2cap.c.obj)
 .text.l2cap_accept
                0x00000000000077ac       0x1c zephyr/subsys/bluetooth/host/libsubsys__bluetooth__host.a(l2cap.c.obj)
 .text.bt_l2cap_connected
                0x00000000000077c8       0x98 zephyr/subsys/bluetooth/host/libsubsys__bluetooth__host.a(l2cap.c.obj)
                0x00000000000077c8                bt_l2cap_connected
 .text.bt_l2cap_create_pdu_timeout
                0x0000000000007860       0x34 zephyr/subsys/bluetooth/host/libsubsys__bluetooth__host.a(l2cap.c.obj)
                0x0000000000007860                bt_l2cap_create_pdu_timeout
 .text.bt_l2cap_send_pdu
                0x0000000000007894       0x5c zephyr/subsys/bluetooth/host/libsubsys__bluetooth__host.a(l2cap.c.obj)
                0x0000000000007894                bt_l2cap_send_pdu
 .text.l2cap_data_pull
                0x00000000000078f0      0x108 zephyr/subsys/bluetooth/host/libsubsys__bluetooth__host.a(l2cap.c.obj)
                0x00000000000078f0                l2cap_data_pull
 .text.l2cap_recv.part.0
                0x00000000000079f8       0xa4 zephyr/subsys/bluetooth/host/libsubsys__bluetooth__host.a(l2cap.c.obj)
 .text.l2cap_recv
                0x0000000000007a9c       0x24 zephyr/subsys/bluetooth/host/libsubsys__bluetooth__host.a(l2cap.c.obj)
 .text.bt_l2cap_recv
                0x0000000000007ac0       0x58 zephyr/subsys/bluetooth/host/libsubsys__bluetooth__host.a(l2cap.c.obj)
                0x0000000000007ac0                bt_l2cap_recv
 .text.bt_l2cap_update_conn_param
                0x0000000000007b18       0x50 zephyr/subsys/bluetooth/host/libsubsys__bluetooth__host.a(l2cap.c.obj)
                0x0000000000007b18                bt_l2cap_update_conn_param
 .text.att_op_get_type
                0x0000000000007b68       0x74 zephyr/subsys/bluetooth/host/libsubsys__bluetooth__host.a(att.c.obj)
 .text.bt_att_released
                0x0000000000007bdc        0xc zephyr/subsys/bluetooth/host/libsubsys__bluetooth__host.a(att.c.obj)
 .text.bt_att_connected
                0x0000000000007be8       0x38 zephyr/subsys/bluetooth/host/libsubsys__bluetooth__host.a(att.c.obj)
 .text.bt_addr_le_to_str.constprop.0.isra.0
                0x0000000000007c20       0x78 zephyr/subsys/bluetooth/host/libsubsys__bluetooth__host.a(att.c.obj)
 .text.read_group_cb
                0x0000000000007c98       0xb8 zephyr/subsys/bluetooth/host/libsubsys__bluetooth__host.a(att.c.obj)
 .text.bt_att_accept
                0x0000000000007d50      0x120 zephyr/subsys/bluetooth/host/libsubsys__bluetooth__host.a(att.c.obj)
 .text.read_type_cb
                0x0000000000007e70       0xac zephyr/subsys/bluetooth/host/libsubsys__bluetooth__host.a(att.c.obj)
 .text.bt_att_chan_create_pdu
                0x0000000000007f1c       0xbc zephyr/subsys/bluetooth/host/libsubsys__bluetooth__host.a(att.c.obj)
 .text.find_type_cb
                0x0000000000007fd8      0x164 zephyr/subsys/bluetooth/host/libsubsys__bluetooth__host.a(att.c.obj)
 .text.chan_send
                0x000000000000813c       0xe0 zephyr/subsys/bluetooth/host/libsubsys__bluetooth__host.a(att.c.obj)
 .text.att_tx_destroy
                0x000000000000821c      0x10c zephyr/subsys/bluetooth/host/libsubsys__bluetooth__host.a(att.c.obj)
 .text.bt_att_recv
                0x0000000000008328       0xc8 zephyr/subsys/bluetooth/host/libsubsys__bluetooth__host.a(att.c.obj)
 .text.att_write_rsp.constprop.0
                0x00000000000083f0       0xc0 zephyr/subsys/bluetooth/host/libsubsys__bluetooth__host.a(att.c.obj)
 .text.att_get  0x00000000000084b0       0x4c zephyr/subsys/bluetooth/host/libsubsys__bluetooth__host.a(att.c.obj)
 .text.bt_att_create_pdu
                0x00000000000084fc       0x64 zephyr/subsys/bluetooth/host/libsubsys__bluetooth__host.a(att.c.obj)
                0x00000000000084fc                bt_att_create_pdu
 .text.bt_att_create_rsp_pdu
                0x0000000000008560       0x60 zephyr/subsys/bluetooth/host/libsubsys__bluetooth__host.a(att.c.obj)
                0x0000000000008560                bt_att_create_rsp_pdu
 .text.att_read_group_req
                0x00000000000085c0       0xf0 zephyr/subsys/bluetooth/host/libsubsys__bluetooth__host.a(att.c.obj)
 .text.att_read_mult_vl_req
                0x00000000000086b0       0x9c zephyr/subsys/bluetooth/host/libsubsys__bluetooth__host.a(att.c.obj)
 .text.att_read_mult_req
                0x000000000000874c       0x9c zephyr/subsys/bluetooth/host/libsubsys__bluetooth__host.a(att.c.obj)
 .text.att_read_rsp
                0x00000000000087e8       0x90 zephyr/subsys/bluetooth/host/libsubsys__bluetooth__host.a(att.c.obj)
 .text.att_read_type_req
                0x0000000000008878      0x114 zephyr/subsys/bluetooth/host/libsubsys__bluetooth__host.a(att.c.obj)
 .text.att_find_type_req
                0x000000000000898c       0xc0 zephyr/subsys/bluetooth/host/libsubsys__bluetooth__host.a(att.c.obj)
 .text.att_find_info_req
                0x0000000000008a4c       0x6c zephyr/subsys/bluetooth/host/libsubsys__bluetooth__host.a(att.c.obj)
 .text.bt_att_req_alloc
                0x0000000000008ab8       0x5c zephyr/subsys/bluetooth/host/libsubsys__bluetooth__host.a(att.c.obj)
                0x0000000000008ab8                bt_att_req_alloc
 .text.bt_att_req_free
                0x0000000000008b14       0x20 zephyr/subsys/bluetooth/host/libsubsys__bluetooth__host.a(att.c.obj)
                0x0000000000008b14                bt_att_req_free
 .text.att_handle_rsp
                0x0000000000008b34       0x84 zephyr/subsys/bluetooth/host/libsubsys__bluetooth__host.a(att.c.obj)
 .text.bt_att_disconnected
                0x0000000000008bb8       0xc0 zephyr/subsys/bluetooth/host/libsubsys__bluetooth__host.a(att.c.obj)
 .text.att_disconnect
                0x0000000000008c78       0x40 zephyr/subsys/bluetooth/host/libsubsys__bluetooth__host.a(att.c.obj)
 .text.att_timeout
                0x0000000000008cb8       0x58 zephyr/subsys/bluetooth/host/libsubsys__bluetooth__host.a(att.c.obj)
 .text.bt_att_set_tx_meta_data
                0x0000000000008d10       0x24 zephyr/subsys/bluetooth/host/libsubsys__bluetooth__host.a(att.c.obj)
                0x0000000000008d10                bt_att_set_tx_meta_data
 .text.db_hash_update
                0x0000000000008d34       0x24 zephyr/subsys/bluetooth/host/libsubsys__bluetooth__host.a(gatt.c.obj)
 .text.find_cf_cfg
                0x0000000000008d58       0x30 zephyr/subsys/bluetooth/host/libsubsys__bluetooth__host.a(gatt.c.obj)
 .text.find_sc_cfg
                0x0000000000008d88       0x24 zephyr/subsys/bluetooth/host/libsubsys__bluetooth__host.a(gatt.c.obj)
 .text.find_ccc_cfg
                0x0000000000008dac       0x28 zephyr/subsys/bluetooth/host/libsubsys__bluetooth__host.a(gatt.c.obj)
 .text.bt_gatt_attr_write_ccc
                0x0000000000008dd4       0xbc zephyr/subsys/bluetooth/host/libsubsys__bluetooth__host.a(gatt.c.obj)
                0x0000000000008dd4                bt_gatt_attr_write_ccc
 .text.clear_cf_cfg
                0x0000000000008e90       0x28 zephyr/subsys/bluetooth/host/libsubsys__bluetooth__host.a(gatt.c.obj)
 .text.sc_save  0x0000000000008eb8       0x60 zephyr/subsys/bluetooth/host/libsubsys__bluetooth__host.a(gatt.c.obj)
 .text.bt_gatt_attr_read.part.0
                0x0000000000008f18       0x1c zephyr/subsys/bluetooth/host/libsubsys__bluetooth__host.a(gatt.c.obj)
 .text.read_ppcp
                0x0000000000008f34       0x28 zephyr/subsys/bluetooth/host/libsubsys__bluetooth__host.a(gatt.c.obj)
 .text.disconnected_cb
                0x0000000000008f5c       0xa0 zephyr/subsys/bluetooth/host/libsubsys__bluetooth__host.a(gatt.c.obj)
 .text.cf_write
                0x0000000000008ffc       0x98 zephyr/subsys/bluetooth/host/libsubsys__bluetooth__host.a(gatt.c.obj)
 .text.sc_indicate_rsp
                0x0000000000009094       0x4c zephyr/subsys/bluetooth/host/libsubsys__bluetooth__host.a(gatt.c.obj)
 .text.bt_gatt_init
                0x00000000000090e0       0x78 zephyr/subsys/bluetooth/host/libsubsys__bluetooth__host.a(gatt.c.obj)
                0x00000000000090e0                bt_gatt_init
 .text.bt_gatt_attr_get_handle
                0x0000000000009158       0x60 zephyr/subsys/bluetooth/host/libsubsys__bluetooth__host.a(gatt.c.obj)
                0x0000000000009158                bt_gatt_attr_get_handle
 .text.bt_gatt_foreach_attr_type
                0x00000000000091b8       0xb4 zephyr/subsys/bluetooth/host/libsubsys__bluetooth__host.a(gatt.c.obj)
                0x00000000000091b8                bt_gatt_foreach_attr_type
 .text.db_hash_gen
                0x000000000000926c       0xd8 zephyr/subsys/bluetooth/host/libsubsys__bluetooth__host.a(gatt.c.obj)
 .text.db_hash_read
                0x0000000000009344       0x64 zephyr/subsys/bluetooth/host/libsubsys__bluetooth__host.a(gatt.c.obj)
 .text.db_hash_process
                0x00000000000093a8       0x14 zephyr/subsys/bluetooth/host/libsubsys__bluetooth__host.a(gatt.c.obj)
 .text.bt_gatt_attr_next
                0x00000000000093bc       0x24 zephyr/subsys/bluetooth/host/libsubsys__bluetooth__host.a(gatt.c.obj)
                0x00000000000093bc                bt_gatt_attr_next
 .text.bt_gatt_is_subscribed
                0x00000000000093e0      0x17c zephyr/subsys/bluetooth/host/libsubsys__bluetooth__host.a(gatt.c.obj)
                0x00000000000093e0                bt_gatt_is_subscribed
 .text.gatt_indicate
                0x000000000000955c       0xcc zephyr/subsys/bluetooth/host/libsubsys__bluetooth__host.a(gatt.c.obj)
 .text.bt_gatt_indicate
                0x0000000000009628       0xf0 zephyr/subsys/bluetooth/host/libsubsys__bluetooth__host.a(gatt.c.obj)
                0x0000000000009628                bt_gatt_indicate
 .text.sc_process
                0x0000000000009718       0x60 zephyr/subsys/bluetooth/host/libsubsys__bluetooth__host.a(gatt.c.obj)
 .text.update_ccc
                0x0000000000009778       0xf4 zephyr/subsys/bluetooth/host/libsubsys__bluetooth__host.a(gatt.c.obj)
 .text.gatt_notify
                0x000000000000986c       0x98 zephyr/subsys/bluetooth/host/libsubsys__bluetooth__host.a(gatt.c.obj)
 .text.bt_gatt_notify_cb
                0x0000000000009904       0xe8 zephyr/subsys/bluetooth/host/libsubsys__bluetooth__host.a(gatt.c.obj)
                0x0000000000009904                bt_gatt_notify_cb
 .text.notify_cb
                0x00000000000099ec      0x110 zephyr/subsys/bluetooth/host/libsubsys__bluetooth__host.a(gatt.c.obj)
 .text.bt_gatt_connected
                0x0000000000009afc       0x20 zephyr/subsys/bluetooth/host/libsubsys__bluetooth__host.a(gatt.c.obj)
                0x0000000000009afc                bt_gatt_connected
 .text.bt_gatt_att_max_mtu_changed
                0x0000000000009b1c       0x28 zephyr/subsys/bluetooth/host/libsubsys__bluetooth__host.a(gatt.c.obj)
                0x0000000000009b1c                bt_gatt_att_max_mtu_changed
 .text.bt_gatt_disconnected
                0x0000000000009b44       0x48 zephyr/subsys/bluetooth/host/libsubsys__bluetooth__host.a(gatt.c.obj)
                0x0000000000009b44                bt_gatt_disconnected
 .text.bt_smp_accept.part.0
                0x0000000000009b8c       0x30 zephyr/subsys/bluetooth/host/libsubsys__bluetooth__host.a(smp_null.c.obj)
 .text.bt_smp_accept
                0x0000000000009bbc       0x1c zephyr/subsys/bluetooth/host/libsubsys__bluetooth__host.a(smp_null.c.obj)
 .text.adc_gain_invert
                0x0000000000009bd8       0x2c zephyr/drivers/adc/libdrivers__adc.a(adc_common.c.obj)
                0x0000000000009bd8                adc_gain_invert
 .text.adc_context_start_sampling.part.0.constprop.0
                0x0000000000009c04       0x3c zephyr/drivers/adc/libdrivers__adc.a(adc_nrfx_saadc.c.obj)
 .text.adc_context_start_sampling.constprop.0
                0x0000000000009c40       0x1c zephyr/drivers/adc/libdrivers__adc.a(adc_nrfx_saadc.c.obj)
 .text.adc_context_on_timer_expired
                0x0000000000009c5c       0x24 zephyr/drivers/adc/libdrivers__adc.a(adc_nrfx_saadc.c.obj)
 .text.init_saadc.part.0.isra.0
                0x0000000000009c80       0x3c zephyr/drivers/adc/libdrivers__adc.a(adc_nrfx_saadc.c.obj)
 .text.init_saadc
                0x0000000000009cbc       0x50 zephyr/drivers/adc/libdrivers__adc.a(adc_nrfx_saadc.c.obj)
 .text.event_handler
                0x0000000000009d0c      0x17c zephyr/drivers/adc/libdrivers__adc.a(adc_nrfx_saadc.c.obj)
 .text.adc_nrfx_channel_setup
                0x0000000000009e88      0x190 zephyr/drivers/adc/libdrivers__adc.a(adc_nrfx_saadc.c.obj)
 .text.adc_nrfx_read
                0x000000000000a018      0x24c zephyr/drivers/adc/libdrivers__adc.a(adc_nrfx_saadc.c.obj)
 .text.bt_ipc_send
                0x000000000000a264       0x4c zephyr/drivers/bluetooth/libdrivers__bluetooth.a(ipc.c.obj)
 .text.hci_ept_recv
                0x000000000000a2b0      0x210 zephyr/drivers/bluetooth/libdrivers__bluetooth.a(ipc.c.obj)
 .text.bt_ipc_open
                0x000000000000a4c0       0x7c zephyr/drivers/bluetooth/libdrivers__bluetooth.a(ipc.c.obj)
 .text.bt_ipc_close
                0x000000000000a53c       0x50 zephyr/drivers/bluetooth/libdrivers__bluetooth.a(ipc.c.obj)
 .text.bt_hci_transport_setup
                0x000000000000a58c       0x18 zephyr/drivers/bluetooth/libdrivers__bluetooth.a(nrf53_support.c.obj)
                0x000000000000a58c                bt_hci_transport_setup
 .text.onoff_stop
                0x000000000000a5a4       0x30 zephyr/drivers/clock_control/libdrivers__clock_control.a(clock_control_nrf.c.obj)
 .text.onoff_start
                0x000000000000a5d4       0x44 zephyr/drivers/clock_control/libdrivers__clock_control.a(clock_control_nrf.c.obj)
 .text.generic_hfclk_stop
                0x000000000000a618       0x34 zephyr/drivers/clock_control/libdrivers__clock_control.a(clock_control_nrf.c.obj)
 .text.clk_init
                0x000000000000a64c       0x64 zephyr/drivers/clock_control/libdrivers__clock_control.a(clock_control_nrf.c.obj)
 .text.api_blocking_start
                0x000000000000a6b0       0x3c zephyr/drivers/clock_control/libdrivers__clock_control.a(clock_control_nrf.c.obj)
 .text.clkstarted_handle.constprop.0
                0x000000000000a6ec       0x4c zephyr/drivers/clock_control/libdrivers__clock_control.a(clock_control_nrf.c.obj)
 .text.generic_hfclk_start
                0x000000000000a738       0x78 zephyr/drivers/clock_control/libdrivers__clock_control.a(clock_control_nrf.c.obj)
 .text.clock_event_handler
                0x000000000000a7b0       0x34 zephyr/drivers/clock_control/libdrivers__clock_control.a(clock_control_nrf.c.obj)
 .text.z_nrf_clock_control_lf_on
                0x000000000000a7e4       0xf8 zephyr/drivers/clock_control/libdrivers__clock_control.a(clock_control_nrf.c.obj)
                0x000000000000a7e4                z_nrf_clock_control_lf_on
 .text.uart_console_init
                0x000000000000a8dc       0x28 zephyr/drivers/console/libdrivers__console.a(uart_console.c.obj)
 .text.console_out
                0x000000000000a904       0x28 zephyr/drivers/console/libdrivers__console.a(uart_console.c.obj)
 .text.gpio_nrfx_pin_interrupt_configure
                0x000000000000a92c      0x120 zephyr/drivers/gpio/libdrivers__gpio.a(gpio_nrfx.c.obj)
 .text.nrfx_gpio_handler
                0x000000000000aa4c       0x4c zephyr/drivers/gpio/libdrivers__gpio.a(gpio_nrfx.c.obj)
 .text.gpio_nrfx_init
                0x000000000000aa98       0x48 zephyr/drivers/gpio/libdrivers__gpio.a(gpio_nrfx.c.obj)
 .text.gpio_nrfx_pin_configure
                0x000000000000aae0      0x18c zephyr/drivers/gpio/libdrivers__gpio.a(gpio_nrfx.c.obj)
 .text.mbox_nrf_init
                0x000000000000ac6c       0x9c zephyr/drivers/mbox/libdrivers__mbox.a(mbox_nrfx_ipc.c.obj)
 .text.mbox_nrf_set_enabled
                0x000000000000ad08       0x94 zephyr/drivers/mbox/libdrivers__mbox.a(mbox_nrfx_ipc.c.obj)
 .text.mbox_nrf_send
                0x000000000000ad9c       0x44 zephyr/drivers/mbox/libdrivers__mbox.a(mbox_nrfx_ipc.c.obj)
 .text.mbox_dispatcher
                0x000000000000ade0       0x60 zephyr/drivers/mbox/libdrivers__mbox.a(mbox_nrfx_ipc.c.obj)
 .text.nrf_gpio_pin_port_decode
                0x000000000000ae40       0x24 zephyr/drivers/pinctrl/libdrivers__pinctrl.a(pinctrl_nrf.c.obj)
 .text.pinctrl_configure_pins
                0x000000000000ae64      0x1a0 zephyr/drivers/pinctrl/libdrivers__pinctrl.a(pinctrl_nrf.c.obj)
                0x000000000000ae64                pinctrl_configure_pins
 .text.uarte_nrfx_poll_out
                0x000000000000b004       0xb4 zephyr/drivers/serial/libdrivers__serial.a(uart_nrfx_uarte.c.obj)
 .text.uarte_0_init
                0x000000000000b0b8      0x11c zephyr/drivers/serial/libdrivers__serial.a(uart_nrfx_uarte.c.obj)
 .text.compare_int_lock
                0x000000000000b1d4       0x40 zephyr/drivers/timer/libdrivers__timer.a(nrf_rtc_timer.c.obj)
 .text.sys_clock_timeout_handler
                0x000000000000b214       0x48 zephyr/drivers/timer/libdrivers__timer.a(nrf_rtc_timer.c.obj)
 .text.compare_int_unlock
                0x000000000000b25c       0x4c zephyr/drivers/timer/libdrivers__timer.a(nrf_rtc_timer.c.obj)
 .text.z_nrf_rtc_timer_read
                0x000000000000b2a8       0x44 zephyr/drivers/timer/libdrivers__timer.a(nrf_rtc_timer.c.obj)
                0x000000000000b2a8                z_nrf_rtc_timer_read
 .text.compare_set
                0x000000000000b2ec      0x124 zephyr/drivers/timer/libdrivers__timer.a(nrf_rtc_timer.c.obj)
 .text.sys_clock_driver_init
                0x000000000000b410       0x90 zephyr/drivers/timer/libdrivers__timer.a(nrf_rtc_timer.c.obj)
 .text.rtc_nrf_isr
                0x000000000000b4a0       0xd0 zephyr/drivers/timer/libdrivers__timer.a(nrf_rtc_timer.c.obj)
                0x000000000000b4a0                rtc_nrf_isr
 .text.sys_clock_set_timeout
                0x000000000000b570       0x5c zephyr/drivers/timer/libdrivers__timer.a(nrf_rtc_timer.c.obj)
                0x000000000000b570                sys_clock_set_timeout
 .text.sys_clock_elapsed
                0x000000000000b5cc       0x14 zephyr/drivers/timer/libdrivers__timer.a(nrf_rtc_timer.c.obj)
                0x000000000000b5cc                sys_clock_elapsed
 .text.dk_set_led.part.0
                0x000000000000b5e0       0x18 modules/nrf/lib/dk_buttons_and_leds/lib..__nrf__lib__dk_buttons_and_leds.a(dk_buttons_and_leds.c.obj)
 .text.get_buttons.part.0
                0x000000000000b5f8       0x18 modules/nrf/lib/dk_buttons_and_leds/lib..__nrf__lib__dk_buttons_and_leds.a(dk_buttons_and_leds.c.obj)
 .text.get_buttons
                0x000000000000b610       0x5c modules/nrf/lib/dk_buttons_and_leds/lib..__nrf__lib__dk_buttons_and_leds.a(dk_buttons_and_leds.c.obj)
 .text.dk_set_leds_state.part.0
                0x000000000000b66c       0x58 modules/nrf/lib/dk_buttons_and_leds/lib..__nrf__lib__dk_buttons_and_leds.a(dk_buttons_and_leds.c.obj)
 .text.callback_ctrl
                0x000000000000b6c4       0xa4 modules/nrf/lib/dk_buttons_and_leds/lib..__nrf__lib__dk_buttons_and_leds.a(dk_buttons_and_leds.c.obj)
 .text.button_pressed
                0x000000000000b768       0x6c modules/nrf/lib/dk_buttons_and_leds/lib..__nrf__lib__dk_buttons_and_leds.a(dk_buttons_and_leds.c.obj)
 .text.buttons_scan_fn
                0x000000000000b7d4      0x104 modules/nrf/lib/dk_buttons_and_leds/lib..__nrf__lib__dk_buttons_and_leds.a(dk_buttons_and_leds.c.obj)
 .text.dk_leds_init
                0x000000000000b8d8       0x40 modules/nrf/lib/dk_buttons_and_leds/lib..__nrf__lib__dk_buttons_and_leds.a(dk_buttons_and_leds.c.obj)
                0x000000000000b8d8                dk_leds_init
 .text.dk_read_buttons
                0x000000000000b918       0x20 modules/nrf/lib/dk_buttons_and_leds/lib..__nrf__lib__dk_buttons_and_leds.a(dk_buttons_and_leds.c.obj)
                0x000000000000b918                dk_read_buttons
 .text.dk_buttons_init
                0x000000000000b938      0x11c modules/nrf/lib/dk_buttons_and_leds/lib..__nrf__lib__dk_buttons_and_leds.a(dk_buttons_and_leds.c.obj)
                0x000000000000b938                dk_buttons_init
 .text.dk_set_led
                0x000000000000ba54       0x3c modules/nrf/lib/dk_buttons_and_leds/lib..__nrf__lib__dk_buttons_and_leds.a(dk_buttons_and_leds.c.obj)
                0x000000000000ba54                dk_set_led
 .text._heap_init
                0x000000000000ba90       0x10 modules/nrf/subsys/nrf_security/src/zephyr/libmbedtls_zephyr.a(mbedtls_heap.c.obj)
                0x000000000000ba90                _heap_init
 .text.nrf53_errata_42
                0x000000000000baa0       0x24 modules/hal_nordic/modules/hal_nordic/nrfx/libmodules__hal_nordic__nrfx.a(system_nrf5340_application.c.obj)
 .text.SystemInit
                0x000000000000bac4      0x1c4 modules/hal_nordic/modules/hal_nordic/nrfx/libmodules__hal_nordic__nrfx.a(system_nrf5340_application.c.obj)
                0x000000000000bac4                SystemInit
 .text.nrfx_flag32_alloc
                0x000000000000bc88       0x40 modules/hal_nordic/modules/hal_nordic/nrfx/libmodules__hal_nordic__nrfx.a(nrfx_flag32_allocator.c.obj)
                0x000000000000bc88                nrfx_flag32_alloc
 .text.nrfx_flag32_free
                0x000000000000bcc8       0x38 modules/hal_nordic/modules/hal_nordic/nrfx/libmodules__hal_nordic__nrfx.a(nrfx_flag32_allocator.c.obj)
                0x000000000000bcc8                nrfx_flag32_free
 .text.nrfx_gppi_channels_enable
                0x000000000000bd00        0xc modules/hal_nordic/modules/hal_nordic/nrfx/libmodules__hal_nordic__nrfx.a(nrfx_gppi_dppi.c.obj)
                0x000000000000bd00                nrfx_gppi_channels_enable
 .text.nrfx_gppi_channel_alloc
                0x000000000000bd0c        0xc modules/hal_nordic/modules/hal_nordic/nrfx/libmodules__hal_nordic__nrfx.a(nrfx_gppi_dppi.c.obj)
                0x000000000000bd0c                nrfx_gppi_channel_alloc
 .text.clock_stop
                0x000000000000bd18       0xf4 modules/hal_nordic/modules/hal_nordic/nrfx/libmodules__hal_nordic__nrfx.a(nrfx_clock.c.obj)
 .text.nrfx_clock_init
                0x000000000000be0c       0x20 modules/hal_nordic/modules/hal_nordic/nrfx/libmodules__hal_nordic__nrfx.a(nrfx_clock.c.obj)
                0x000000000000be0c                nrfx_clock_init
 .text.nrfx_clock_enable
                0x000000000000be2c       0x30 modules/hal_nordic/modules/hal_nordic/nrfx/libmodules__hal_nordic__nrfx.a(nrfx_clock.c.obj)
                0x000000000000be2c                nrfx_clock_enable
 .text.nrfx_clock_start
                0x000000000000be5c       0xd0 modules/hal_nordic/modules/hal_nordic/nrfx/libmodules__hal_nordic__nrfx.a(nrfx_clock.c.obj)
                0x000000000000be5c                nrfx_clock_start
 .text.nrfx_power_clock_irq_handler
                0x000000000000bf2c       0x70 modules/hal_nordic/modules/hal_nordic/nrfx/libmodules__hal_nordic__nrfx.a(nrfx_clock.c.obj)
                0x000000000000bf2c                nrfx_power_clock_irq_handler
 .text.nrfx_dppi_channel_alloc
                0x000000000000bf9c       0x10 modules/hal_nordic/modules/hal_nordic/nrfx/libmodules__hal_nordic__nrfx.a(nrfx_dppi.c.obj)
                0x000000000000bf9c                nrfx_dppi_channel_alloc
 .text.nrf_gpio_pin_port_decode
                0x000000000000bfac       0x24 modules/hal_nordic/modules/hal_nordic/nrfx/libmodules__hal_nordic__nrfx.a(nrfx_gpiote.c.obj)
 .text.get_pin_idx
                0x000000000000bfd0       0x14 modules/hal_nordic/modules/hal_nordic/nrfx/libmodules__hal_nordic__nrfx.a(nrfx_gpiote.c.obj)
 .text.call_handler.constprop.0
                0x000000000000bfe4       0x40 modules/hal_nordic/modules/hal_nordic/nrfx/libmodules__hal_nordic__nrfx.a(nrfx_gpiote.c.obj)
 .text.pin_te_get.constprop.0
                0x000000000000c024       0x18 modules/hal_nordic/modules/hal_nordic/nrfx/libmodules__hal_nordic__nrfx.a(nrfx_gpiote.c.obj)
 .text.pin_is_output.constprop.0
                0x000000000000c03c       0x18 modules/hal_nordic/modules/hal_nordic/nrfx/libmodules__hal_nordic__nrfx.a(nrfx_gpiote.c.obj)
 .text.pin_in_use_by_te.constprop.0
                0x000000000000c054       0x18 modules/hal_nordic/modules/hal_nordic/nrfx/libmodules__hal_nordic__nrfx.a(nrfx_gpiote.c.obj)
 .text.latch_pending_read_and_check
                0x000000000000c06c       0x3c modules/hal_nordic/modules/hal_nordic/nrfx/libmodules__hal_nordic__nrfx.a(nrfx_gpiote.c.obj)
 .text.release_handler.isra.0
                0x000000000000c0a8       0x58 modules/hal_nordic/modules/hal_nordic/nrfx/libmodules__hal_nordic__nrfx.a(nrfx_gpiote.c.obj)
 .text.__nrfy_internal_gpiote_events_process.constprop.0
                0x000000000000c100       0x5c modules/hal_nordic/modules/hal_nordic/nrfx/libmodules__hal_nordic__nrfx.a(nrfx_gpiote.c.obj)
 .text.pin_uninit
                0x000000000000c15c       0x84 modules/hal_nordic/modules/hal_nordic/nrfx/libmodules__hal_nordic__nrfx.a(nrfx_gpiote.c.obj)
 .text.nrfx_gpiote_input_configure
                0x000000000000c1e0      0x180 modules/hal_nordic/modules/hal_nordic/nrfx/libmodules__hal_nordic__nrfx.a(nrfx_gpiote.c.obj)
                0x000000000000c1e0                nrfx_gpiote_input_configure
 .text.nrfx_gpiote_output_configure
                0x000000000000c360      0x104 modules/hal_nordic/modules/hal_nordic/nrfx/libmodules__hal_nordic__nrfx.a(nrfx_gpiote.c.obj)
                0x000000000000c360                nrfx_gpiote_output_configure
 .text.nrfx_gpiote_global_callback_set
                0x000000000000c464        0xc modules/hal_nordic/modules/hal_nordic/nrfx/libmodules__hal_nordic__nrfx.a(nrfx_gpiote.c.obj)
                0x000000000000c464                nrfx_gpiote_global_callback_set
 .text.nrfx_gpiote_channel_get
                0x000000000000c470       0x34 modules/hal_nordic/modules/hal_nordic/nrfx/libmodules__hal_nordic__nrfx.a(nrfx_gpiote.c.obj)
                0x000000000000c470                nrfx_gpiote_channel_get
 .text.nrfx_gpiote_init
                0x000000000000c4a4       0x48 modules/hal_nordic/modules/hal_nordic/nrfx/libmodules__hal_nordic__nrfx.a(nrfx_gpiote.c.obj)
                0x000000000000c4a4                nrfx_gpiote_init
 .text.nrfx_gpiote_init_check
                0x000000000000c4ec       0x14 modules/hal_nordic/modules/hal_nordic/nrfx/libmodules__hal_nordic__nrfx.a(nrfx_gpiote.c.obj)
                0x000000000000c4ec                nrfx_gpiote_init_check
 .text.nrfx_gpiote_channel_free
                0x000000000000c500       0x10 modules/hal_nordic/modules/hal_nordic/nrfx/libmodules__hal_nordic__nrfx.a(nrfx_gpiote.c.obj)
                0x000000000000c500                nrfx_gpiote_channel_free
 .text.nrfx_gpiote_channel_alloc
                0x000000000000c510       0x10 modules/hal_nordic/modules/hal_nordic/nrfx/libmodules__hal_nordic__nrfx.a(nrfx_gpiote.c.obj)
                0x000000000000c510                nrfx_gpiote_channel_alloc
 .text.nrfx_gpiote_trigger_enable
                0x000000000000c520       0xa8 modules/hal_nordic/modules/hal_nordic/nrfx/libmodules__hal_nordic__nrfx.a(nrfx_gpiote.c.obj)
                0x000000000000c520                nrfx_gpiote_trigger_enable
 .text.nrfx_gpiote_0_irq_handler
                0x000000000000c5c8      0x1a8 modules/hal_nordic/modules/hal_nordic/nrfx/libmodules__hal_nordic__nrfx.a(nrfx_gpiote.c.obj)
                0x000000000000c5c8                nrfx_gpiote_0_irq_handler
 .text.nrfx_ipc_init
                0x000000000000c770       0x30 modules/hal_nordic/modules/hal_nordic/nrfx/libmodules__hal_nordic__nrfx.a(nrfx_ipc.c.obj)
                0x000000000000c770                nrfx_ipc_init
 .text.nrfx_ipc_config_load
                0x000000000000c7a0       0x40 modules/hal_nordic/modules/hal_nordic/nrfx/libmodules__hal_nordic__nrfx.a(nrfx_ipc.c.obj)
                0x000000000000c7a0                nrfx_ipc_config_load
 .text.nrfx_ipc_receive_event_enable
                0x000000000000c7e0       0x10 modules/hal_nordic/modules/hal_nordic/nrfx/libmodules__hal_nordic__nrfx.a(nrfx_ipc.c.obj)
                0x000000000000c7e0                nrfx_ipc_receive_event_enable
 .text.nrfx_ipc_receive_event_disable
                0x000000000000c7f0       0x10 modules/hal_nordic/modules/hal_nordic/nrfx/libmodules__hal_nordic__nrfx.a(nrfx_ipc.c.obj)
                0x000000000000c7f0                nrfx_ipc_receive_event_disable
 .text.nrfx_ipc_irq_handler
                0x000000000000c800       0x40 modules/hal_nordic/modules/hal_nordic/nrfx/libmodules__hal_nordic__nrfx.a(nrfx_ipc.c.obj)
                0x000000000000c800                nrfx_ipc_irq_handler
 .text.saadc_channel_count_get
                0x000000000000c840       0x38 modules/hal_nordic/modules/hal_nordic/nrfx/libmodules__hal_nordic__nrfx.a(nrfx_saadc.c.obj)
 .text.saadc_busy_check
                0x000000000000c878       0x1c modules/hal_nordic/modules/hal_nordic/nrfx/libmodules__hal_nordic__nrfx.a(nrfx_saadc.c.obj)
 .text.saadc_pre_calibration_state_restore
                0x000000000000c894       0x64 modules/hal_nordic/modules/hal_nordic/nrfx/libmodules__hal_nordic__nrfx.a(nrfx_saadc.c.obj)
 .text.saadc_channels_deconfig
                0x000000000000c8f8       0x3c modules/hal_nordic/modules/hal_nordic/nrfx/libmodules__hal_nordic__nrfx.a(nrfx_saadc.c.obj)
 .text.__nrfy_internal_saadc_events_process.constprop.0
                0x000000000000c934       0x8c modules/hal_nordic/modules/hal_nordic/nrfx/libmodules__hal_nordic__nrfx.a(nrfx_saadc.c.obj)
 .text.saadc_channel_config
                0x000000000000c9c0       0x7c modules/hal_nordic/modules/hal_nordic/nrfx/libmodules__hal_nordic__nrfx.a(nrfx_saadc.c.obj)
 .text.saadc_generic_mode_set
                0x000000000000ca3c       0xc0 modules/hal_nordic/modules/hal_nordic/nrfx/libmodules__hal_nordic__nrfx.a(nrfx_saadc.c.obj)
 .text.nrfx_saadc_init
                0x000000000000cafc       0x94 modules/hal_nordic/modules/hal_nordic/nrfx/libmodules__hal_nordic__nrfx.a(nrfx_saadc.c.obj)
                0x000000000000cafc                nrfx_saadc_init
 .text.nrfx_saadc_channel_config
                0x000000000000cb90       0x20 modules/hal_nordic/modules/hal_nordic/nrfx/libmodules__hal_nordic__nrfx.a(nrfx_saadc.c.obj)
                0x000000000000cb90                nrfx_saadc_channel_config
 .text.nrfx_saadc_channels_configured_get
                0x000000000000cbb0        0xc modules/hal_nordic/modules/hal_nordic/nrfx/libmodules__hal_nordic__nrfx.a(nrfx_saadc.c.obj)
                0x000000000000cbb0                nrfx_saadc_channels_configured_get
 .text.nrfx_saadc_simple_mode_set
                0x000000000000cbbc       0x60 modules/hal_nordic/modules/hal_nordic/nrfx/libmodules__hal_nordic__nrfx.a(nrfx_saadc.c.obj)
                0x000000000000cbbc                nrfx_saadc_simple_mode_set
 .text.nrfx_saadc_advanced_mode_set
                0x000000000000cc1c       0xb4 modules/hal_nordic/modules/hal_nordic/nrfx/libmodules__hal_nordic__nrfx.a(nrfx_saadc.c.obj)
                0x000000000000cc1c                nrfx_saadc_advanced_mode_set
 .text.nrfx_saadc_buffer_set
                0x000000000000ccd0       0x8c modules/hal_nordic/modules/hal_nordic/nrfx/libmodules__hal_nordic__nrfx.a(nrfx_saadc.c.obj)
                0x000000000000ccd0                nrfx_saadc_buffer_set
 .text.nrfx_saadc_mode_trigger
                0x000000000000cd5c      0x160 modules/hal_nordic/modules/hal_nordic/nrfx/libmodules__hal_nordic__nrfx.a(nrfx_saadc.c.obj)
                0x000000000000cd5c                nrfx_saadc_mode_trigger
 .text.nrfx_saadc_offset_calibrate
                0x000000000000cebc       0xc8 modules/hal_nordic/modules/hal_nordic/nrfx/libmodules__hal_nordic__nrfx.a(nrfx_saadc.c.obj)
                0x000000000000cebc                nrfx_saadc_offset_calibrate
 .text.nrfx_saadc_irq_handler
                0x000000000000cf84      0x1a0 modules/hal_nordic/modules/hal_nordic/nrfx/libmodules__hal_nordic__nrfx.a(nrfx_saadc.c.obj)
                0x000000000000cf84                nrfx_saadc_irq_handler
 .text.metal_generic_dev_open
                0x000000000000d124       0x40 modules/libmetal/libmetal/lib/libmetal.a(device.c.obj)
                0x000000000000d124                metal_generic_dev_open
 .text.metal_bus_unregister
                0x000000000000d164       0x3c modules/libmetal/libmetal/lib/libmetal.a(device.c.obj)
                0x000000000000d164                metal_bus_unregister
 .text.metal_bus_find
                0x000000000000d1a0       0x3c modules/libmetal/libmetal/lib/libmetal.a(device.c.obj)
                0x000000000000d1a0                metal_bus_find
 .text.metal_bus_register
                0x000000000000d1dc       0x5c modules/libmetal/libmetal/lib/libmetal.a(device.c.obj)
                0x000000000000d1dc                metal_bus_register
 .text.metal_init
                0x000000000000d238       0x4c modules/libmetal/libmetal/lib/libmetal.a(init.c.obj)
                0x000000000000d238                metal_init
 .text.metal_finish
                0x000000000000d284       0x24 modules/libmetal/libmetal/lib/libmetal.a(init.c.obj)
                0x000000000000d284                metal_finish
 .text.metal_sys_init
                0x000000000000d2a8       0x10 modules/libmetal/libmetal/lib/libmetal.a(init.c.obj)
                0x000000000000d2a8                metal_sys_init
 .text.metal_sys_finish
                0x000000000000d2b8        0xc modules/libmetal/libmetal/lib/libmetal.a(init.c.obj)
                0x000000000000d2b8                metal_sys_finish
 .text.metal_zephyr_log_handler
                0x000000000000d2c4       0x3c modules/libmetal/libmetal/lib/libmetal.a(log.c.obj)
                0x000000000000d2c4                metal_zephyr_log_handler
 .text.virtio_create_virtqueues
                0x000000000000d300       0xbc modules/open-amp/open-amp/lib/libopen_amp.a(virtio.c.obj)
                0x000000000000d300                virtio_create_virtqueues
 .text.virtqueue_free
                0x000000000000d3bc       0x38 modules/open-amp/open-amp/lib/libopen_amp.a(virtqueue.c.obj)
                0x000000000000d3bc                virtqueue_free
 .text.virtqueue_add_consumed_buffer
                0x000000000000d3f4       0x38 modules/open-amp/open-amp/lib/libopen_amp.a(virtqueue.c.obj)
                0x000000000000d3f4                virtqueue_add_consumed_buffer
 .text.rpmsg_send_offchannel_raw
                0x000000000000d42c       0x2c modules/open-amp/open-amp/lib/libopen_amp.a(rpmsg.c.obj)
                0x000000000000d42c                rpmsg_send_offchannel_raw
 .text.rpmsg_send_offchannel_nocopy
                0x000000000000d458       0x2c modules/open-amp/open-amp/lib/libopen_amp.a(rpmsg.c.obj)
                0x000000000000d458                rpmsg_send_offchannel_nocopy
 .text.rpmsg_create_ept
                0x000000000000d484      0x114 modules/open-amp/open-amp/lib/libopen_amp.a(rpmsg.c.obj)
                0x000000000000d484                rpmsg_create_ept
 .text.rpmsg_virtio_buf_held_dec_test
                0x000000000000d598       0x38 modules/open-amp/open-amp/lib/libopen_amp.a(rpmsg_virtio.c.obj)
 .text.rpmsg_virtio_get_tx_buffer_size
                0x000000000000d5d0       0x4c modules/open-amp/open-amp/lib/libopen_amp.a(rpmsg_virtio.c.obj)
                0x000000000000d5d0                rpmsg_virtio_get_tx_buffer_size
 .text.rpmsg_virtio_get_rx_buffer_size
                0x000000000000d61c       0x4c modules/open-amp/open-amp/lib/libopen_amp.a(rpmsg_virtio.c.obj)
                0x000000000000d61c                rpmsg_virtio_get_rx_buffer_size
 .text.rpmsg_virtio_send_offchannel_raw
                0x000000000000d668       0x5c modules/open-amp/open-amp/lib/libopen_amp.a(rpmsg_virtio.c.obj)
 .text.rpmsg_init_vdev_with_config
                0x000000000000d6c4      0x2a0 modules/open-amp/open-amp/lib/libopen_amp.a(rpmsg_virtio.c.obj)
                0x000000000000d6c4                rpmsg_init_vdev_with_config
 .text.rpmsg_init_vdev
                0x000000000000d964       0x2c modules/open-amp/open-amp/lib/libopen_amp.a(rpmsg_virtio.c.obj)
                0x000000000000d964                rpmsg_init_vdev
 .text.k_sys_fatal_error_handler
                0x000000000000d990       0x20 zephyr/kernel/libkernel.a(fatal.c.obj)
                0x000000000000d990                k_sys_fatal_error_handler
 .text.z_fatal_error
                0x000000000000d9b0       0xe8 zephyr/kernel/libkernel.a(fatal.c.obj)
                0x000000000000d9b0                z_fatal_error
 .text.z_sys_init_run_level
                0x000000000000da98       0x30 zephyr/kernel/libkernel.a(init.c.obj)
 .text.bg_thread_main
                0x000000000000dac8       0xc4 zephyr/kernel/libkernel.a(init.c.obj)
 .text.z_bss_zero
                0x000000000000db8c       0x18 zephyr/kernel/libkernel.a(init.c.obj)
                0x000000000000db8c                z_bss_zero
 .text.z_init_cpu
                0x000000000000dba4       0x68 zephyr/kernel/libkernel.a(init.c.obj)
                0x000000000000dba4                z_init_cpu
 .text.z_cstart
                0x000000000000dc0c       0xd8 zephyr/kernel/libkernel.a(init.c.obj)
                0x000000000000dc0c                z_cstart
 .text.statics_init
                0x000000000000dce4       0x24 zephyr/kernel/libkernel.a(kheap.c.obj)
 .text.init_mem_slab_obj_core_list
                0x000000000000dd08       0x24 zephyr/kernel/libkernel.a(mem_slab.c.obj)
 .text.k_mem_slab_alloc
                0x000000000000dd2c       0x5c zephyr/kernel/libkernel.a(mem_slab.c.obj)
                0x000000000000dd2c                k_mem_slab_alloc
 .text.z_impl_k_mutex_lock
                0x000000000000dd88       0xf0 zephyr/kernel/libkernel.a(mutex.c.obj)
                0x000000000000dd88                z_impl_k_mutex_lock
 .text.z_impl_k_mutex_unlock
                0x000000000000de78       0xa0 zephyr/kernel/libkernel.a(mutex.c.obj)
                0x000000000000de78                z_impl_k_mutex_unlock
 .text.z_impl_k_queue_get
                0x000000000000df18       0x64 zephyr/kernel/libkernel.a(queue.c.obj)
                0x000000000000df18                z_impl_k_queue_get
 .text.z_impl_k_sem_give
                0x000000000000df7c       0x74 zephyr/kernel/libkernel.a(sem.c.obj)
                0x000000000000df7c                z_impl_k_sem_give
 .text.z_impl_k_sem_take
                0x000000000000dff0       0x4c zephyr/kernel/libkernel.a(sem.c.obj)
                0x000000000000dff0                z_impl_k_sem_take
 .text.k_sys_work_q_init
                0x000000000000e03c       0x2c zephyr/kernel/libkernel.a(system_work_q.c.obj)
 .text.work_queue_main
                0x000000000000e068      0x14c zephyr/kernel/libkernel.a(work.c.obj)
 .text.cancel_sync_locked
                0x000000000000e1b4       0x3c zephyr/kernel/libkernel.a(work.c.obj)
 .text.submit_to_queue_locked
                0x000000000000e1f0       0xb8 zephyr/kernel/libkernel.a(work.c.obj)
 .text.work_flush_locked
                0x000000000000e2a8       0x78 zephyr/kernel/libkernel.a(work.c.obj)
 .text.k_work_submit
                0x000000000000e320        0xc zephyr/kernel/libkernel.a(work.c.obj)
                0x000000000000e320                k_work_submit
 .text.k_work_queue_start
                0x000000000000e32c       0x80 zephyr/kernel/libkernel.a(work.c.obj)
                0x000000000000e32c                k_work_queue_start
 .text.k_work_queue_drain
                0x000000000000e3ac       0x78 zephyr/kernel/libkernel.a(work.c.obj)
                0x000000000000e3ac                k_work_queue_drain
 .text.k_work_schedule_for_queue
                0x000000000000e424       0x54 zephyr/kernel/libkernel.a(work.c.obj)
                0x000000000000e424                k_work_schedule_for_queue
 .text.k_work_schedule
                0x000000000000e478        0xc zephyr/kernel/libkernel.a(work.c.obj)
                0x000000000000e478                k_work_schedule
 .text.k_work_reschedule_for_queue
                0x000000000000e484       0x5c zephyr/kernel/libkernel.a(work.c.obj)
                0x000000000000e484                k_work_reschedule_for_queue
 .text.k_work_reschedule
                0x000000000000e4e0        0xc zephyr/kernel/libkernel.a(work.c.obj)
                0x000000000000e4e0                k_work_reschedule
 .text.z_setup_new_thread
                0x000000000000e4ec       0x7c zephyr/kernel/libkernel.a(thread.c.obj)
                0x000000000000e4ec                z_setup_new_thread
 .text.z_impl_k_thread_create
                0x000000000000e568       0x58 zephyr/kernel/libkernel.a(thread.c.obj)
                0x000000000000e568                z_impl_k_thread_create
 .text.z_dummy_thread_init
                0x000000000000e5c0       0x20 zephyr/kernel/libkernel.a(thread.c.obj)
                0x000000000000e5c0                z_dummy_thread_init
 .text.z_swap_irqlock
                0x000000000000e5e0       0x30 zephyr/kernel/libkernel.a(sched.c.obj)
 .text.ready_thread
                0x000000000000e610       0x84 zephyr/kernel/libkernel.a(sched.c.obj)
 .text.unready_thread
                0x000000000000e694       0x54 zephyr/kernel/libkernel.a(sched.c.obj)
 .text.add_thread_timeout
                0x000000000000e6e8       0x1c zephyr/kernel/libkernel.a(sched.c.obj)
 .text.move_thread_to_end_of_prio_q
                0x000000000000e704       0x90 zephyr/kernel/libkernel.a(sched.c.obj)
                0x000000000000e704                move_thread_to_end_of_prio_q
 .text.z_pend_curr
                0x000000000000e794       0x44 zephyr/kernel/libkernel.a(sched.c.obj)
                0x000000000000e794                z_pend_curr
 .text.z_thread_prio_set
                0x000000000000e7d8       0xe4 zephyr/kernel/libkernel.a(sched.c.obj)
                0x000000000000e7d8                z_thread_prio_set
 .text.z_reschedule
                0x000000000000e8bc       0x24 zephyr/kernel/libkernel.a(sched.c.obj)
                0x000000000000e8bc                z_reschedule
 .text.z_reschedule_irqlock
                0x000000000000e8e0       0x28 zephyr/kernel/libkernel.a(sched.c.obj)
                0x000000000000e8e0                z_reschedule_irqlock
 .text.k_sched_lock
                0x000000000000e908       0x28 zephyr/kernel/libkernel.a(sched.c.obj)
                0x000000000000e908                k_sched_lock
 .text.k_sched_unlock
                0x000000000000e930       0x68 zephyr/kernel/libkernel.a(sched.c.obj)
                0x000000000000e930                k_sched_unlock
 .text.z_sched_init
                0x000000000000e998       0x10 zephyr/kernel/libkernel.a(sched.c.obj)
                0x000000000000e998                z_sched_init
 .text.z_impl_k_yield
                0x000000000000e9a8       0x88 zephyr/kernel/libkernel.a(sched.c.obj)
                0x000000000000e9a8                z_impl_k_yield
 .text.z_tick_sleep
                0x000000000000ea30       0x78 zephyr/kernel/libkernel.a(sched.c.obj)
 .text.z_impl_k_wakeup
                0x000000000000eaa8       0x48 zephyr/kernel/libkernel.a(sched.c.obj)
                0x000000000000eaa8                z_impl_k_wakeup
 .text.z_impl_k_sched_current_thread_query
                0x000000000000eaf0        0xc zephyr/kernel/libkernel.a(sched.c.obj)
                0x000000000000eaf0                z_impl_k_sched_current_thread_query
 .text.z_thread_abort
                0x000000000000eafc      0x138 zephyr/kernel/libkernel.a(sched.c.obj)
                0x000000000000eafc                z_thread_abort
 .text.z_sched_wait
                0x000000000000ec34       0x24 zephyr/kernel/libkernel.a(sched.c.obj)
                0x000000000000ec34                z_sched_wait
 .text.slice_timeout
                0x000000000000ec58       0x20 zephyr/kernel/libkernel.a(timeslicing.c.obj)
 .text.thread_is_sliceable
                0x000000000000ec78       0x3c zephyr/kernel/libkernel.a(timeslicing.c.obj)
                0x000000000000ec78                thread_is_sliceable
 .text.z_reset_time_slice